05-27 04:32:55.172: W/Babel_CronetHttpRequestSender(15199): 	at org.chromium.net.ChromiumUrlRequest.finish(SourceFile:2501)
05-27 04:32:55.202: I/art(15199): Note: end time exceeds epoch: 
05-27 04:32:55.222: I/dex2oat(15488): /system/bin/dex2oat --zip-fd=11 --zip-location=/data/app/androidx.test.tools.crawler-1/base.apk --oat-fd=12 --oat-location=/data/dalvik-cache/arm64/data@app@androidx.test.tools.crawler-1@base.apk@classes.dex --instruction-set=arm64 --instruction-set-features=default --runtime-arg -Xms64m --runtime-arg -Xmx512m
05-27 04:32:55.252: E/YouTube MDX(15356): Bogus value in shared preferences for key MdxServerSelection value , returning default value.
05-27 04:32:55.272: I/Auth(9448): [AccountStatusChecker] OnDataChanged check: <ELLIDED:-632956651>
05-27 04:32:55.272: I/Auth(9448): [AccountStatusChecker] Canceling for <ELLIDED:-632956651>
05-27 04:32:55.292: I/System(15298): core_booster, getBoosterConfig = false
05-27 04:32:55.292: I/System(15298): core_booster, getBoosterConfig = false
05-27 04:32:55.322: I/art(15356): Can not find class: Lcom/google/android/gms/dynamite/DynamiteModule$DynamiteLoaderClassLoader;
05-27 04:32:55.322: W/DynamiteModule(15356): Failed to load module via V2: java.lang.ClassNotFoundException: Didn't find class "com.google.android.gms.dynamite.DynamiteModule$DynamiteLoaderClassLoader" on path: DexPathList[[zip file "/system/app/YouTube/YouTube.apk"],nativeLibraryDirectories=[/system/app/YouTube/lib/arm64, /vendor/lib64, /system/lib64]]
05-27 04:32:55.332: I/PG Utils(15356): acquire_providerpkg:[com.google.android.gms] pid:[]  maybe timeout , send to PG
05-27 04:32:55.332: I/PG Utils(9448): acquire_providerpkg:[com.google.android.gsf] pid:[]  maybe timeout , send to PG
05-27 04:32:55.342: I/DynamiteModule(15356): Considering local module com.google.android.gms.ads.dynamite:0 and remote module com.google.android.gms.ads.dynamite:21001
05-27 04:32:55.342: I/DynamiteModule(15356): Selected remote version of com.google.android.gms.ads.dynamite, version >= 21001
05-27 04:32:55.362: W/ChimeraDebugLogger(15356): Singleton logger instance not set.
05-27 04:32:55.372: I/art(15356): Can not find class: Lcom/google/android/chimeraresources/R$id;
05-27 04:32:55.452: I/dex2oat(15517): /system/bin/dex2oat --runtime-arg -classpath --runtime-arg  --instruction-set=arm64 --instruction-set-features=default --runtime-arg -Xrelocate --notify --boot-image=/system/framework/boot.art --dex-file=/data/data/com.google.android.youtube/cache/1570054248636.jar --oat-fd=46 --oat-location=/data/data/com.google.android.youtube/cache/1570054248636.dex --runtime-arg -Xms64m --runtime-arg -Xmx512m
05-27 04:32:55.462: I/PackageManager(2946): notifyDex2oat: |--runtime-arg|-classpath|--runtime-arg||--instruction-set=arm64|--instruction-set-features=default|--runtime-arg|-Xrelocate|--notify|--boot-image=/system/framework/boot.art|--dex-file=/data/data/com.google.android.youtube/cache/1570054248636.jar|--oat-fd=46|--oat-location=/data/data/com.google.android.youtube/cache/1570054248636.dex|--runtime-arg|-Xms64m|--runtime-arg|-Xmx512m
05-27 04:32:55.462: I/dex2oat(15517): Verify none mode specified, skipping verification.
05-27 04:32:55.472: W/ContextImpl(15356): Failed to ensure directory: /storage/sdcard1/Android/data/com.google.android.youtube/cache
05-27 04:32:55.492: I/dex2oat(15517): dex2oat took 38.155ms (threads: 8)
05-27 04:32:55.502: I/art(15356): Can not find class: Lorg/robolectric/Robolectric;
05-27 04:32:55.512: I/art(15356): Can not find class: Lcom/google/protobuf/DescriptorMessageInfoFactory;
05-27 04:32:55.512: I/art(15356): Can not find class: Lcom/google/protobuf/GeneratedMessage;
05-27 04:32:55.512: I/art(15356): Can not find class: Lcom/google/protobuf/UnknownFieldSetSchema;
05-27 04:32:55.512: I/art(15356): Can not find class: Lcom/google/protobuf/UnknownFieldSetSchema;
05-27 04:32:55.512: I/art(15356): Can not find class: Lcom/google/protobuf/NewInstanceSchemaFull;
05-27 04:32:55.512: I/art(15356): Can not find class: Lcom/google/protobuf/ExtensionSchemaFull;
05-27 04:32:55.512: I/art(15356): Can not find class: Lcom/google/protobuf/MapFieldSchemaFull;
05-27 04:32:55.532: I/art(15356): Can not find class: Lcom/google/android/ads/z__/x;
05-27 04:32:55.532: I/art(15356): Can not find class: Lcom/google/android/ads/z__/o;
05-27 04:32:55.532: I/art(15356): Can not find class: Lcom/google/android/ads/z__/y;
05-27 04:32:55.532: I/art(15356): Can not find class: Lcom/google/android/ads/z__/w;
05-27 04:32:55.532: I/art(15356): Can not find class: Lcom/google/android/ads/z__/v;
05-27 04:32:55.542: I/art(15356): Can not find class: Lcom/google/android/ads/z__/ah;
05-27 04:32:55.542: I/art(15356): Can not find class: Lcom/google/android/ads/z__/t;
05-27 04:32:55.542: I/art(15356): Can not find class: Lcom/google/android/ads/z__/n;
05-27 04:32:55.542: I/art(15356): Can not find class: Lcom/google/android/ads/z__/l;
05-27 04:32:55.542: I/art(15356): Can not find class: Lcom/google/android/ads/z__/ae;
05-27 04:32:55.542: I/art(15356): Can not find class: Lcom/google/android/ads/z__/ac;
05-27 04:32:55.542: I/art(15356): Can not find class: Lcom/google/android/ads/z__/p;
05-27 04:32:55.542: I/art(15356): Can not find class: Lcom/google/android/ads/z__/af;
05-27 04:32:55.542: I/art(15356): Can not find class: Lcom/google/android/ads/z__/r;
05-27 04:32:55.542: I/art(15356): Can not find class: Lcom/google/android/ads/z__/aa;
05-27 04:32:55.542: I/art(15356): Can not find class: Lcom/google/android/ads/z__/k;
05-27 04:32:55.542: I/art(15356): Can not find class: Lcom/google/android/ads/z__/s;
05-27 04:32:55.552: I/art(15356): Can not find class: Lcom/google/android/ads/z__/z;
05-27 04:32:55.552: I/art(15356): Can not find class: Lcom/google/android/ads/z__/m;
05-27 04:32:55.552: I/art(15356): Can not find class: Lcom/google/android/ads/z__/u;
05-27 04:32:55.552: I/art(15356): Can not find class: Lcom/google/android/ads/z__/i;
05-27 04:32:55.552: I/art(15356): Can not find class: Lcom/google/android/ads/z__/ag;
05-27 04:32:55.552: I/art(15356): Can not find class: Lcom/google/android/ads/z__/q;
05-27 04:32:55.552: I/art(15356): Can not find class: Lcom/google/android/ads/z__/ab;
05-27 04:32:55.552: I/art(15356): Can not find class: Lcom/google/android/ads/z__/ad;
05-27 04:32:55.562: I/art(15356): Can not find class: Lcom/google/android/ads/z__/c;
05-27 04:32:55.562: I/art(15356): Can not find class: Lcom/google/android/ads/z__/d;
05-27 04:32:55.562: I/art(15356): Can not find class: Lcom/google/android/ads/z__/e;
05-27 04:32:55.562: I/art(15356): Can not find class: Lcom/google/android/ads/z__/b;
05-27 04:32:55.562: I/art(15356): Can not find class: Lcom/google/android/ads/z__/b;
05-27 04:32:55.562: I/art(15356): Can not find class: Lcom/google/android/ads/z__/g;
05-27 04:32:55.602: I/System(15356): core_booster, getBoosterConfig = false
05-27 04:32:55.612: I/art(15356): Can not find class: Lcom/google/android/ads/z__/a;
05-27 04:32:55.932: I/GAV2(15136): Thread[GAThread,5,main]: No campaign data found.
05-27 04:32:55.942: W/ContextImpl(15356): Failed to ensure directory: /storage/sdcard1/Android/data/com.google.android.youtube/cache
05-27 04:32:55.952: W/ContextImpl(15356): Failed to ensure directory: /storage/sdcard1/Android/data/com.google.android.youtube/files
05-27 04:32:55.952: W/ContextImpl(15356): Failed to ensure directory: /storage/sdcard1/Android/data/com.google.android.youtube/files
05-27 04:32:55.972: W/InstanceID/Rpc(15356): Found 10010
05-27 04:32:55.972: I/ActivityManager(2946): filter receiver for action = com.google.android.gms.gcm.ACTION_SCHEDULE
05-27 04:32:56.102: I/ActivityManager(2946): filter receiver for action = com.google.android.gms.gcm.ACTION_SCHEDULE
05-27 04:32:56.122: W/ContextImpl(15356): Failed to ensure directory: /storage/sdcard1/Android/data/com.google.android.youtube/cache
05-27 04:32:56.142: I/ActivityManager(2946): filter receiver for action = com.google.android.gms.gcm.ACTION_SCHEDULE
05-27 04:32:56.302: E/WifiStateMachine(2946):  ConnectedState !CMD_RSSI_POLL 1 0 "wl-ftl-mt89-1-24" 44:48:c1:a5:96:80 rssi=-57 f=2462 sc=100 link=72 tx=53.3, 0.0, 0.0  rx=151.4 bcn=0 [on:0 tx:0 rx:0 period:3003] from screen [on:0 period:1441276786] gl u24 rssi=-57 ag=0 hr ticks 0,0,0 ls-=0 [56,56,60,60,65] brc=0 lrc=0
05-27 04:32:56.302: E/WifiStateMachine(2946):  L2ConnectedState !CMD_RSSI_POLL 1 0 "wl-ftl-mt89-1-24" 44:48:c1:a5:96:80 rssi=-57 f=2462 sc=100 link=72 tx=53.3, 0.0, 0.0  rx=151.4 bcn=0 [on:0 tx:0 rx:0 period:1] from screen [on:0 period:1441276787] gl u24 rssi=-57 ag=0 hr ticks 0,0,0 ls-=0 [56,56,60,60,65] brc=0 lrc=0
05-27 04:32:56.302: E/WifiStateMachine(2946): fetchRssiLinkSpeedAndFrequencyNative rssi=-57 linkspeed=72 SSID="wl-ftl-mt89-1-24"
05-27 04:32:56.302: E/WifiStateMachine(2946): calculateWifiScore freq=2462 speed=72 score=100 highRSSI  -> txbadrate=0.00 txgoodrate=97.16 txretriesrate=0.00 rxrate=195.68 userTriggerdPenalty0
05-27 04:32:56.302: E/WifiStateMachine(2946):  good link -> stuck count =0
05-27 04:32:56.302: E/WifiStateMachine(2946):  badRSSI count0 lowRSSI count0 --> score 60
05-27 04:32:56.302: E/WifiStateMachine(2946):  isHighRSSI       ---> score=65
05-27 04:32:56.442: I/PG Utils(13050): acquire_providerpkg:[com.google.android.gsf] pid:[]  maybe timeout , send to PG
05-27 04:32:56.452: I/HwSystemManager(3837): HoldService:uid:10009 pid:14745 died
05-27 04:32:56.452: I/HwSystemManager(3837): BgPowerManagerService:onProcessDied uid = 10009
05-27 04:32:56.452: I/HwSystemManager(3837): HoldService:oldVersionKey:10009,14745
05-27 04:32:56.452: E/HsmCoreServiceImpl(2946): onTransact in code is: 102
05-27 04:32:56.452: I/MediaProcessHandler(2946): processOp opType: 1, uid: 10009, pid: 14745
05-27 04:32:56.452: W/MediaProcessHandler(2946): remove target not exist, maybe the UI process: uid: 10009, pid: 14745
05-27 04:32:57.072: I/PG Utils(15579): acquire_providerpkg:[com.android.providers.media] pid:[]  maybe timeout , send to PG
05-27 04:32:57.742: I/PG Utils(15579): acquire_providerpkg:[com.google.android.gsf] pid:[]  maybe timeout , send to PG
05-27 04:32:57.742: I/PG Utils(15579): acquire_providerpkg:[com.android.providers.contacts] pid:[]  maybe timeout , send to PG
05-27 04:32:58.002: I/HwSystemManager(3837): BgPowerManagerService:onProcessDied uid = 10013
05-27 04:32:58.002: I/HwSystemManager(3837): HoldService:uid:10013 pid:13587 died
05-27 04:32:58.002: I/HwSystemManager(3837): HoldService:oldVersionKey:10013,13587
05-27 04:32:58.002: E/HsmCoreServiceImpl(2946): onTransact in code is: 102
05-27 04:32:58.002: I/MediaProcessHandler(2946): processOp opType: 1, uid: 10013, pid: 13587
05-27 04:32:58.002: W/MediaProcessHandler(2946): remove target not exist, maybe the UI process: uid: 10013, pid: 13587
05-27 04:32:58.692: I/dex2oat(15488): dex2oat took 3.469s (threads: 8)
05-27 04:32:58.872: I/ActivityManager(2946): filter receiver for action = android.intent.action.PACKAGE_CHANGED
05-27 04:32:58.872: I/HwLauncher(3581): Model  onReceive intent=Intent { act=android.intent.action.PACKAGE_CHANGED dat=package:com.google.android.music flg=0x4000010 (has extras) }
05-27 04:32:58.872: I/HwLauncher(3581): Model replacing = false package = com.google.android.music
05-27 04:32:58.872: I/HwSystemManager(3837): HsmPackageManager:Receive intent:Intent { act=android.intent.action.PACKAGE_CHANGED dat=package:com.google.android.music flg=0x4000010 (has extras) }
05-27 04:32:58.872: I/HwSystemManager(3837): HsmPackageManager:replacing:false
05-27 04:32:58.872: I/HwSystemManager(3837): HsmPackageManager:pkgName:com.google.android.music
05-27 04:32:58.872: I/HwLauncher(3581): MutilSelectedIconsonPreHandleUpdatedTask : mIsInMutilSelectMode = false task = 2 packages = [com.google.android.music]
05-27 04:32:58.872: I/HwLauncher(3581): SimpleLauncherModeaction= android.intent.action.PACKAGE_CHANGEDpackageName = com.google.android.music
05-27 04:32:58.872: I/HwLauncher(3581): Model mAllAppsList.updatePackage com.google.android.music
05-27 04:32:58.872: I/HwSystemManager(3837): HsmPackageManager:doAppChanged, put com.google.android.music, path:/system/app/Music2
05-27 04:32:58.882: I/HwLauncher(3581): AllIdleAppsList  updatePackage : package[com.google.android.music] matched activity's size is 1 and data List size is 49
05-27 04:32:58.882: I/InputReader(2946): Reconfiguring input devices.  changes=0x00000010
05-27 04:32:58.882: I/ActivityManager(2946): filter receiver for action = android.intent.action.PACKAGE_ADDED
05-27 04:32:58.882: W/Settings(2946): Setting install_non_market_apps has moved from android.provider.Settings.Global to android.provider.Settings.Secure, returning read-only value.
05-27 04:32:58.892: I/HwSystemManager(3837): HsmPackageManager:Receive intent:Intent { act=android.intent.action.PACKAGE_ADDED dat=package:androidx.test.tools.crawler flg=0x4000010 (has extras) }
05-27 04:32:58.892: I/HwSystemManager(3837): HsmPackageManager:replacing:false
05-27 04:32:58.892: I/HwSystemManager(3837): HsmPackageManager:pkgName:androidx.test.tools.crawler
05-27 04:32:58.892: I/InputReader(2946): Reconfiguring input devices.  changes=0x00000010
05-27 04:32:58.892: I/HwLauncher(3581): Model  onReceive intent=Intent { act=android.intent.action.PACKAGE_ADDED dat=package:androidx.test.tools.crawler flg=0x4000010 (has extras) }
05-27 04:32:58.892: I/HwLauncher(3581): Model replacing = false package = androidx.test.tools.crawler
05-27 04:32:58.892: I/HwLauncher(3581): MutilSelectedIconsonPreHandleUpdatedTask : mIsInMutilSelectMode = false task = 1 packages = [androidx.test.tools.crawler]
05-27 04:32:58.892: I/HwLauncher(3581): SimpleLauncherModeaction= android.intent.action.PACKAGE_ADDEDpackageName = androidx.test.tools.crawler
05-27 04:32:58.892: W/HwLauncher(3581): SimpleLauncherMode onReceive : It's normal Launcher now, do not handle add packages
05-27 04:32:58.892: I/HwSystemManager(3837): HsmPackageManager:doAppInstalled, installed: androidx.test.tools.crawler
05-27 04:32:58.892: I/art(6269): Can not find class: Ldalvik/system/Zygote;
05-27 04:32:58.892: I/HwSystemManager(3837): HomeCategoryRule:match is not HOME apk: androidx.test.tools.crawler
05-27 04:32:58.892: I/HwSystemManager(3837): yw:needFilterOut result:false
05-27 04:32:58.892: I/HwSystemManager(3837): ww:replaceLockStatus:androidx.test.tools.crawler, 0
05-27 04:32:58.902: I/HwLauncher(3581): Launcher.Utilities createIconBitmap classname = null, sourceWidth = 114, sourceHeight = 114
05-27 04:32:58.912: I/HwLauncher(3581): Launcher.IconCache, cacheLocked end Utilities.createIconBitmap entry.title = Play Music
05-27 04:32:58.912: I/HwLauncher(3581): Model shortcutInfo.title = Play Music
05-27 04:32:58.912: I/HwLauncher(3581): SimpleLauncherModemAllAppsList.updatePackage com.google.android.music
05-27 04:32:58.912: I/HwLauncher(3581): Workspace updateShortcuts apps.size() 1
05-27 04:32:58.912: I/HwLauncher(3581): Launcher.Folder childCount: 9
05-27 04:32:58.912: I/HwLauncher(3581): Launcher.Folder updateFolderShortcuts shortcutInfo = Play Music
05-27 04:32:58.912: I/HwLauncher(3581): SimpleAllAppsList  updatePackage : package[com.google.android.music] matched activity's size is 1 and data List size is 0
05-27 04:32:58.912: I/HwLauncher(3581): Launcher.Folder childCount: 9
05-27 04:32:58.912: E/HideAppsPagedView(3581):  syncPages mCurrentPage = 0
05-27 04:32:58.912: I/HwSystemManager(3837): ahr:onReceive  action is com.huawei.android.action.GET_PACKAGE_INSTALLATION_INFO
05-27 04:32:58.922: I/HwLauncher(3581): SimpleAllAppsList  findAndUpdateInfoInDB : found 0 shortcutInfo for package[com.google.android.music] in db
05-27 04:32:58.922: I/HwLauncher(3581): SimpleAllAppsList  updatePackage do not add new SimpleApplicationInfo,It's in normal now. package = com.google.android.music
05-27 04:32:58.922: W/HwLauncher(3581): SimpleLauncherModeNobody to tell about the new app.  Launcher is probably loading.
05-27 04:32:58.922: I/HwLauncher(3581): Model mAllAppsList.addPackage androidx.test.tools.crawler
05-27 04:32:58.922: E/HideAppsPagedView(3581):  syncAppsPageItems page = 0 mNumAppsPages = 1 mCurrentPage = 0
05-27 04:32:58.922: E/HideAppsPagedView(3581):  createAddIcon count = 0
05-27 04:32:58.932: I/HwLauncher(3581):  FPSMonitor snapToPage whichPage = 0 delta = 0 duration = 550
05-27 04:32:58.932: I/HwLauncher(3581): Launcher Deferring update until onResume
05-27 04:32:58.932: I/HwLauncher(3581): Launcher Deferring update until onResume
05-27 04:32:59.142: I/art(2946): Explicit concurrent mark sweep GC freed 102048(5MB) AllocSpace objects, 27(888KB) LOS objects, 33% free, 28MB/42MB, paused 2.416ms total 245.076ms
05-27 04:32:59.222: W/ContextImpl(15668): Failed to ensure directory: /storage/sdcard1/Android/data/com.google.android.apps.maps/files
05-27 04:32:59.232: W/ContextImpl(15668): Failed to ensure directory: /storage/sdcard1/Android/data/com.google.android.apps.maps/files
05-27 04:32:59.242: I/HwSystemManager(3837): ContactsObserverHelper:onContactsChanged: Start to handle contacts change message
05-27 04:32:59.242: I/HwSystemManager(3837): bbe:onPreContactsChange: Starts
05-27 04:32:59.242: I/HwSystemManager(3837): ContactsObserver:onPreContactsChange: Starts
05-27 04:32:59.252: I/HwSystemManager(3837): ContactsObserver:loadLocalContacts: No contacts
05-27 04:32:59.252: I/PG Utils(3837): acquire_providerpkg:[com.android.providers.contacts] pid:[]  maybe timeout , send to PG
05-27 04:32:59.262: I/HwSystemManager(3837): ContactsObserverHelper:applyContactsUpdate: Starts
05-27 04:32:59.262: I/HwSystemManager(3837): bbe:onContactsChange: Starts
05-27 04:32:59.262: I/HwSystemManager(3837): ContactsObserverHelper:applyContactsUpdate: Ends
05-27 04:32:59.302: E/WifiStateMachine(2946):  ConnectedState !CMD_RSSI_POLL 1 0 "wl-ftl-mt89-1-24" 44:48:c1:a5:96:80 rssi=-57 f=2462 sc=100 link=72 tx=97.2, 0.0, 0.0  rx=195.7 bcn=0 [on:0 tx:0 rx:0 period:3004] from screen [on:0 period:1441279795] gl u24 rssi=-57 ag=0 hr ticks 0,0,0 ls-=0 [56,56,60,60,65] brc=0 lrc=0
05-27 04:32:59.312: E/WifiStateMachine(2946):  L2ConnectedState !CMD_RSSI_POLL 1 0 "wl-ftl-mt89-1-24" 44:48:c1:a5:96:80 rssi=-57 f=2462 sc=100 link=72 tx=97.2, 0.0, 0.0  rx=195.7 bcn=0 [on:0 tx:0 rx:0 period:1] from screen [on:0 period:1441279796] gl u24 rssi=-57 ag=0 hr ticks 0,0,0 ls-=0 [56,56,60,60,65] brc=0 lrc=0
05-27 04:32:59.312: E/WifiStateMachine(2946): fetchRssiLinkSpeedAndFrequencyNative rssi=-58 linkspeed=72 SSID="wl-ftl-mt89-1-24"
05-27 04:32:59.312: E/WifiStateMachine(2946): calculateWifiScore freq=2462 speed=72 score=100 highRSSI  -> txbadrate=0.00 txgoodrate=49.08 txretriesrate=0.00 rxrate=134.34 userTriggerdPenalty0
05-27 04:32:59.312: E/WifiStateMachine(2946):  good link -> stuck count =0
05-27 04:32:59.312: E/WifiStateMachine(2946):  badRSSI count0 lowRSSI count0 --> score 60
05-27 04:32:59.312: E/WifiStateMachine(2946):  isHighRSSI       ---> score=65
05-27 04:32:59.582: W/art(15668): Verification of void com.google.c.f.w.<clinit>() took 186.590ms
05-27 04:32:59.632: I/System(15668): core_booster, getBoosterConfig = false
05-27 04:32:59.632: I/System(15668): core_booster, getBoosterConfig = false
05-27 04:32:59.662: I/appproc(15754): CLASSPATH=/system/framework/appops.jar
05-27 04:32:59.662: I/appproc(15754): Command=app_process /system/bin com.android.commands.appops.AppOpsCommand set calcu.calculator 46 allow 
05-27 04:32:59.662: I/appproc(15754): app_process:number,6,0
05-27 04:32:59.662: I/AndroidRuntime(15754): readDownloadBoosterConfig: 'false'
05-27 04:32:59.722: I/ActivityManager(2946): filter receiver for action = android.intent.action.DROPBOX_ENTRY_ADDED
05-27 04:32:59.732: I/HwSystemManager(3837): BgPowerManagerService:onProcessDied uid = 10026
05-27 04:32:59.732: I/HwSystemManager(3837): HoldService:uid:10026 pid:8611 died
05-27 04:32:59.732: I/HwSystemManager(3837): HoldService:oldVersionKey:10026,8611
05-27 04:32:59.732: I/PG Utils(15668): acquire_providerpkg:[com.google.android.gsf] pid:[]  maybe timeout , send to PG
05-27 04:32:59.732: E/HsmCoreServiceImpl(2946): onTransact in code is: 102
05-27 04:32:59.732: I/MediaProcessHandler(2946): processOp opType: 1, uid: 10026, pid: 8611
05-27 04:32:59.732: W/MediaProcessHandler(2946): remove target not exist, maybe the UI process: uid: 10026, pid: 8611
05-27 04:32:59.742: W/ChimeraUtils(9448): Non Chimera context
05-27 04:32:59.762: I/art(13050): Can not find class: Landroid/os/LocaleList;
05-27 04:32:59.782: I/Auth(9448): [BroadcastManager] Broadcasting account change.
05-27 04:32:59.802: I/amwn(9448): Scheduling Phenotype for a PhenotypeSyncImmediately(5, null) one off with window [1, 2] in seconds [CONTEXT service_id=51 ]
05-27 04:32:59.812: I/PmtsSwAccountIntentOp(13050): Processing intent action=android.accounts.LOGIN_ACCOUNTS_CHANGED
05-27 04:32:59.812: I/PmtsSwAccountIntentOp(13050): Device isn't of sufficient API level
05-27 04:32:59.812: I/ActivityManager(2946): filter receiver for action = com.google.android.gms.auth.GOOGLE_ACCOUNT_CHANGE
05-27 04:32:59.822: W/WakefulBroadcastReceiv.(9448): No active wake lock id #1
05-27 04:32:59.822: I/PG Utils(9448): acquire_providerpkg:[com.google.android.gsf] pid:[]  maybe timeout , send to PG
05-27 04:32:59.822: I/PG Utils(13050): acquire_providerpkg:[com.google.android.gsf] pid:[]  maybe timeout , send to PG
05-27 04:32:59.832: I/ActivityManager(2946): filter receiver for action = com.google.android.gms.gcm.ACTION_SCHEDULE
05-27 04:32:59.832: I/PG Utils(13050): acquire_providerpkg:[com.google.android.gsf] pid:[]  maybe timeout , send to PG
05-27 04:32:59.852: I/PG Utils(13050): acquire_providerpkg:[com.google.android.gsf] pid:[]  maybe timeout , send to PG
05-27 04:32:59.862: I/PG Utils(13050): acquire_providerpkg:[com.google.android.gsf] pid:[]  maybe timeout , send to PG
05-27 04:32:59.862: I/PG Utils(13050): acquire_providerpkg:[com.google.android.gsf] pid:[]  maybe timeout , send to PG
05-27 04:32:59.872: I/PG Utils(13050): acquire_providerpkg:[com.google.android.gsf] pid:[]  maybe timeout , send to PG
05-27 04:32:59.882: I/HwEmailTag(15778): MailAppProvider->onCreate->begin, consuming 1590579179883ms->-prefixstartupperformance-
05-27 04:32:59.882: I/ActivityManager(2946): filter receiver for action = com.google.android.gms.gcm.ACTION_SCHEDULE
05-27 04:32:59.892: I/GamesDatabaseHelper(13050): Bootstrapping database version: 2302
05-27 04:32:59.892: I/PG Utils(13050): acquire_providerpkg:[com.google.android.gsf] pid:[]  maybe timeout , send to PG
05-27 04:32:59.902: I/HwEmailTag(15778): MailAppProvider->onCreate->end, consuming 1590579179910ms->-prefixstartupperformance-
05-27 04:32:59.902: I/HwEmailTag(15778): [ 05-27 04:32:59.912 15754:15754 I/         ]
05-27 04:32:59.902: I/HwEmailTag(15778): power log dlsym ok
05-27 04:32:59.912: I/HwCust(15778): Constructor found for class com.android.email.service.HwCustImapServiceImpl
05-27 04:32:59.922: I/HwCust(15778): Constructor found for class com.android.email.HwCustUtilityImpl
05-27 04:32:59.922: I/HwCust(15778): Constructor found for class com.android.email.provider.HwCustEmailProviderImpl
05-27 04:32:59.922: I/HwCust(15778): Constructor found for class com.android.email.activity.setup.HwCustEmailInviteResponseImpl
05-27 04:32:59.932: I/HwEmailTag(15778): EmailProvider->onCreate->start. -prefixstartupperformance-
05-27 04:32:59.932: I/HwEmailTag(15778): EmailProvider->onCreate->start. -prefixstartupperformance-
05-27 04:32:59.932: I/HwEmailTag(15778): HwUtils->initStaticVarsAsync
05-27 04:32:59.932: I/HwEmailTag(15778): HwUtils->initStaticVarsAsync
05-27 04:32:59.942: I/HwCust(15778): Constructor found for class com.android.emailcommon.provider.HwCustPolicyImpl
05-27 04:32:59.952: I/HwEmailTag(15778): EmailContent->init->consuming:17ms->;-prefixstartupperformance-
05-27 04:32:59.952: I/HwEmailTag(15778): EmailProvider->sURIMatcher is initialized
05-27 04:32:59.952: I/HwEmailTag(15778): EmailProvider->INTEGRITY_CHECK_URI != null
05-27 04:32:59.962: I/HwEmailTag(15778): EmailProvider->onCreate->end, consuming 34ms->-prefixstartupperformance-
05-27 04:32:59.962: I/HwEmailTag(15778): EmailProvider->onCreate->end, consuming 35ms->-prefixstartupperformance-
05-27 04:32:59.962: I/HwEmailTag(15778): EmailProvider->resetVisibleLimits->start:1590579179974 ->-prefixstartupperformance-
05-27 04:32:59.962: I/HwEmailTag(15778): EmailProvider->resetVisibleLimits->start:1590579179975 ->-prefixstartupperformance-
05-27 04:32:59.972: I/HwCust(15778): Constructor found for class com.huawei.email.provider.HwCustRecipientDBHelperImpl
05-27 04:32:59.972: E/android_hardware_fm.cpp(15754): register_android_hardware_fm_fmradio
05-27 04:32:59.972: I/android_hardware_fm.cpp(15754): ========64bit long size = 8
05-27 04:32:59.972: E/FM_HAL(15754): [FM_HAL], libname is libhisifm_if
05-27 04:32:59.982: I/fm_hisi(15754): FM::[fm_device_open:4655] fm_device_open
05-27 04:32:59.982: I/fm_hisi(15754): FM::[fm_device_open:4666] find the id:libhisifm_if and begins to open the device
05-27 04:32:59.982: I/fm_hisi(15754): FM::[fm_device_open:4710] device open sucess
05-27 04:32:59.982: I/HwEmailTag(15778): HwUtils->initStaticVarsAsync->run:consuming:47ms; bidiFormatter:android.support.v4.text.BidiFormatter@2b1af1cb;accountsProjSize:42
05-27 04:32:59.982: E/android_hardware_fm.cpp(15754): register_android_hardware_fm_fmradio, ret is 0
05-27 04:32:59.982: I/PG Utils(15668): acquire_providerpkg:[com.google.android.gsf] pid:[]  maybe timeout , send to PG
05-27 04:32:59.982: I/HwEmailTag(15778): HwUtils->initStaticVarsAsync->run:consuming:52ms; bidiFormatter:android.support.v4.text.BidiFormatter@2b1af1cb;accountsProjSize:42
05-27 04:32:59.982: I/HwEmailTag(15778): DBHelper->onOpen-> EmailProvider.db
05-27 04:32:59.982: I/HwEmailTag(15778): EmailApplication->onCreate->begin, consuming 59ms->-prefixstartupperformance-
05-27 04:32:59.992: I/HwEmailTag(15778): EmailApplication->triggerPeriodSyncForAllAccountsDelayed->delay start.
05-27 04:32:59.992: I/HwCust(15778): Constructor found for class com.huawei.email.utils.HwCustSignatureHelperImpl
05-27 04:32:59.992: I/HwCust(15778): Constructor found for class com.huawei.email.utils.HwCustSignatureUtilsImpl
05-27 04:32:59.992: I/HwEmailTag(15778): EmailApplication->onCreate->end, consuming 64ms->-prefixstartupperformance-
05-27 04:32:59.992: I/HwEmailTag(15778): EmailBroadcastReceiver->onReceive->action:android.accounts.LOGIN_ACCOUNTS_CHANGED
05-27 04:32:59.992: I/HwEmailTag(15778): EmailProvider->getDatabase->-prefixstartupperformance-database, consuming = 30ms.
05-27 04:32:59.992: I/HwLauncher(3581): Model  onReceive intent=Intent { act=android.intent.action.TIME_TICK flg=0x50000014 (has extras) }
05-27 04:33:00.002: I/HwEmailTag(15778): EmailBroadcastProcessorService->onCreate
05-27 04:33:00.002: I/HwEmailTag(15778): EmailBroadcastProcessorService->onStartCommand->action is broadcast_receiver
05-27 04:33:00.002: I/HwEmailTag(15778): EmailBroadcastProcessorService->onHandleIntent->action is broadcast_receiver
05-27 04:33:00.002: I/HwEmailTag(14590): ExchangeBroadcastReceiver->onReceive->action:android.accounts.LOGIN_ACCOUNTS_CHANGED
05-27 04:33:00.002: I/HwEmailTag(14590): ExchangeBroadcastProcessorService->processLoginAccountsChanged->
05-27 04:33:00.002: I/TimeManager(3139): receiver action = android.intent.action.TIME_TICK
05-27 04:33:00.012: I/HwEmailTag(15778): DBHelper->onOpen-> EmailProvider.db
05-27 04:33:00.012: I/TimeManager(3139): send message delay millis = 60984 ms
05-27 04:33:00.012: I/TimeManager(3139): hand message 1
05-27 04:33:00.012: I/TimeManager(3139): notify time change. size = 2
05-27 04:33:00.012: I/TimeLayout(3139): time = 4:33 AM
05-27 04:33:00.012: I/HwEmailTag(15778): EmailBroadcastProcessorService->System accounts updated.
05-27 04:33:00.012: I/TimeLayout(3139): updateDate date = 5/27/2020
05-27 04:33:00.012: I/TimeLayout(3139): weekDay = Wednesday
05-27 04:33:00.032: I/PG Utils(9448): acquire_providerpkg:[com.google.android.gsf] pid:[]  maybe timeout , send to PG
05-27 04:33:00.032: I/HwEmailTag(14590): ExchangeBroadcastProcessorService->onHandleIntent->action is login_accounts_changed_broadcast_receiver
05-27 04:33:00.032: I/HwEmailTag(14590): ExchangeBroadcastProcessorService->onLoginAccountsChanged->
05-27 04:33:00.062: I/HwEmailTag(15778): EmailProvider->initBuildCache->start->1590579180072->-prefixstartupperformance-
05-27 04:33:00.062: I/HwEmailTag(15778): EmailProvider->buildCache->end, consuming:1ms;
05-27 04:33:00.062: I/HwEmailTag(15778): EmailProvider->initBuildCache->start->1590579180072; consuming:1->-prefixstartupperformance-
05-27 04:33:00.062: I/HwEmailTag(15778): EmailProvider->resetVisibleLimits->getDatabase, consuming:100ms;-prefixstartupperformance-
05-27 04:33:00.062: I/HwEmailTag(15778): EmailProvider->uiAccounts->start:1590579180074
05-27 04:33:00.062: I/HwEmailTag(15778): EmailProvider->startupperformance->resetVisibleLimits->no account, return directly.
05-27 04:33:00.072: I/PG Utils(13050): acquire_providerpkg:[com.google.android.gsf] pid:[]  maybe timeout , send to PG
05-27 04:33:00.072: I/HwEmailTag(15778): DBHelper->onOpen-> EmailProvider.db
05-27 04:33:00.072: I/HwEmailTag(15778): EmailProvider->getDatabase->-prefixstartupperformance-database, consuming = 11ms.
05-27 04:33:00.082: I/HwEmailTag(15778): DBHelper->onOpen-> EmailProvider.db
05-27 04:33:00.102: I/HwEmailTag(15778): EmailProvider->resetVisibleLimits->getDatabase, consuming:136ms;-prefixstartupperformance-
05-27 04:33:00.102: I/HwEmailTag(15778): EmailProvider->startupperformance->resetVisibleLimits->no account, return directly.
05-27 04:33:00.102: I/HwEmailTag(15778): EmailProvider->query->1590579180025;end;;consuming:88ms;
05-27 04:33:00.102: I/HwEmailTag(15778): EmailProvider->uiAccounts->start:1590579180074;end,consuming:40
05-27 04:33:00.102: I/HwEmailTag(15778): EmailProvider->query->1590579179972;end;;consuming:143ms;
05-27 04:33:00.122: I/Herrevad(9448): [1] abif.a: updateListenState
05-27 04:33:00.142: I/PG Utils(9448): acquire_providerpkg:[com.google.android.gsf] pid:[]  maybe timeout , send to PG
05-27 04:33:00.142: I/PG Utils(14590): acquire_providerpkg:[com.android.email] pid:[]  maybe timeout , send to PG
05-27 04:33:00.142: I/HwEmailTag(15778): AccountReconciler->reconcileAccountsInternal->consuming:41ms
05-27 04:33:00.152: I/HwEmailTag(15778): EmailProvider->query->1590579180157;end;;consuming:2ms;
05-27 04:33:00.152: I/HwEmailTag(15778): EmailBroadcastProcessorService->onCreate
05-27 04:33:00.162: I/ActivityManager(2946): filter receiver for action = com.android.mail.ACTION_NOTIFY_DATASET_CHANGED
05-27 04:33:00.162: I/HwEmailTag(14590): PingSyncSynchronizer->PSS->->PSS has no active accounts; stopping service.
05-27 04:33:00.172: I/PG Utils(13050): acquire_providerpkg:[com.google.android.gsf] pid:[]  maybe timeout , send to PG
05-27 04:33:00.212: W/ContextImpl(15853): Failed to ensure directory: /storage/sdcard1/Android/data/com.android.browser/files
05-27 04:33:00.232: I/HwCust(15853): Constructor found for class com.android.browser.HwCustCustomizeUtilsImpl
05-27 04:33:00.232: I/HwEmailTag(14590): ExchangeBroadcastProcessorService->onLoginAccountsChanged-> accounts is null or empty.
05-27 04:33:00.322: I/PG Utils(13050): acquire_providerpkg:[com.google.android.gsf] pid:[]  maybe timeout , send to PG
05-27 04:33:00.322: E/HsmCoreServiceImpl(2946): onTransact in code is: 102
05-27 04:33:00.332: I/HwSystemManager(3837): BgPowerManagerService:onProcessDied uid = 10037
05-27 04:33:00.332: I/HwSystemManager(3837): HoldService:uid:10037 pid:14794 died
05-27 04:33:00.332: I/HwSystemManager(3837): HoldService:oldVersionKey:10037,14794
05-27 04:33:00.332: I/MediaProcessHandler(2946): processOp opType: 1, uid: 10037, pid: 14794
05-27 04:33:00.332: W/MediaProcessHandler(2946): remove target not exist, maybe the UI process: uid: 10037, pid: 14794
05-27 04:33:00.442: I/HwCust(15853): Constructor found for class com.android.browser.HwCustBrowserSettingsImpl
05-27 04:33:00.442: I/HwSystemManager(3837): BgPowerManagerService:onProcessDied uid = 10039
05-27 04:33:00.442: I/HwSystemManager(3837): HoldService:uid:10039 pid:14611 died
05-27 04:33:00.442: E/HsmCoreServiceImpl(2946): onTransact in code is: 102
05-27 04:33:00.442: I/HwSystemManager(3837): HoldService:oldVersionKey:10039,14611
05-27 04:33:00.442: I/MediaProcessHandler(2946): processOp opType: 1, uid: 10039, pid: 14611
05-27 04:33:00.442: W/MediaProcessHandler(2946): remove target not exist, maybe the UI process: uid: 10039, pid: 14611
05-27 04:33:00.462: I/HwCust(15853): Constructor found for class com.android.browser.HwCustBrowserHelperImpl
05-27 04:33:00.472: E/SQLiteLog(15853): (283) recovered 19 frames from WAL file /data/data/com.android.browser/databases/browser2.db-wal
05-27 04:33:00.512: I/WebViewFactory(15853): Loading com.android.webview version 37 (eng.jenkinswh-arm64) (code 199992)
05-27 04:33:00.642: I/PG Utils(9448): acquire_providerpkg:[com.google.android.gsf] pid:[]  maybe timeout , send to PG
05-27 04:33:00.642: E/HsmCoreServiceImpl(2946): onTransact in code is: 102
05-27 04:33:00.642: I/HwSystemManager(3837): BgPowerManagerService:onProcessDied uid = 10030
05-27 04:33:00.642: I/MediaProcessHandler(2946): processOp opType: 1, uid: 10030, pid: 14881
05-27 04:33:00.642: W/MediaProcessHandler(2946): remove target not exist, maybe the UI process: uid: 10030, pid: 14881
05-27 04:33:00.642: I/HwSystemManager(3837): HoldService:uid:10030 pid:14881 died
05-27 04:33:00.642: I/HwSystemManager(3837): HoldService:oldVersionKey:10030,14881
05-27 04:33:00.662: I/appproc(15906): CLASSPATH=/system/framework/am.jar
05-27 04:33:00.662: I/appproc(15906): Command=app_process /system/bin com.android.commands.am.Am instrument -w -e packageNames calcu.calculator com.google.android.apps.mtaas.tools/.instrumentations.GetPackageUid 
05-27 04:33:00.662: I/appproc(15906): app_process:number,8,0
05-27 04:33:00.662: I/LibraryLoader(15853): Loading: webviewchromium
05-27 04:33:00.662: I/AndroidRuntime(15906): readDownloadBoosterConfig: 'false'
05-27 04:33:00.662: I/LibraryLoader(15853): Time to load native libraries: 6 ms (timestamps 8891-8897)
05-27 04:33:00.662: I/PG Utils(13050): acquire_providerpkg:[com.google.android.gsf] pid:[]  maybe timeout , send to PG
05-27 04:33:00.662: I/LibraryLoader(15853): Expected native library version number "",actual native library version number ""
05-27 04:33:00.672: I/PG Utils(13050): acquire_providerpkg:[com.google.android.gsf] pid:[]  maybe timeout , send to PG
05-27 04:33:00.672: W/art(15853): Attempt to remove local handle scope entry from IRT, ignoring
05-27 04:33:00.672: W/art(15853): [ 05-27 04:33:00.802 15906:15906 I/         ]
05-27 04:33:00.672: W/art(15853): power log dlsym ok
05-27 04:33:00.852: E/android_hardware_fm.cpp(15906): register_android_hardware_fm_fmradio
05-27 04:33:00.852: I/android_hardware_fm.cpp(15906): ========64bit long size = 8
05-27 04:33:00.852: E/FM_HAL(15906): [FM_HAL], libname is libhisifm_if
05-27 04:33:00.852: I/fm_hisi(15906): FM::[fm_device_open:4655] fm_device_open
05-27 04:33:00.852: I/fm_hisi(15906): FM::[fm_device_open:4666] find the id:libhisifm_if and begins to open the device
05-27 04:33:00.852: I/fm_hisi(15906): FM::[fm_device_open:4710] device open sucess
05-27 04:33:00.852: E/android_hardware_fm.cpp(15906): register_android_hardware_fm_fmradio, ret is 0
05-27 04:33:00.852: I/HwSystemManager(3837): BgPowerManagerService:onProcessDied uid = 1001
05-27 04:33:00.852: I/HwSystemManager(3837): HoldService:uid:1001 pid:14947 died
05-27 04:33:00.852: I/HwSystemManager(3837): HoldService:oldVersionKey:1001,14947
05-27 04:33:00.852: E/HsmCoreServiceImpl(2946): onTransact in code is: 102
05-27 04:33:00.852: W/MediaProcessHandler(2946): processOp uid 1001 is not concerned!
05-27 04:33:00.862: I/PG Utils(13050): acquire_providerpkg:[com.google.android.gsf] pid:[]  maybe timeout , send to PG
05-27 04:33:00.862: I/PG Utils(13050): acquire_providerpkg:[com.google.android.gsf] pid:[]  maybe timeout , send to PG
05-27 04:33:00.882: I/PG Utils(13050): acquire_providerpkg:[com.google.android.gsf] pid:[]  maybe timeout , send to PG
05-27 04:33:00.982: I/art(2339): Explicit concurrent mark sweep GC freed 706(30KB) AllocSpace objects, 0(0B) LOS objects, 55% free, 12MB/28MB, paused 195us total 27.782ms
05-27 04:33:01.012: I/Finsky(12681): [292] bit.a(11): Received content filters request from com.google.android.apps.books
05-27 04:33:01.022: I/art(2339): Explicit concurrent mark sweep GC freed 5(160B) AllocSpace objects, 0(0B) LOS objects, 55% free, 12MB/28MB, paused 247us total 34.897ms
05-27 04:33:01.042: W/ChimeraUtils(9448): Non Chimera context
05-27 04:33:01.052: I/art(2339): Explicit concurrent mark sweep GC freed 5(160B) AllocSpace objects, 0(0B) LOS objects, 55% free, 12MB/28MB, paused 237us total 27.030ms
05-27 04:33:01.112: I/MultiDex(15828): VM with version 2.1.0 has multidex support
05-27 04:33:01.112: I/MultiDex(15828): install
05-27 04:33:01.112: I/MultiDex(15828): VM has multidex support, MultiDex support library is disabled.
05-27 04:33:01.382: I/PG Utils(13050): acquire_providerpkg:[com.google.android.gsf] pid:[]  maybe timeout , send to PG
05-27 04:33:01.382: I/HwSystemManager(3837): BgPowerManagerService:onProcessDied uid = 10093
05-27 04:33:01.382: I/HwSystemManager(3837): HoldService:uid:10093 pid:15968 died
05-27 04:33:01.382: I/HwSystemManager(3837): HoldService:oldVersionKey:10093,15968
05-27 04:33:01.382: E/HsmCoreServiceImpl(2946): onTransact in code is: 102
05-27 04:33:01.382: I/MediaProcessHandler(2946): processOp opType: 1, uid: 10093, pid: 15968
05-27 04:33:01.382: W/MediaProcessHandler(2946): remove target not exist, maybe the UI process: uid: 10093, pid: 15968
05-27 04:33:01.392: I/PG Utils(15828): acquire_providerpkg:[com.google.android.gsf] pid:[]  maybe timeout , send to PG
05-27 04:33:01.422: I/PG Utils(13050): acquire_providerpkg:[com.google.android.gsf] pid:[]  maybe timeout , send to PG
05-27 04:33:01.432: I/PG Utils(9448): acquire_providerpkg:[com.google.android.gsf] pid:[]  maybe timeout , send to PG
05-27 04:33:01.452: I/PG Utils(13050): acquire_providerpkg:[com.google.android.gsf] pid:[]  maybe timeout , send to PG
05-27 04:33:01.462: I/ActivityManager(2946): filter receiver for action = com.google.android.gms.gcm.ACTION_SCHEDULE
05-27 04:33:01.532: I/appproc(16016): CLASSPATH=/system/framework/am.jar
05-27 04:33:01.532: I/appproc(16016): Command=app_process /system/bin com.android.commands.am.Am startservice --user 0 -a com.google.android.gmscore.testing.testsupport.CommandService -n com.google.android.gmscore.testing.testsupport/.CommandService --es COMMAND PACKAGE --es FLAG_PACKAGE EiNjb20uZ29vZ2xlLmFuZHJvaWQuZ21zLmF1dGhfYWNjb3VudBodChlhdXRoX3NpZ19vdmVycmlkZV9lbmFibGVkGAEaIQocYXV0aF9zaWdfb3ZlcnJpZGVfdGFyZ2V0X3VpZCD7ThpCChZhdXRoX3NpZ19vdmVycmlkZV9zaGExEig3ZDNiOGFjMjdhMDhlZWRmNmIwMmZmYjkyZDgzNzk1YWQ3NWU3ZDg4KLoB 
05-27 04:33:01.532: I/appproc(16016): app_process:number,15,0
05-27 04:33:01.532: I/AndroidRuntime(16016): readDownloadBoosterConfig: 'false'
05-27 04:33:01.552: I/art(15828): Can not find class: Ljavax/net/ssl/SNIServerName;
05-27 04:33:01.552: I/art(15828): Can not find class: Ljavax/net/ssl/SNIHostName;
05-27 04:33:01.552: I/art(15828): Can not find class: Ljavax/net/ssl/SNIHostName;
05-27 04:33:01.552: I/art(15828): Can not find class: Ljavax/net/ssl/SNIHostName;
05-27 04:33:01.602: I/art(15828): Can not find class: Lcom/google/android/gms/org/conscrypt/OpenSSLSocketFactoryImpl;
05-27 04:33:01.602: W/System(15828): Could not create com.google.android.gms.org.conscrypt.OpenSSLSocketFactoryImpl with ClassLoader android.app.LoadedApk$WarningContextClassLoader@96ebe29: com.google.android.gms.org.conscrypt.OpenSSLSocketFactoryImpl
05-27 04:33:01.602: I/ProviderInstaller(15828): Installed default security provider GmsCore_OpenSSL
05-27 04:33:01.602: I/ProviderInstaller(15828): [ 05-27 04:33:01.682 16016:16016 I/         ]
05-27 04:33:01.602: I/ProviderInstaller(15828): power log dlsym ok
05-27 04:33:01.732: E/android_hardware_fm.cpp(16016): register_android_hardware_fm_fmradio
05-27 04:33:01.732: I/android_hardware_fm.cpp(16016): ========64bit long size = 8
05-27 04:33:01.732: E/FM_HAL(16016): [FM_HAL], libname is libhisifm_if
05-27 04:33:01.732: I/fm_hisi(16016): FM::[fm_device_open:4655] fm_device_open
05-27 04:33:01.732: I/fm_hisi(16016): FM::[fm_device_open:4666] find the id:libhisifm_if and begins to open the device
05-27 04:33:01.732: I/fm_hisi(16016): FM::[fm_device_open:4710] device open sucess
05-27 04:33:01.732: E/android_hardware_fm.cpp(16016): register_android_hardware_fm_fmradio, ret is 0
05-27 04:33:01.852: W/ContextImpl(15828): Failed to ensure directory: /storage/sdcard1/Android/data/com.google.android.music/files
05-27 04:33:01.862: I/TSDRIVER(16047): CommandService onHandleIntent()
05-27 04:33:01.862: I/TSDRIVER(16047): Got command: PACKAGE
05-27 04:33:01.872: I/TSDRIVER(16047): flag package: EiNjb20uZ29vZ2xlLmFuZHJvaWQuZ21zLmF1dGhfYWNjb3VudBodChlhdXRoX3NpZ19vdmVycmlkZV9lbmFibGVkGAEaIQocYXV0aF9zaWdfb3ZlcnJpZGVfdGFyZ2V0X3VpZCD7ThpCChZhdXRoX3NpZ19vdmVycmlkZV9zaGExEig3ZDNiOGFjMjdhMDhlZWRmNmIwMmZmYjkyZDgzNzk1YWQ3NWU3ZDg4KLoB
05-27 04:33:01.882: I/art(16047): Can not find class: Lcom/google/protobuf/Extension;
05-27 04:33:01.882: I/art(16047): Can not find class: Lcom/google/protobuf/ExtensionRegistry;
05-27 04:33:01.892: I/art(16047): Can not find class: Lcom/google/android/gms/R$string;
05-27 04:33:01.892: E/GooglePlayServicesUtil(16047): The Google Play services resources were not found. Check your project configuration to ensure that the resources are included.
05-27 04:33:01.892: I/TSDRIVER(16047): flag package: com.google.android.gms.auth_account
05-27 04:33:01.912: W/ContextImpl(15828): Failed to ensure directory: /storage/sdcard1/Android/data/com.google.android.music/files
05-27 04:33:01.912: W/ContextImpl(15828): Failed to ensure directory: /storage/sdcard1/Android/data/com.google.android.music/files
05-27 04:33:01.912: I/PG Utils(13050): acquire_providerpkg:[com.google.android.gsf] pid:[]  maybe timeout , send to PG
05-27 04:33:01.932: I/PG Utils(13050): acquire_providerpkg:[com.google.android.gsf] pid:[]  maybe timeout , send to PG
05-27 04:33:01.942: I/TestSupport(13050): Activated: 1590303600000@1590579141496 [CONTEXT service_id=133 ]
05-27 04:33:01.942: I/TestSupport(13050): Boot time: 1590578731776 [CONTEXT service_id=133 ]
05-27 04:33:01.942: I/TestSupport(13050): Passing package and signature checks: com.google.android.gmscore.testing.testsupport [CONTEXT service_id=133 ]
05-27 04:33:01.942: I/PG Utils(13050): acquire_providerpkg:[com.google.android.gsf] pid:[]  maybe timeout , send to PG
05-27 04:33:01.952: I/TestSupport(13050): SetOverrideOperation: gms:phenotype:phenotype_flag:debug_bypass_phenotype = false [CONTEXT service_id=133 ]
05-27 04:33:01.952: I/PG Utils(13050): acquire_providerpkg:[com.google.android.gsf] pid:[]  maybe timeout , send to PG
05-27 04:33:01.962: I/MusicPlaybackService(14636): onStartCommand null / null
05-27 04:33:01.962: I/HwEmailTag(15778): EmailProvider->query->1590579181971;end;;consuming:2ms;
05-27 04:33:01.972: I/HwEmailTag(15778): AccountReconciler->reconcileAccountsInternal->consuming:7ms
05-27 04:33:01.972: I/HwEmailTag(15778): EmailProvider->query->1590579181984;end;;consuming:1ms;
05-27 04:33:01.982: I/PG Utils(14590): acquire_providerpkg:[com.android.email] pid:[]  maybe timeout , send to PG
05-27 04:33:01.982: I/HwEmailTag(15778): EmailProvider->query->1590579181989;end;;consuming:2ms;
05-27 04:33:01.982: I/HwEmailTag(15778): AccountReconciler->reconcileAccountsInternal->consuming:5ms
05-27 04:33:01.992: I/HwEmailTag(15778): EmailApplication->handleMessage->startService CleanRecipientAddressService
05-27 04:33:01.992: I/HwEmailTag(14590): PingSyncSynchronizer->PSS->->PSS has no active accounts; stopping service.
05-27 04:33:01.992: I/HwEmailTag(15778): Device->updateDeviceIdIfNeeded
05-27 04:33:01.992: I/HwEmailTag(15778): CleanRecipient->onCreate
05-27 04:33:01.992: I/HwEmailTag(15778): Device->updateDeviceIdIfNeeded->doInBackground
05-27 04:33:01.992: I/HwEmailTag(15778): Device->getDeviceId->
05-27 04:33:01.992: I/HwEmailTag(15778): Device->getDeviceIdInternal->isUpdate:false
05-27 04:33:01.992: I/HwEmailTag(15778): CleanRecipient->onStartCommand->action is null
05-27 04:33:01.992: I/HwEmailTag(15778): CleanRecipient->onHandleIntent->action is null
05-27 04:33:01.992: I/HwEmailTag(15778): Device->getDeviceIdInternal->get id from deviceName, return successfully.
05-27 04:33:01.992: I/HwEmailTag(15778): Device->updateDeviceIdIfNeeded->deviceId is consistent id , return directly.
05-27 04:33:02.002: I/HwEmailTag(15778): CleanRecipient->onHandleIntent-> clean RecipientAddress done, nothing changed!!
05-27 04:33:02.002: I/HwEmailTag(15778): CleanRecipient->onDestroy
05-27 04:33:02.082: I/GservicesProvider(9054): override update completed
05-27 04:33:02.192: I/art(2946): Explicit concurrent mark sweep GC freed 31560(1711KB) AllocSpace objects, 7(140KB) LOS objects, 33% free, 28MB/42MB, paused 2.075ms total 182.111ms
05-27 04:33:02.192: I/ActivityManager(2946): filter receiver for action = com.google.gservices.intent.action.GSERVICES_CHANGED
05-27 04:33:02.202: I/PG Utils(15199): acquire_providerpkg:[com.google.android.gsf] pid:[]  maybe timeout , send to PG
05-27 04:33:02.202: I/PG Utils(15356): acquire_providerpkg:[com.google.android.gsf] pid:[]  maybe timeout , send to PG
05-27 04:33:02.202: I/PG Utils(9448): acquire_providerpkg:[com.google.android.gsf] pid:[]  maybe timeout , send to PG
05-27 04:33:02.202: I/PG Utils(15298): acquire_providerpkg:[com.google.android.gsf] pid:[]  maybe timeout , send to PG
05-27 04:33:02.222: I/PG Utils(9448): acquire_providerpkg:[com.google.android.gsf] pid:[]  maybe timeout , send to PG
05-27 04:33:02.222: I/PG Utils(13050): acquire_providerpkg:[com.google.android.gsf] pid:[]  maybe timeout , send to PG
05-27 04:33:02.232: I/PG Utils(9448): acquire_providerpkg:[com.google.android.gsf] pid:[]  maybe timeout , send to PG
05-27 04:33:02.242: I/PG Utils(9448): acquire_providerpkg:[com.google.android.gsf] pid:[]  maybe timeout , send to PG
05-27 04:33:02.242: E/SQLiteLog(9448): (2067) abort at 32 in [INSERT INTO pending_ops(source,tag,requires_charging,target_package,source_version,required_network_type,extras,flex_time,target_class,runtime,retry_strategy,last_runtime,period,task_type,job_i
05-27 04:33:02.252: E/SQLiteDatabase(9448): Error inserting source=16 tag=PhenotypeSyncImmediately requires_charging=0 target_package=com.google.android.gms source_version=200914000 required_network_type=0 extras={"fetchReason":{"7":0},"fetchPackage":{"com.google.android.gms.playlog.uploader":4}} flex_time=1000 target_class=com.google.android.gms.phenotype.service.sync.PhenotypeConfigurator runtime=1590578984434 retry_strategy={"maximum_backoff_seconds":{"3600":0},"initial_backoff_seconds":{"30":0},"retry_policy":{"0":0}} last_runtime=0 period=2000 task_type=0 job_id=-1 user_id=0
05-27 04:33:02.252: E/SQLiteDatabase(9448): android.database.sqlite.SQLiteConstraintException: UNIQUE constraint failed: pending_ops.tag, pending_ops.target_class, pending_ops.target_package, pending_ops.user_id(Sqlite code 2067),(OS error - 2:No such file or directory)
05-27 04:33:02.252: E/SQLiteDatabase(9448): 	at android.database.sqlite.SQLiteConnection.nativeExecuteForLastInsertedRowId(Native Method)
05-27 04:33:02.252: E/SQLiteDatabase(9448): 	at android.database.sqlite.SQLiteConnection.executeForLastInsertedRowId(SQLiteConnection.java:782)
05-27 04:33:02.252: E/SQLiteDatabase(9448): 	at android.database.sqlite.SQLiteSession.executeForLastInsertedRowId(SQLiteSession.java:788)
05-27 04:33:02.252: E/SQLiteDatabase(9448): 	at android.database.sqlite.SQLiteStatement.executeInsert(SQLiteStatement.java:86)
05-27 04:33:02.252: E/SQLiteDatabase(9448): 	at android.database.sqlite.SQLiteDatabase.insertWithOnConflict(SQLiteDatabase.java:1497)
05-27 04:33:02.252: E/SQLiteDatabase(9448): 	at android.database.sqlite.SQLiteDatabase.insert(SQLiteDatabase.java:1362)
05-27 04:33:02.252: E/SQLiteDatabase(9448): 	at aoze.a(:com.google.android.gms@200914010@20.09.14 (020400-300565878):78)
05-27 04:33:02.252: E/SQLiteDatabase(9448): 	at aoyt.b(:com.google.android.gms@200914010@20.09.14 (020400-300565878):61)
05-27 04:33:02.252: E/SQLiteDatabase(9448): 	at aoyt.a(:com.google.android.gms@200914010@20.09.14 (020400-300565878):120)
05-27 04:33:02.252: E/SQLiteDatabase(9448): 	at aoyt.a(:com.google.android.gms@200914010@20.09.14 (020400-300565878):67)
05-27 04:33:02.252: E/SQLiteDatabase(9448): 	at aoyt.a(:com.google.android.gms@200914010@20.09.14 (020400-300565878):32)
05-27 04:33:02.252: E/SQLiteDatabase(9448): 	at aoyq.handleMessage(:com.google.android.gms@200914010@20.09.14 (020400-300565878):8)
05-27 04:33:02.252: E/SQLiteDatabase(9448): 	at android.os.Handler.dispatchMessage(Handler.java:102)
05-27 04:33:02.252: E/SQLiteDatabase(9448): 	at adtq.a(:com.google.android.gms@200914010@20.09.14 (020400-300565878):2)
05-27 04:33:02.252: E/SQLiteDatabase(9448): 	at adtq.dispatchMessage(:com.google.android.gms@200914010@20.09.14 (020400-300565878):14)
05-27 04:33:02.252: E/SQLiteDatabase(9448): 	at android.os.Looper.loop(Looper.java:135)
05-27 04:33:02.252: E/SQLiteDatabase(9448): 	at android.os.HandlerThread.run(HandlerThread.java:61)
05-27 04:33:02.262: I/PG Utils(9448): acquire_providerpkg:[com.google.android.gsf] pid:[]  maybe timeout , send to PG
05-27 04:33:02.262: I/PG Utils(15932): acquire_providerpkg:[com.google.android.gsf] pid:[]  maybe timeout , send to PG
05-27 04:33:02.272: I/PG Utils(9448): acquire_providerpkg:[com.google.android.gsf] pid:[]  maybe timeout , send to PG
05-27 04:33:02.282: I/art(9054): Explicit concurrent mark sweep GC freed 15286(803KB) AllocSpace objects, 2(72KB) LOS objects, 40% free, 13MB/23MB, paused 1.835ms total 53.095ms
05-27 04:33:02.282: I/PG Utils(9448): acquire_providerpkg:[com.google.android.gsf] pid:[]  maybe timeout , send to PG
