05-27 04:32:28.142: I/GCoreUlr(9448): DispatchingService ignoring Intent { act=android.net.wifi.WIFI_STATE_CHANGED flg=0x4000010 (has extras) } because ULR inactive
05-27 04:32:28.152: I/GCoreUlr(9448): WorldUpdater received intent Intent { act=com.google.android.location.reporting.ACTION_UPDATE_WORLD cmp=com.google.android.gms/com.google.android.location.reporting.service.DispatchingService (has extras) } with receiverAction com.google.gservices.intent.action.GSERVICES_CHANGED
05-27 04:32:28.152: I/GmsModuleFndr(13050): Beginning GMS chimera module scan
05-27 04:32:28.162: I/GeofencerStateMachine(9448): sendQueryLocationOptIn
05-27 04:32:28.162: I/GCoreUlr(9448): WorldUpdater:com.google.gservices.intent.action.GSERVICES_CHANGED: Ensuring that reporting is stopped because of reasons: (no Google accounts)
05-27 04:32:28.162: I/PG Utils(13587): acquire_providerpkg:[com.google.android.gsf] pid:[]  maybe timeout , send to PG
05-27 04:32:28.162: I/ModuleSetMgr(13050): Computing pending module set with APKs: [[VisionOcr.optional:200914000400], [AdsFdrDynamite.integ:21001000000], [Cronetdynamite:200914020400], [Dynamiteloader:200914020000], [Dynamitemodulesa:200914020000], [Dynamitemodulesc:200914020000], [Googlecertificates:200914020000], [Mapsdynamite:200914020000], [Measurementdynamite:200914020000]]
05-27 04:32:28.172: I/GeofencerStateMachine(9448): sendQueryLocationOptIn
05-27 04:32:28.182: I/PG Utils(13587): acquire_providerpkg:[com.google.android.gsf] pid:[]  maybe timeout , send to PG
05-27 04:32:28.192: I/GeofencerStateMachine(9448): sendQueryLocationOptIn
05-27 04:32:28.192: I/ModuleSetMgr(13050): Pending container module APKs: [[VisionOcr.optional:200914000400]]
05-27 04:32:28.192: I/ModuleSetMgr(13050): Pending non-container module APKs: []
05-27 04:32:28.212: I/PG Utils(9448): acquire_providerpkg:[com.google.android.gsf] pid:[]  maybe timeout , send to PG
05-27 04:32:28.212: I/PG Utils(9448): acquire_providerpkg:[com.google.android.gsf] pid:[]  maybe timeout , send to PG
05-27 04:32:28.242: W/ChimeraUtils(13050): Non Chimera context
05-27 04:32:28.262: I/PG Utils(9448): acquire_providerpkg:[com.google.android.gsf] pid:[]  maybe timeout , send to PG
05-27 04:32:28.262: I/ActivityManager(2946): filter receiver for action = com.google.android.gms.gcm.ACTION_SCHEDULE
05-27 04:32:28.282: I/PG Utils(9448): acquire_providerpkg:[com.google.android.gsf] pid:[]  maybe timeout , send to PG
05-27 04:32:28.292: I/GservicesProvider(9054): override update completed
05-27 04:32:28.292: I/ActivityManager(2946): filter receiver for action = com.google.gservices.intent.action.GSERVICES_CHANGED
05-27 04:32:28.292: I/PG Utils(9448): acquire_providerpkg:[com.google.android.gsf] pid:[]  maybe timeout , send to PG
05-27 04:32:28.292: I/PG Utils(9448): acquire_providerpkg:[com.google.android.gsf] pid:[]  maybe timeout , send to PG
05-27 04:32:28.302: I/art(13050): DexFile_isDexOptNeeded failed to open oat file '/data/dalvik-cache/arm64/data@data@com.google.android.gms@app_chimera@m@00000008@dl-VisionOcr.optional_200914000400.apk@classes.dex' for file location '/data/data/com.google.android.gms/app_chimera/m/00000008/dl-VisionOcr.optional_200914000400.apk': Failed to open oat filename for reading: No such file or directory
05-27 04:32:28.312: I/art(13050): DexFile_isDexOptNeeded failed to open oat file '/data/dalvik-cache/arm64/data@data@com.google.android.gms@app_chimera@m@00000005@GoogleCertificates.apk@classes.dex' for file location '/data/data/com.google.android.gms/app_chimera/m/00000005/GoogleCertificates.apk': Failed to open oat filename for reading: No such file or directory
05-27 04:32:28.312: I/art(13050): DexFile_isDexOptNeeded failed to open oat file '/data/dalvik-cache/arm64/data@data@com.google.android.gms@app_chimera@m@00000000@AdsDynamite.apk@classes.dex' for file location '/data/data/com.google.android.gms/app_chimera/m/00000000/AdsDynamite.apk': Failed to open oat filename for reading: No such file or directory
05-27 04:32:28.312: I/PG Utils(13587): acquire_providerpkg:[com.google.android.gsf] pid:[]  maybe timeout , send to PG
05-27 04:32:28.312: I/PG Utils(13587): acquire_providerpkg:[com.google.android.gsf] pid:[]  maybe timeout , send to PG
05-27 04:32:28.322: I/art(13050): DexFile_isDexOptNeeded failed to open oat file '/data/dalvik-cache/arm64/data@data@com.google.android.gms@app_chimera@m@00000002@DynamiteLoader.apk@classes.dex' for file location '/data/data/com.google.android.gms/app_chimera/m/00000002/DynamiteLoader.apk': Failed to open oat filename for reading: No such file or directory
05-27 04:32:28.332: I/art(13050): DexFile_isDexOptNeeded failed to open oat file '/data/dalvik-cache/arm64/data@data@com.google.android.gms@app_chimera@m@00000003@DynamiteModulesA.apk@classes.dex' for file location '/data/data/com.google.android.gms/app_chimera/m/00000003/DynamiteModulesA.apk': Failed to open oat filename for reading: No such file or directory
05-27 04:32:28.332: I/art(13050): DexFile_isDexOptNeeded failed to open oat file '/data/dalvik-cache/arm64/data@data@com.google.android.gms@app_chimera@m@00000007@MeasurementDynamite.apk@classes.dex' for file location '/data/data/com.google.android.gms/app_chimera/m/00000007/MeasurementDynamite.apk': Failed to open oat filename for reading: No such file or directory
05-27 04:32:28.332: E/UpdateRequestReceiver(13819): Received malformed URL while handling Gservices.CHANGED_ACTION
05-27 04:32:28.342: I/PG Utils(13587): acquire_providerpkg:[com.google.android.gsf] pid:[]  maybe timeout , send to PG
05-27 04:32:28.352: E/UpdateRequestReceiver(13819): Received malformed URL while handling Gservices.CHANGED_ACTION
05-27 04:32:28.352: I/art(13050): DexFile_isDexOptNeeded failed to open oat file '/data/dalvik-cache/arm64/data@data@com.google.android.gms@app_chimera@m@00000001@CronetDynamite.apk@classes.dex' for file location '/data/data/com.google.android.gms/app_chimera/m/00000001/CronetDynamite.apk': Failed to open oat filename for reading: No such file or directory
05-27 04:32:28.352: E/UpdateRequestReceiver(13819): Received malformed URL while handling Gservices.CHANGED_ACTION
05-27 04:32:28.362: I/GservicesUpdateTask(8611): Updating Gservices keys
05-27 04:32:28.362: E/UpdateRequestReceiver(13819): Received malformed URL while handling Gservices.CHANGED_ACTION
05-27 04:32:28.362: I/art(9054): Explicit concurrent mark sweep GC freed 16595(863KB) AllocSpace objects, 2(72KB) LOS objects, 40% free, 13MB/23MB, paused 1.117ms total 54.376ms
05-27 04:32:28.362: I/PG Utils(8611): acquire_providerpkg:[com.google.android.gsf] pid:[]  maybe timeout , send to PG
05-27 04:32:28.372: I/PG Utils(9448): acquire_providerpkg:[com.google.android.gsf] pid:[]  maybe timeout , send to PG
05-27 04:32:28.372: I/art(13050): DexFile_isDexOptNeeded failed to open oat file '/data/dalvik-cache/arm64/data@data@com.google.android.gms@app_chimera@m@00000004@DynamiteModulesC.apk@classes.dex' for file location '/data/data/com.google.android.gms/app_chimera/m/00000004/DynamiteModulesC.apk': Failed to open oat filename for reading: No such file or directory
05-27 04:32:28.372: I/ChromeSync(13050): [Sync,SyncIntentOperation] Handling the intent: Intent { act=com.google.gservices.intent.action.GSERVICES_CHANGED flg=0x10 cmp=com.google.android.gms/.chimera.GmsIntentOperationService$PersistentInternalReceiver }.
05-27 04:32:28.382: I/art(13050): DexFile_isDexOptNeeded failed to open oat file '/data/dalvik-cache/arm64/data@data@com.google.android.gms@app_chimera@m@00000006@MapsDynamite.apk@classes.dex' for file location '/data/data/com.google.android.gms/app_chimera/m/00000006/MapsDynamite.apk': Failed to open oat filename for reading: No such file or directory
05-27 04:32:28.382: I/PG Utils(13587): acquire_providerpkg:[com.google.android.gsf] pid:[]  maybe timeout , send to PG
05-27 04:32:28.382: I/PG Utils(8611): acquire_providerpkg:[com.google.android.gsf] pid:[]  maybe timeout , send to PG
05-27 04:32:28.392: I/TestSupport(13050): GServices override confirmed: finsky.daily_hygiene_schedule_unauthenticated=false [CONTEXT service_id=133 ]
05-27 04:32:28.402: I/PG Utils(13587): acquire_providerpkg:[com.google.android.gsf] pid:[]  maybe timeout , send to PG
05-27 04:32:28.402: I/PG Utils(8611): acquire_providerpkg:[com.google.android.gsf] pid:[]  maybe timeout , send to PG
05-27 04:32:28.402: I/ActivityManager(2946): filter receiver for action = com.google.android.gms.gcm.ACTION_SCHEDULE
05-27 04:32:28.412: I/TestSupport(13050): SetOverrideOperation: finsky.background_split_installs_blacklist = com.android.chrome [CONTEXT service_id=133 ]
05-27 04:32:28.412: I/GeofencerStateMachine(9448): sendQueryLocationOptIn
05-27 04:32:28.422: I/PG Utils(8611): acquire_providerpkg:[com.google.android.gsf] pid:[]  maybe timeout , send to PG
05-27 04:32:28.422: I/art(2946): Explicit concurrent mark sweep GC freed 23199(1238KB) AllocSpace objects, 0(0B) LOS objects, 33% free, 28MB/42MB, paused 4.967ms total 263.270ms
05-27 04:32:28.432: I/PG Utils(13587): acquire_providerpkg:[com.google.android.gsf] pid:[]  maybe timeout , send to PG
05-27 04:32:28.442: I/PG Utils(8611): acquire_providerpkg:[com.google.android.gsf] pid:[]  maybe timeout , send to PG
05-27 04:32:28.442: I/GeofencerStateMachine(9448): sendQueryLocationOptIn
05-27 04:32:28.452: I/GeofencerStateMachine(9448): sendQueryLocationOptIn
05-27 04:32:28.452: I/GeofencerStateMachine(9448): sendQueryLocationOptIn
05-27 04:32:28.452: I/PG Utils(13587): acquire_providerpkg:[com.google.android.gsf] pid:[]  maybe timeout , send to PG
05-27 04:32:28.452: I/DynamiteModule(13050): Considering local module com.google.android.gms.flags:3 and remote module com.google.android.gms.flags:3
05-27 04:32:28.452: I/DynamiteModule(13050): Selected local version of com.google.android.gms.flags
05-27 04:32:28.462: I/PG Utils(9448): acquire_providerpkg:[com.google.android.gsf] pid:[]  maybe timeout , send to PG
05-27 04:32:28.472: I/GCoreUlr(9448): Unbound from all signal providers.
05-27 04:32:28.492: I/GmsModuleFndr(13050): Beginning GMS chimera module scan
05-27 04:32:28.522: I/PG Utils(13587): acquire_providerpkg:[com.google.android.gsf] pid:[]  maybe timeout , send to PG
05-27 04:32:28.532: I/ActivityManager(2946): filter receiver for action = com.google.android.gms.gcm.ACTION_SCHEDULE
05-27 04:32:28.532: I/ModuleSetMgr(13050): Computing pending module set with APKs: [[VisionOcr.optional:200914000400], [AdsFdrDynamite.integ:21001000000], [Cronetdynamite:200914020400], [Dynamiteloader:200914020000], [Dynamitemodulesa:200914020000], [Dynamitemodulesc:200914020000], [Googlecertificates:200914020000], [Mapsdynamite:200914020000], [Measurementdynamite:200914020000]]
05-27 04:32:28.542: I/PG Utils(13587): acquire_providerpkg:[com.google.android.gsf] pid:[]  maybe timeout , send to PG
05-27 04:32:28.552: I/ActivityManager(2946): filter receiver for action = com.google.android.gms.gcm.ACTION_SCHEDULE
05-27 04:32:28.572: I/art(9054): Explicit concurrent mark sweep GC freed 6566(295KB) AllocSpace objects, 1(24KB) LOS objects, 39% free, 14MB/23MB, paused 692us total 42.312ms
05-27 04:32:28.582: I/MobileDataHub(13050): Scheduling periodic tasks
05-27 04:32:28.612: I/GCoreUlr(9448): Unbound from all signal providers.
05-27 04:32:28.612: I/GCoreUlr(9448): Stopping handler for UlrDispSvcFast
05-27 04:32:28.612: I/GeofencerStateMachine(9448): sendQueryLocationOptIn
05-27 04:32:28.642: I/GeofencerStateMachine(9448): sendQueryLocationOptIn
05-27 04:32:28.642: I/GeofencerStateMachine(9448): sendQueryLocationOptIn
05-27 04:32:28.662: E/art(9448): invalid stream - problem with parameter iterator in /data/data/com.google.android.gms/code_cache/secondary-dexes/base.apk.classes2.zip for method void fca.c(java.lang.String, java.lang.String, java.lang.Object[])
05-27 04:32:28.662: I/Herrevad(9448): [865] abif.a: updateListenState
05-27 04:32:28.662: W/NetRec(9448): [862] ConfigChangedIntentOperation.onHandleIntent: Device does not support scoring, exiting
05-27 04:32:28.672: I/ModuleSetMgr(13050): Pending container module APKs: [[VisionOcr.optional:200914000400]]
05-27 04:32:28.672: I/ModuleSetMgr(13050): Pending non-container module APKs: []
05-27 04:32:28.702: I/Auth(9448): [AuthManaged,PasswordComplexityHelperImpl] Updating password complexity components state.
05-27 04:32:28.702: I/Auth(9448): [AuthManaged,PasswordComplexityHelperImpl] Disabling com.google.android.gms.auth.managed.admin.DeviceAdminReceiver
05-27 04:32:28.702: I/Auth(9448): [AuthManaged,PasswordComplexityHelperImpl] Disabling com.google.android.gms.auth.managed.ui.SetNewPasswordActivity
05-27 04:32:28.712: I/PG Utils(9448): acquire_providerpkg:[com.google.android.gsf] pid:[]  maybe timeout , send to PG
05-27 04:32:28.712: I/GservicesProvider(9054): override update completed
05-27 04:32:28.722: I/ActivityManager(2946): filter receiver for action = com.google.gservices.intent.action.GSERVICES_CHANGED
05-27 04:32:28.732: I/GCoreUlr(9448): WorldUpdater received intent Intent { act=com.google.android.location.reporting.ACTION_UPDATE_WORLD cmp=com.google.android.gms/com.google.android.location.reporting.service.DispatchingService (has extras) } with receiverAction com.google.gservices.intent.action.GSERVICES_CHANGED
05-27 04:32:28.742: I/PG Utils(13587): acquire_providerpkg:[com.google.android.gsf] pid:[]  maybe timeout , send to PG
05-27 04:32:28.742: I/PG Utils(13587): acquire_providerpkg:[com.google.android.gsf] pid:[]  maybe timeout , send to PG
05-27 04:32:28.762: I/PG Utils(13587): acquire_providerpkg:[com.google.android.gsf] pid:[]  maybe timeout , send to PG
05-27 04:32:28.772: I/GservicesUpdateTask(8611): Updating Gservices keys
05-27 04:32:28.782: E/UpdateRequestReceiver(13819): Received malformed URL while handling Gservices.CHANGED_ACTION
05-27 04:32:28.782: I/GeofencerStateMachine(9448): sendQueryLocationOptIn
05-27 04:32:28.782: I/PG Utils(8611): acquire_providerpkg:[com.google.android.gsf] pid:[]  maybe timeout , send to PG
05-27 04:32:28.782: E/UpdateRequestReceiver(13819): Received malformed URL while handling Gservices.CHANGED_ACTION
05-27 04:32:28.782: I/PG Utils(13587): acquire_providerpkg:[com.google.android.gsf] pid:[]  maybe timeout , send to PG
05-27 04:32:28.792: E/UpdateRequestReceiver(13819): Received malformed URL while handling Gservices.CHANGED_ACTION
05-27 04:32:28.802: I/PG Utils(8611): acquire_providerpkg:[com.google.android.gsf] pid:[]  maybe timeout , send to PG
05-27 04:32:28.802: E/UpdateRequestReceiver(13819): Received malformed URL while handling Gservices.CHANGED_ACTION
05-27 04:32:28.812: I/PG Utils(8611): acquire_providerpkg:[com.google.android.gsf] pid:[]  maybe timeout , send to PG
05-27 04:32:28.822: I/PG Utils(8611): acquire_providerpkg:[com.google.android.gsf] pid:[]  maybe timeout , send to PG
05-27 04:32:28.822: I/PG Utils(13587): acquire_providerpkg:[com.google.android.gsf] pid:[]  maybe timeout , send to PG
05-27 04:32:28.832: I/PG Utils(13587): acquire_providerpkg:[com.google.android.gsf] pid:[]  maybe timeout , send to PG
05-27 04:32:28.842: I/PG Utils(13587): acquire_providerpkg:[com.google.android.gsf] pid:[]  maybe timeout , send to PG
05-27 04:32:28.862: I/art(13050): Explicit concurrent mark sweep GC freed 28268(1707KB) AllocSpace objects, 7(140KB) LOS objects, 34% free, 29MB/45MB, paused 1.931ms total 213.240ms
05-27 04:32:28.862: I/PG Utils(13587): acquire_providerpkg:[com.google.android.gsf] pid:[]  maybe timeout , send to PG
05-27 04:32:28.912: I/art(9054): Explicit concurrent mark sweep GC freed 12920(674KB) AllocSpace objects, 1(48KB) LOS objects, 40% free, 13MB/22MB, paused 516us total 39.038ms
05-27 04:32:28.922: I/TestSupport(13050): GServices override confirmed: finsky.background_split_installs_blacklist=com.android.chrome [CONTEXT service_id=133 ]
05-27 04:32:28.922: I/TSDRIVER(13785): Handled command: PACKAGE
05-27 04:32:28.962: I/PG Utils(13050): acquire_providerpkg:[com.google.android.gsf] pid:[]  maybe timeout , send to PG
05-27 04:32:28.972: I/PG Utils(13050): acquire_providerpkg:[com.google.android.gsf] pid:[]  maybe timeout , send to PG
05-27 04:32:28.982: I/PG Utils(13050): acquire_providerpkg:[com.google.android.gsf] pid:[]  maybe timeout , send to PG
05-27 04:32:28.982: I/PG Utils(13050): acquire_providerpkg:[com.google.android.gsf] pid:[]  maybe timeout , send to PG
05-27 04:32:28.992: I/PG Utils(13050): acquire_providerpkg:[com.google.android.gsf] pid:[]  maybe timeout , send to PG
05-27 04:32:28.992: I/PG Utils(13050): acquire_providerpkg:[com.google.android.gsf] pid:[]  maybe timeout , send to PG
05-27 04:32:29.002: I/art(9448): Explicit concurrent mark sweep GC freed 166090(7MB) AllocSpace objects, 13(244KB) LOS objects, 32% free, 32MB/48MB, paused 2.006ms total 248.927ms
05-27 04:32:29.002: I/PG Utils(9448): acquire_providerpkg:[com.google.android.gsf] pid:[]  maybe timeout , send to PG
05-27 04:32:29.002: I/PG Utils(13050): acquire_providerpkg:[com.google.android.gsf] pid:[]  maybe timeout , send to PG
05-27 04:32:29.012: I/PG Utils(13050): acquire_providerpkg:[com.google.android.gsf] pid:[]  maybe timeout , send to PG
05-27 04:32:29.022: I/PG Utils(13050): acquire_providerpkg:[com.google.android.gsf] pid:[]  maybe timeout , send to PG
05-27 04:32:29.032: I/PG Utils(13050): acquire_providerpkg:[com.google.android.gsf] pid:[]  maybe timeout , send to PG
05-27 04:32:29.042: I/GCoreUlr(9448): WorldUpdater:com.google.gservices.intent.action.GSERVICES_CHANGED: Ensuring that reporting is stopped because of reasons: (no Google accounts)
05-27 04:32:29.042: I/GeofencerStateMachine(9448): sendQueryLocationOptIn
05-27 04:32:29.052: I/PG Utils(13050): acquire_providerpkg:[com.google.android.gsf] pid:[]  maybe timeout , send to PG
05-27 04:32:29.052: I/GeofencerStateMachine(9448): sendQueryLocationOptIn
05-27 04:32:29.052: I/GeofencerStateMachine(9448): sendQueryLocationOptIn
05-27 04:32:29.052: I/GeofencerStateMachine(9448): sendQueryLocationOptIn
05-27 04:32:29.052: I/GeofencerStateMachine(9448): sendQueryLocationOptIn
05-27 04:32:29.052: I/GeofencerStateMachine(9448): sendQueryLocationOptIn
05-27 04:32:29.062: I/GCoreUlr(9448): Unbound from all signal providers.
05-27 04:32:29.092: I/GCoreUlr(9448): DispatchingService ignoring Intent { act=android.net.wifi.WIFI_STATE_CHANGED flg=0x4000010 (has extras) } because ULR inactive
05-27 04:32:29.112: I/GCoreUlr(9448): Unbound from all signal providers.
05-27 04:32:29.112: I/GCoreUlr(9448): Stopping handler for UlrDispSvcFast
05-27 04:32:29.122: I/MdiSyncModule(13050): flag handling is skipping irrelevant intent.
05-27 04:32:29.132: I/PG Utils(13050): acquire_providerpkg:[com.google.android.gsf] pid:[]  maybe timeout , send to PG
05-27 04:32:29.142: I/PG Utils(13050): acquire_providerpkg:[com.google.android.gsf] pid:[]  maybe timeout , send to PG
05-27 04:32:29.142: I/PG Utils(13050): acquire_providerpkg:[com.google.android.gsf] pid:[]  maybe timeout , send to PG
05-27 04:32:29.172: E/art(9448): invalid stream - problem with parameter iterator in /data/data/com.google.android.gms/code_cache/secondary-dexes/base.apk.classes2.zip for method void fca.c(java.lang.String, java.lang.String, java.lang.Object[])
05-27 04:32:29.172: W/NetRec(9448): [865] ConfigChangedIntentOperation.onHandleIntent: Device does not support scoring, exiting
05-27 04:32:29.172: I/Herrevad(9448): [862] abif.a: updateListenState
05-27 04:32:29.182: I/art(9054): Explicit concurrent mark sweep GC freed 3091(120KB) AllocSpace objects, 0(0B) LOS objects, 39% free, 13MB/22MB, paused 712us total 33.046ms
05-27 04:32:29.192: I/appproc(13907): CLASSPATH=/system/framework/am.jar
05-27 04:32:29.192: I/appproc(13907): Command=app_process /system/bin com.android.commands.am.Am startservice --user 0 -a com.google.android.gmscore.testing.testsupport.CommandService -n com.google.android.gmscore.testing.testsupport/.CommandService --es COMMAND PACKAGE --es FLAG_PACKAGE Eitjb20uZ29vZ2xlLmFuZHJvaWQuZ21zLmF1dGguYXBpLmNyZWRlbnRpYWxzGh4KGlNhdmVTdHJhdGVneV9fZW5hYmxlU2F2aW5nGAAoPg 
05-27 04:32:29.192: I/appproc(13907): app_process:number,15,0
05-27 04:32:29.192: I/Auth(9448): [AuthManaged,PasswordComplexityHelperImpl] Updating password complexity components state.
05-27 04:32:29.192: I/PG Utils(13050): acquire_providerpkg:[com.google.android.gsf] pid:[]  maybe timeout , send to PG
05-27 04:32:29.192: I/Auth(9448): [AuthManaged,PasswordComplexityHelperImpl] Disabling com.google.android.gms.auth.managed.admin.DeviceAdminReceiver
05-27 04:32:29.192: I/Auth(9448): [AuthManaged,PasswordComplexityHelperImpl] Disabling com.google.android.gms.auth.managed.ui.SetNewPasswordActivity
05-27 04:32:29.202: I/AndroidRuntime(13907): readDownloadBoosterConfig: 'false'
05-27 04:32:29.202: I/PG Utils(13050): acquire_providerpkg:[com.google.android.gsf] pid:[]  maybe timeout , send to PG
05-27 04:32:29.232: E/WifiStateMachine(2946):  ConnectedState !CMD_RSSI_POLL 1 0 "wl-ftl-mt89-1-24" 44:48:c1:a5:96:80 rssi=-57 f=2462 sc=100 link=72 tx=0.8, 0.0, 0.0  rx=72.4 bcn=0 [on:0 tx:0 rx:0 period:3003] from screen [on:0 period:1441249717] gl u24 rssi=-57 ag=0 hr ticks 0,0,0 ls-=0 [56,56,56,56,61] brc=0 lrc=0
05-27 04:32:29.232: E/WifiStateMachine(2946):  L2ConnectedState !CMD_RSSI_POLL 1 0 "wl-ftl-mt89-1-24" 44:48:c1:a5:96:80 rssi=-57 f=2462 sc=100 link=72 tx=0.8, 0.0, 0.0  rx=72.4 bcn=0 [on:0 tx:0 rx:0 period:1] from screen [on:0 period:1441249718] gl u24 rssi=-57 ag=0 hr ticks 0,0,0 ls-=0 [56,56,56,56,61] brc=0 lrc=0
05-27 04:32:29.232: E/WifiStateMachine(2946): fetchRssiLinkSpeedAndFrequencyNative rssi=-58 linkspeed=72 SSID="wl-ftl-mt89-1-24"
05-27 04:32:29.232: I/OAM(2625): [check_file_size:402]/data/hwlogdir/wifi_log/wifi_log_1 log file beyond size=10240Byte, creat new file
05-27 04:32:29.232: I/OAM(2625): [rename_old_file:107]rename_old_file
05-27 04:32:29.232: E/WifiStateMachine(2946): calculateWifiScore freq=2462 speed=72 score=100 highRSSI  -> txbadrate=0.00 txgoodrate=0.39 txretriesrate=0.00 rxrate=82.70 userTriggerdPenalty0
05-27 04:32:29.232: E/WifiStateMachine(2946):  good link -> stuck count =0
05-27 04:32:29.232: E/WifiStateMachine(2946):  badRSSI count0 lowRSSI count0 --> score 56
05-27 04:32:29.232: E/WifiStateMachine(2946):  isHighRSSI       ---> score=61
05-27 04:32:29.322: I/PG Utils(13050): acquire_providerpkg:[com.google.android.gsf] pid:[]  maybe timeout , send to PG
05-27 04:32:29.322: I/PG Utils(13050): acquire_providerpkg:[com.google.android.gsf] pid:[]  maybe timeout , send to PG
05-27 04:32:29.322: I/PG Utils(9448): acquire_providerpkg:[com.google.android.gsf] pid:[]  maybe timeout , send to PG
05-27 04:32:29.332: I/HwSystemManager(3837): BgPowerManagerService:onProcessDied uid = 10051
05-27 04:32:29.332: I/HwSystemManager(3837): HoldService:uid:10051 pid:12495 died
05-27 04:32:29.332: I/HwSystemManager(3837): HoldService:oldVersionKey:10051,12495
05-27 04:32:29.332: E/HsmCoreServiceImpl(2946): onTransact in code is: 102
05-27 04:32:29.332: I/MediaProcessHandler(2946): processOp opType: 1, uid: 10051, pid: 12495
05-27 04:32:29.332: W/MediaProcessHandler(2946): remove target not exist, maybe the UI process: uid: 10051, pid: 12495
05-27 04:32:29.332: W/MediaProcessHandler(2946): [ 05-27 04:32:29.342 13907:13907 I/         ]
05-27 04:32:29.332: W/MediaProcessHandler(2946): power log dlsym ok
05-27 04:32:29.342: I/MS_RegisterService(13050): Tachyon host: instantmessaging-pa.googleapis.com, Tachyon port: 443
05-27 04:32:29.352: I/GCoreUlr(9448): WorldUpdater received intent Intent { act=com.google.android.location.reporting.ACTION_UPDATE_WORLD cmp=com.google.android.gms/com.google.android.location.reporting.service.DispatchingService (has extras) } with receiverAction com.google.gservices.intent.action.GSERVICES_CHANGED
05-27 04:32:29.362: I/GCoreUlr(9448): WorldUpdater:com.google.gservices.intent.action.GSERVICES_CHANGED: Ensuring that reporting is stopped because of reasons: (no Google accounts)
05-27 04:32:29.372: I/GCoreUlr(9448): Unbound from all signal providers.
05-27 04:32:29.382: I/PG Utils(13050): acquire_providerpkg:[com.google.android.gsf] pid:[]  maybe timeout , send to PG
05-27 04:32:29.382: I/PG Utils(13050): acquire_providerpkg:[com.google.android.gsf] pid:[]  maybe timeout , send to PG
05-27 04:32:29.382: I/PG Utils(13050): acquire_providerpkg:[com.google.android.gsf] pid:[]  maybe timeout , send to PG
05-27 04:32:29.392: E/android_hardware_fm.cpp(13907): register_android_hardware_fm_fmradio
05-27 04:32:29.392: I/android_hardware_fm.cpp(13907): ========64bit long size = 8
05-27 04:32:29.392: E/FM_HAL(13907): [FM_HAL], libname is libhisifm_if
05-27 04:32:29.392: I/fm_hisi(13907): FM::[fm_device_open:4655] fm_device_open
05-27 04:32:29.392: I/fm_hisi(13907): FM::[fm_device_open:4666] find the id:libhisifm_if and begins to open the device
05-27 04:32:29.392: I/fm_hisi(13907): FM::[fm_device_open:4710] device open sucess
05-27 04:32:29.392: E/android_hardware_fm.cpp(13907): register_android_hardware_fm_fmradio, ret is 0
05-27 04:32:29.402: I/GCoreUlr(9448): DispatchingService ignoring Intent { act=android.net.wifi.WIFI_STATE_CHANGED flg=0x4000010 (has extras) } because ULR inactive
05-27 04:32:29.412: I/GCoreUlr(9448): Unbound from all signal providers.
05-27 04:32:29.412: I/GCoreUlr(9448): Stopping handler for UlrDispSvcFast
05-27 04:32:29.442: I/TSDRIVER(13785): CommandService onHandleIntent()
05-27 04:32:29.442: I/TSDRIVER(13785): Got command: PACKAGE
05-27 04:32:29.442: I/TSDRIVER(13785): flag package: Eitjb20uZ29vZ2xlLmFuZHJvaWQuZ21zLmF1dGguYXBpLmNyZWRlbnRpYWxzGh4KGlNhdmVTdHJhdGVneV9fZW5hYmxlU2F2aW5nGAAoPg
05-27 04:32:29.442: I/TSDRIVER(13785): flag package: com.google.android.gms.auth.api.credentials
05-27 04:32:29.572: I/art(13050): Explicit concurrent mark sweep GC freed 14457(904KB) AllocSpace objects, 13(260KB) LOS objects, 34% free, 30MB/46MB, paused 1.732ms total 163.926ms
05-27 04:32:29.582: I/TestSupport(13050): SetOverrideOperation: gms:phenotype:phenotype_flag:debug_bypass_phenotype = false [CONTEXT service_id=133 ]
05-27 04:32:29.592: I/MS_RegisterService(13050): RegisterService intent:Intent { act=com.google.android.gms.matchstick.register_intent_action cat=[targeted_intent_op_prefix:com.google.android.libraries.matchstick.net.SilentRegisterIntentOperation] cmp=com.google.android.gms/.chimera.GmsIntentOperationService } isPeriodic:false
05-27 04:32:29.592: I/PG Utils(9448): acquire_providerpkg:[com.google.android.gsf] pid:[]  maybe timeout , send to PG
05-27 04:32:29.592: I/MS_Utils(13050): version of com.google.android.apps.maps = 914018223
05-27 04:32:29.642: I/PG Utils(9448): acquire_providerpkg:[com.google.android.gsf] pid:[]  maybe timeout , send to PG
05-27 04:32:29.672: W/MS_RegisterService(13050): Not eligible for registration.
05-27 04:32:29.672: I/SystemUpdate(13050): [Installation,ReceiverIntentOperation] Received intent: Intent { act=com.google.gservices.intent.action.GSERVICES_CHANGED flg=0x10 cmp=com.google.android.gms/.chimera.GmsIntentOperationService$PersistentInternalReceiver }.
05-27 04:32:29.692: I/ActivityManager(2946): filter receiver for action = com.google.android.gms.gcm.ACTION_SCHEDULE
05-27 04:32:29.702: I/PG Utils(9448): acquire_providerpkg:[com.google.android.gsf] pid:[]  maybe timeout , send to PG
05-27 04:32:29.702: I/PG Utils(9448): acquire_providerpkg:[com.google.android.gsf] pid:[]  maybe timeout , send to PG
05-27 04:32:29.722: I/PG Utils(9448): acquire_providerpkg:[com.google.android.gsf] pid:[]  maybe timeout , send to PG
05-27 04:32:29.732: I/art(9054): Explicit concurrent mark sweep GC freed 6600(310KB) AllocSpace objects, 1(24KB) LOS objects, 40% free, 14MB/23MB, paused 926us total 44.211ms
05-27 04:32:29.762: I/CameraHalInterface(2595): Found a matching camera info for ID 0
05-27 04:32:29.762: I/PG Utils(9448): acquire_providerpkg:[com.google.android.gsf] pid:[]  maybe timeout , send to PG
05-27 04:32:29.762: I/OcrModelUpStIntentOp(13050): Updating ocr activity enabled=true (phenotypeFlag=true, lowRamDevice=false, prereqCheck=true)
05-27 04:32:29.772: I/PG Utils(9448): acquire_providerpkg:[com.google.android.gsf] pid:[]  maybe timeout , send to PG
05-27 04:32:29.782: I/OcrModelUpStIntentOp(13050): Downloading text recognizer
05-27 04:32:29.782: I/ActivityManager(2946): filter receiver for action = com.google.android.gms.vision.DEPENDENCY
05-27 04:32:29.802: W/ChimeraUtils(13050): Non Chimera context
05-27 04:32:29.802: W/ChimeraUtils(13050): Non Chimera context
05-27 04:32:29.802: I/GservicesProvider(9054): override update completed
05-27 04:32:29.982: I/art(2946): Explicit concurrent mark sweep GC freed 25317(1481KB) AllocSpace objects, 0(0B) LOS objects, 33% free, 28MB/42MB, paused 2.095ms total 192.839ms
05-27 04:32:29.982: I/ActivityManager(2946): filter receiver for action = com.google.gservices.intent.action.GSERVICES_CHANGED
05-27 04:32:29.982: I/PG Utils(9448): acquire_providerpkg:[com.google.android.gsf] pid:[]  maybe timeout , send to PG
05-27 04:32:29.982: I/PG Utils(9448): acquire_providerpkg:[com.google.android.gsf] pid:[]  maybe timeout , send to PG
05-27 04:32:29.982: I/PG Utils(9448): acquire_providerpkg:[com.google.android.gsf] pid:[]  maybe timeout , send to PG
05-27 04:32:30.002: I/TestSupport(13050): GServices override confirmed: gms:phenotype:phenotype_flag:debug_bypass_phenotype=false [CONTEXT service_id=133 ]
05-27 04:32:30.012: I/PG Utils(13587): acquire_providerpkg:[com.google.android.gsf] pid:[]  maybe timeout , send to PG
05-27 04:32:30.012: I/PG Utils(13587): acquire_providerpkg:[com.google.android.gsf] pid:[]  maybe timeout , send to PG
05-27 04:32:30.022: I/TestSupport(13050): SetFlagOverridesOperation: com.google.android.gms.auth.api.credentials, '', [Flag(SaveStrategy__enableSaving, false, 2, 0)] [CONTEXT service_id=133 ]
05-27 04:32:30.022: I/PG Utils(9448): acquire_providerpkg:[com.google.android.gsf] pid:[]  maybe timeout , send to PG
05-27 04:32:30.032: I/art(13050): Can not find class: Landroid/app/NotificationChannel;
05-27 04:32:30.042: E/UpdateRequestReceiver(13819): Received malformed URL while handling Gservices.CHANGED_ACTION
05-27 04:32:30.052: I/PG Utils(13587): acquire_providerpkg:[com.google.android.gsf] pid:[]  maybe timeout , send to PG
05-27 04:32:30.052: I/GservicesUpdateTask(8611): Updating Gservices keys
05-27 04:32:30.052: I/ActivityManager(2946): filter receiver for action = com.google.android.gms.gcm.ACTION_SCHEDULE
05-27 04:32:30.052: I/PG Utils(8611): acquire_providerpkg:[com.google.android.gsf] pid:[]  maybe timeout , send to PG
05-27 04:32:30.062: E/UpdateRequestReceiver(13819): Received malformed URL while handling Gservices.CHANGED_ACTION
05-27 04:32:30.062: E/UpdateRequestReceiver(13819): Received malformed URL while handling Gservices.CHANGED_ACTION
05-27 04:32:30.072: E/UpdateRequestReceiver(13819): Received malformed URL while handling Gservices.CHANGED_ACTION
05-27 04:32:30.072: I/ActivityManager(2946): filter receiver for action = com.google.android.gms.gcm.ACTION_SCHEDULE
05-27 04:32:30.072: I/PG Utils(8611): acquire_providerpkg:[com.google.android.gsf] pid:[]  maybe timeout , send to PG
05-27 04:32:30.082: I/PG Utils(13587): acquire_providerpkg:[com.google.android.gsf] pid:[]  maybe timeout , send to PG
05-27 04:32:30.082: I/PG Utils(8611): acquire_providerpkg:[com.google.android.gsf] pid:[]  maybe timeout , send to PG
05-27 04:32:30.102: I/PG Utils(9448): acquire_providerpkg:[com.google.android.gsf] pid:[]  maybe timeout , send to PG
05-27 04:32:30.122: I/GeofencerStateMachine(9448): sendQueryLocationOptIn
05-27 04:32:30.122: I/GeofencerStateMachine(9448): sendQueryLocationOptIn
05-27 04:32:30.122: I/PG Utils(13587): acquire_providerpkg:[com.google.android.gsf] pid:[]  maybe timeout , send to PG
05-27 04:32:30.132: I/art(9054): Explicit concurrent mark sweep GC freed 12416(640KB) AllocSpace objects, 1(48KB) LOS objects, 40% free, 13MB/22MB, paused 839us total 44.244ms
05-27 04:32:30.132: I/GeofencerStateMachine(9448): sendQueryLocationOptIn
05-27 04:32:30.142: I/Vision(13050): Requesting optional module download of ocr.
05-27 04:32:30.152: I/GeofencerStateMachine(9448): sendQueryLocationOptIn
05-27 04:32:30.152: I/Vision(13050): Time to download ocr: 149848
05-27 04:32:30.152: I/PG Utils(8611): acquire_providerpkg:[com.google.android.gsf] pid:[]  maybe timeout , send to PG
05-27 04:32:30.162: I/PG Utils(13587): acquire_providerpkg:[com.google.android.gsf] pid:[]  maybe timeout , send to PG
05-27 04:32:30.182: I/PG Utils(13587): acquire_providerpkg:[com.google.android.gsf] pid:[]  maybe timeout , send to PG
05-27 04:32:30.212: I/PG Utils(13587): acquire_providerpkg:[com.google.android.gsf] pid:[]  maybe timeout , send to PG
05-27 04:32:30.252: I/ActivityManager(2946): filter receiver for action = com.google.android.gms.phenotype.UPDATE
05-27 04:32:30.262: I/TestSupport(13050): AwaitCommitOperation: SaveStrategy__enableSaving [CONTEXT service_id=133 ]
05-27 04:32:30.282: I/TestSupport(13050): AwaitCommitOperation: uncommitted: FlagOverride(com.google.android.gms.auth.api.credentials, , Flag(SaveStrategy__enableSaving, false, 2, 0), false) [CONTEXT service_id=133 ]
05-27 04:32:30.282: I/TestSupport(13050): AwaitCommitOperation:  sleeping for 10 msec. [CONTEXT service_id=133 ]
05-27 04:32:30.282: I/art(13050): Explicit concurrent mark sweep GC freed 18525(1084KB) AllocSpace objects, 6(120KB) LOS objects, 34% free, 30MB/46MB, paused 1.935ms total 178.719ms
05-27 04:32:30.282: I/PG Utils(13050): acquire_providerpkg:[com.google.android.gsf] pid:[]  maybe timeout , send to PG
05-27 04:32:30.292: I/GmsModuleFndr(13050): Beginning GMS chimera module scan
05-27 04:32:30.292: I/ModuleSetMgr(13050): Computing pending module set with APKs: [[VisionOcr.optional:200914000400], [AdsFdrDynamite.integ:21001000000], [Cronetdynamite:200914020400], [Dynamiteloader:200914020000], [Dynamitemodulesa:200914020000], [Dynamitemodulesc:200914020000], [Googlecertificates:200914020000], [Mapsdynamite:200914020000], [Measurementdynamite:200914020000]]
05-27 04:32:30.302: I/PG Utils(13050): acquire_providerpkg:[com.google.android.gsf] pid:[]  maybe timeout , send to PG
05-27 04:32:30.302: I/TestSupport(13050): AwaitCommitOperation: uncommitted: FlagOverride(com.google.android.gms.auth.api.credentials, , Flag(SaveStrategy__enableSaving, false, 2, 0), false) [CONTEXT service_id=133 ]
05-27 04:32:30.302: I/TestSupport(13050): AwaitCommitOperation:  sleeping for 20 msec. [CONTEXT service_id=133 ]
05-27 04:32:30.302: I/PG Utils(13050): acquire_providerpkg:[com.google.android.gsf] pid:[]  maybe timeout , send to PG
05-27 04:32:30.312: I/PG Utils(13050): acquire_providerpkg:[com.google.android.gsf] pid:[]  maybe timeout , send to PG
05-27 04:32:30.312: I/PG Utils(13050): acquire_providerpkg:[com.google.android.gsf] pid:[]  maybe timeout , send to PG
05-27 04:32:30.322: E/Thermal-daemon(2346): [charger_ic] temp_new :45  temp_old :44
05-27 04:32:30.322: E/Thermal-daemon(2346): Report temperature: [charger_ic] temp :45  report_threshold:1
05-27 04:32:30.322: I/TestSupport(13050): AwaitCommitOperation: uncommitted: FlagOverride(com.google.android.gms.auth.api.credentials, , Flag(SaveStrategy__enableSaving, false, 2, 0), false) [CONTEXT service_id=133 ]
05-27 04:32:30.322: I/TestSupport(13050): AwaitCommitOperation:  sleeping for 40 msec. [CONTEXT service_id=133 ]
05-27 04:32:30.332: I/ModuleSetMgr(13050): Pending container module APKs: [[VisionOcr.optional:200914000400]]
05-27 04:32:30.332: I/ModuleSetMgr(13050): Pending non-container module APKs: []
05-27 04:32:30.332: I/PG Utils(13050): acquire_providerpkg:[com.google.android.gsf] pid:[]  maybe timeout , send to PG
05-27 04:32:30.342: I/PG Utils(13050): acquire_providerpkg:[com.google.android.gsf] pid:[]  maybe timeout , send to PG
05-27 04:32:30.372: I/PG Utils(13050): acquire_providerpkg:[com.google.android.gsf] pid:[]  maybe timeout , send to PG
05-27 04:32:30.372: I/TestSupport(13050): AwaitCommitOperation: uncommitted: FlagOverride(com.google.android.gms.auth.api.credentials, , Flag(SaveStrategy__enableSaving, false, 2, 0), false) [CONTEXT service_id=133 ]
05-27 04:32:30.372: I/TestSupport(13050): AwaitCommitOperation:  sleeping for 80 msec. [CONTEXT service_id=133 ]
05-27 04:32:30.382: I/PG Utils(13050): acquire_providerpkg:[com.google.android.gsf] pid:[]  maybe timeout , send to PG
05-27 04:32:30.382: W/ChimeraUtils(13050): Non Chimera context
05-27 04:32:30.382: I/PG Utils(13050): acquire_providerpkg:[com.google.android.gsf] pid:[]  maybe timeout , send to PG
05-27 04:32:30.392: I/ActivityManager(2946): filter receiver for action = com.google.android.gms.gcm.ACTION_SCHEDULE
05-27 04:32:30.392: I/ActivityManager(2946): filter receiver for action = com.google.android.gms.gcm.ACTION_SCHEDULE
05-27 04:32:30.392: I/ChromeSync(13050): [Sync,SyncIntentOperation] Handling the intent: Intent { act=com.google.gservices.intent.action.GSERVICES_CHANGED flg=0x10 cmp=com.google.android.gms/.chimera.GmsIntentOperationService$PersistentInternalReceiver }.
05-27 04:32:30.412: I/PG Utils(13050): acquire_providerpkg:[com.google.android.gsf] pid:[]  maybe timeout , send to PG
05-27 04:32:30.412: I/PG Utils(13050): acquire_providerpkg:[com.google.android.gsf] pid:[]  maybe timeout , send to PG
05-27 04:32:30.432: I/art(13050): DexFile_isDexOptNeeded failed to open oat file '/data/dalvik-cache/arm64/data@data@com.google.android.gms@app_chimera@m@00000008@dl-VisionOcr.optional_200914000400.apk@classes.dex' for file location '/data/data/com.google.android.gms/app_chimera/m/00000008/dl-VisionOcr.optional_200914000400.apk': Failed to open oat filename for reading: No such file or directory
05-27 04:32:30.432: I/art(13050): DexFile_isDexOptNeeded failed to open oat file '/data/dalvik-cache/arm64/data@data@com.google.android.gms@app_chimera@m@00000005@GoogleCertificates.apk@classes.dex' for file location '/data/data/com.google.android.gms/app_chimera/m/00000005/GoogleCertificates.apk': Failed to open oat filename for reading: No such file or directory
05-27 04:32:30.442: I/art(13050): DexFile_isDexOptNeeded failed to open oat file '/data/dalvik-cache/arm64/data@data@com.google.android.gms@app_chimera@m@00000000@AdsDynamite.apk@classes.dex' for file location '/data/data/com.google.android.gms/app_chimera/m/00000000/AdsDynamite.apk': Failed to open oat filename for reading: No such file or directory
05-27 04:32:30.442: I/art(13050): DexFile_isDexOptNeeded failed to open oat file '/data/dalvik-cache/arm64/data@data@com.google.android.gms@app_chimera@m@00000002@DynamiteLoader.apk@classes.dex' for file location '/data/data/com.google.android.gms/app_chimera/m/00000002/DynamiteLoader.apk': Failed to open oat filename for reading: No such file or directory
05-27 04:32:30.442: I/art(13050): DexFile_isDexOptNeeded failed to open oat file '/data/dalvik-cache/arm64/data@data@com.google.android.gms@app_chimera@m@00000003@DynamiteModulesA.apk@classes.dex' for file location '/data/data/com.google.android.gms/app_chimera/m/00000003/DynamiteModulesA.apk': Failed to open oat filename for reading: No such file or directory
05-27 04:32:30.442: I/art(13050): DexFile_isDexOptNeeded failed to open oat file '/data/dalvik-cache/arm64/data@data@com.google.android.gms@app_chimera@m@00000007@MeasurementDynamite.apk@classes.dex' for file location '/data/data/com.google.android.gms/app_chimera/m/00000007/MeasurementDynamite.apk': Failed to open oat filename for reading: No such file or directory
05-27 04:32:30.442: I/art(13050): DexFile_isDexOptNeeded failed to open oat file '/data/dalvik-cache/arm64/data@data@com.google.android.gms@app_chimera@m@00000001@CronetDynamite.apk@classes.dex' for file location '/data/data/com.google.android.gms/app_chimera/m/00000001/CronetDynamite.apk': Failed to open oat filename for reading: No such file or directory
05-27 04:32:30.442: I/art(13050): DexFile_isDexOptNeeded failed to open oat file '/data/dalvik-cache/arm64/data@data@com.google.android.gms@app_chimera@m@00000004@DynamiteModulesC.apk@classes.dex' for file location '/data/data/com.google.android.gms/app_chimera/m/00000004/DynamiteModulesC.apk': Failed to open oat filename for reading: No such file or directory
05-27 04:32:30.452: I/art(13050): DexFile_isDexOptNeeded failed to open oat file '/data/dalvik-cache/arm64/data@data@com.google.android.gms@app_chimera@m@00000006@MapsDynamite.apk@classes.dex' for file location '/data/data/com.google.android.gms/app_chimera/m/00000006/MapsDynamite.apk': Failed to open oat filename for reading: No such file or directory
05-27 04:32:30.452: I/art(9448): Explicit concurrent mark sweep GC freed 36650(1996KB) AllocSpace objects, 8(156KB) LOS objects, 32% free, 32MB/48MB, paused 1.868ms total 234.675ms
05-27 04:32:30.462: I/GmsModuleFndr(13050): Beginning GMS chimera module scan
05-27 04:32:30.462: I/TestSupport(13050): AwaitCommitOperation: uncommitted: FlagOverride(com.google.android.gms.auth.api.credentials, , Flag(SaveStrategy__enableSaving, false, 2, 0), false) [CONTEXT service_id=133 ]
05-27 04:32:30.462: I/TestSupport(13050): AwaitCommitOperation:  sleeping for 160 msec. [CONTEXT service_id=133 ]
05-27 04:32:30.472: I/ModuleSetMgr(13050): Computing pending module set with APKs: [[VisionOcr.optional:200914000400], [AdsFdrDynamite.integ:21001000000], [Cronetdynamite:200914020400], [Dynamiteloader:200914020000], [Dynamitemodulesa:200914020000], [Dynamitemodulesc:200914020000], [Googlecertificates:200914020000], [Mapsdynamite:200914020000], [Measurementdynamite:200914020000]]
05-27 04:32:30.482: I/ModuleSetMgr(13050): Pending container module APKs: [[VisionOcr.optional:200914000400]]
05-27 04:32:30.482: I/ModuleSetMgr(13050): Pending non-container module APKs: []
05-27 04:32:30.482: I/art(9054): Explicit concurrent mark sweep GC freed 3162(126KB) AllocSpace objects, 0(0B) LOS objects, 40% free, 13MB/22MB, paused 655us total 33.924ms
05-27 04:32:30.502: I/ConfigChimeraService(9448): onUpgrade(): oldVersion: 4, newVersion: 7
05-27 04:32:30.502: I/PG Utils(13050): acquire_providerpkg:[com.google.android.gsf] pid:[]  maybe timeout , send to PG
05-27 04:32:30.502: I/PG Utils(13050): acquire_providerpkg:[com.google.android.gsf] pid:[]  maybe timeout , send to PG
05-27 04:32:30.502: I/PG Utils(13050): acquire_providerpkg:[com.google.android.gsf] pid:[]  maybe timeout , send to PG
05-27 04:32:30.502: I/PG Utils(13050): acquire_providerpkg:[com.google.android.gsf] pid:[]  maybe timeout , send to PG
05-27 04:32:30.512: I/MobileDataHub(13050): Scheduling periodic tasks
05-27 04:32:30.542: I/MdiSyncModule(13050): flag handling is skipping irrelevant intent.
05-27 04:32:30.572: I/MS_RegisterService(13050): Tachyon host: instantmessaging-pa.googleapis.com, Tachyon port: 443
05-27 04:32:30.582: I/GeofencerStateMachine(9448): sendQueryLocationOptIn
05-27 04:32:30.582: I/GeofencerStateMachine(9448): sendQueryLocationOptIn
05-27 04:32:30.582: I/GeofencerStateMachine(9448): sendQueryLocationOptIn
05-27 04:32:30.592: E/art(9448): invalid stream - problem with parameter iterator in /data/data/com.google.android.gms/code_cache/secondary-dexes/base.apk.classes2.zip for method void fca.c(java.lang.String, java.lang.String, java.lang.Object[])
05-27 04:32:30.592: I/Herrevad(9448): [863] abif.a: updateListenState
05-27 04:32:30.592: W/NetRec(9448): [862] ConfigChangedIntentOperation.onHandleIntent: Device does not support scoring, exiting
05-27 04:32:30.602: I/Auth(9448): [AuthManaged,PasswordComplexityHelperImpl] Updating password complexity components state.
05-27 04:32:30.602: I/Auth(9448): [AuthManaged,PasswordComplexityHelperImpl] Disabling com.google.android.gms.auth.managed.admin.DeviceAdminReceiver
05-27 04:32:30.602: I/Auth(9448): [AuthManaged,PasswordComplexityHelperImpl] Disabling com.google.android.gms.auth.managed.ui.SetNewPasswordActivity
05-27 04:32:30.632: I/TestSupport(13050): AwaitCommitOperation: uncommitted: FlagOverride(com.google.android.gms.auth.api.credentials, , Flag(SaveStrategy__enableSaving, false, 2, 0), false) [CONTEXT service_id=133 ]
05-27 04:32:30.632: I/TestSupport(13050): AwaitCommitOperation:  sleeping for 320 msec. [CONTEXT service_id=133 ]
05-27 04:32:30.672: I/CheckinUtil(9448): Classify the device as Phone.
05-27 04:32:30.682: I/PG Utils(9448): acquire_providerpkg:[com.google.android.gsf] pid:[]  maybe timeout , send to PG
05-27 04:32:30.692: I/PG Utils(9448): acquire_providerpkg:[com.google.android.gsf] pid:[]  maybe timeout , send to PG
05-27 04:32:30.692: I/PG Utils(9448): acquire_providerpkg:[com.google.android.gsf] pid:[]  maybe timeout , send to PG
05-27 04:32:30.712: I/GCoreUlr(9448): WorldUpdater received intent Intent { act=com.google.android.location.reporting.ACTION_UPDATE_WORLD cmp=com.google.android.gms/com.google.android.location.reporting.service.DispatchingService (has extras) } with receiverAction com.google.gservices.intent.action.GSERVICES_CHANGED
05-27 04:32:30.722: I/PG Utils(9448): acquire_providerpkg:[com.google.android.gsf] pid:[]  maybe timeout , send to PG
05-27 04:32:30.722: I/PG Utils(9448): acquire_providerpkg:[com.google.android.gsf] pid:[]  maybe timeout , send to PG
05-27 04:32:30.742: I/art(13949): Can not find class: Ladvf;
05-27 04:32:30.742: I/PG Utils(9448): acquire_providerpkg:[com.google.android.gsf] pid:[]  maybe timeout , send to PG
05-27 04:32:30.742: I/art(13949): Can not find class: Ladvf;
05-27 04:32:30.742: I/art(13949): Can not find class: Ladvv;
05-27 04:32:30.752: I/GCoreUlr(9448): WorldUpdater:com.google.gservices.intent.action.GSERVICES_CHANGED: Ensuring that reporting is stopped because of reasons: (no Google accounts)
05-27 04:32:30.752: I/art(13050): Explicit concurrent mark sweep GC freed 30495(1685KB) AllocSpace objects, 2(40KB) LOS objects, 34% free, 30MB/46MB, paused 2.470ms total 180.245ms
05-27 04:32:30.762: I/System(9448): core_booster, getBoosterConfig = false
05-27 04:32:30.762: I/GCoreUlr(9448): Unbound from all signal providers.
05-27 04:32:30.762: I/PG Utils(9448): acquire_providerpkg:[com.google.android.gsf] pid:[]  maybe timeout , send to PG
05-27 04:32:30.802: I/GCoreUlr(9448): DispatchingService ignoring Intent { act=android.net.wifi.WIFI_STATE_CHANGED flg=0x4000010 (has extras) } because ULR inactive
05-27 04:32:30.812: I/MS_RegisterService(13050): RegisterService intent:Intent { act=com.google.android.gms.matchstick.register_intent_action cat=[targeted_intent_op_prefix:com.google.android.libraries.matchstick.net.SilentRegisterIntentOperation] cmp=com.google.android.gms/.chimera.GmsIntentOperationService } isPeriodic:false
05-27 04:32:30.822: I/art(9054): Explicit concurrent mark sweep GC freed 3291(127KB) AllocSpace objects, 0(0B) LOS objects, 39% free, 13MB/22MB, paused 758us total 47.935ms
05-27 04:32:30.822: E/Thermal-daemon(2346): [ap] temp_new :47  temp_old :45
05-27 04:32:30.822: E/Thermal-daemon(2346): Report temperature: [ap] temp :47  report_threshold:1
05-27 04:32:30.842: I/ActivityManager(2946): filter receiver for action = com.google.android.gms.phenotype.COMMITTED
05-27 04:32:30.852: E/art(9448): invalid stream - problem with parameter iterator in /data/data/com.google.android.gms/code_cache/secondary-dexes/base.apk.classes2.zip for method void fca.c(java.lang.String, java.lang.String, java.lang.Object[])
05-27 04:32:30.852: W/NetRec(9448): [865] ConfigChangedIntentOperation.onHandleIntent: Device does not support scoring, exiting
05-27 04:32:30.852: I/Auth(9448): [AuthManaged,PasswordComplexityHelperImpl] Updating password complexity components state.
05-27 04:32:30.852: I/Auth(9448): [AuthManaged,PasswordComplexityHelperImpl] Disabling com.google.android.gms.auth.managed.admin.DeviceAdminReceiver
05-27 04:32:30.852: I/Auth(9448): [AuthManaged,PasswordComplexityHelperImpl] Disabling com.google.android.gms.auth.managed.ui.SetNewPasswordActivity
05-27 04:32:30.852: I/PG Utils(13949): acquire_providerpkg:[com.google.android.gsf] pid:[]  maybe timeout , send to PG
05-27 04:32:30.862: I/GCoreUlr(9448): Unbound from all signal providers.
05-27 04:32:30.862: I/GCoreUlr(9448): Stopping handler for UlrDispSvcFast
05-27 04:32:30.862: I/MS_Utils(13050): version of com.google.android.apps.maps = 914018223
05-27 04:32:30.902: I/PG Utils(9448): acquire_providerpkg:[com.google.android.gsf] pid:[]  maybe timeout , send to PG
05-27 04:32:30.922: I/PTCommittedOperation(9448): Receive new configuration for com.google.android.gms.auth.api.credentials
05-27 04:32:30.922: I/PG Utils(9448): acquire_providerpkg:[com.google.android.gsf] pid:[]  maybe timeout , send to PG
05-27 04:32:30.922: W/MS_RegisterService(13050): Not eligible for registration.
05-27 04:32:30.942: I/MdiSyncModule(13050): flag handling is skipping irrelevant intent.
05-27 04:32:30.962: I/TestSupport(13050): AwaitCommitOperation: FlagOverride(com.google.android.gms.auth.api.credentials, , Flag(SaveStrategy__enableSaving, false, 2, 0), true) committed [CONTEXT service_id=133 ]
05-27 04:32:30.962: I/TestSupport(13050): AwaitCommitOperation: no more uncommitted overrides [CONTEXT service_id=133 ]
05-27 04:32:30.972: W/ModuleInitIntentOp(13050): Dropping unexpected action com.google.android.gms.phenotype.COMMITTED
05-27 04:32:30.982: I/SystemUpdate(13050): [Installation,ReceiverIntentOperation] Received intent: Intent { act=com.google.gservices.intent.action.GSERVICES_CHANGED flg=0x10 cmp=com.google.android.gms/.chimera.GmsIntentOperationService$PersistentInternalReceiver }.
05-27 04:32:30.992: I/MultiDex(13949): VM with version 2.1.0 has multidex support
05-27 04:32:30.992: I/MultiDex(13949): Installing application
05-27 04:32:30.992: I/MultiDex(13949): MultiDexExtractor(/data/app/com.google.android.gms-1/base.apk, /data/data/com.google.android.gms/code_cache/secondary-dexes)
05-27 04:32:31.002: I/MultiDex(13949): Blocking on lock /data/data/com.google.android.gms/code_cache/secondary-dexes/MultiDex.lock
05-27 04:32:31.002: I/MultiDex(13949): /data/data/com.google.android.gms/code_cache/secondary-dexes/MultiDex.lock locked
