05-27 04:33:02.282: I/TestSupport(13050): GServices override confirmed: gms:phenotype:phenotype_flag:debug_bypass_phenotype=false [CONTEXT service_id=133 ]
05-27 04:33:02.292: I/PG Utils(9448): acquire_providerpkg:[com.google.android.gsf] pid:[]  maybe timeout , send to PG
05-27 04:33:02.292: I/PG Utils(13050): acquire_providerpkg:[com.google.android.gsf] pid:[]  maybe timeout , send to PG
05-27 04:33:02.302: I/TestSupport(13050): SetFlagOverridesOperation: com.google.android.gms.auth_account, '', [Flag(auth_sig_override_enabled, true, 2, 0)] [CONTEXT service_id=133 ]
05-27 04:33:02.302: I/PG Utils(13050): acquire_providerpkg:[com.google.android.gsf] pid:[]  maybe timeout , send to PG
05-27 04:33:02.312: I/PG Utils(9448): acquire_providerpkg:[com.google.android.gsf] pid:[]  maybe timeout , send to PG
05-27 04:33:02.312: I/PG Utils(9448): acquire_providerpkg:[com.google.android.gsf] pid:[]  maybe timeout , send to PG
05-27 04:33:02.312: E/WifiStateMachine(2946):  ConnectedState !CMD_RSSI_POLL 1 0 "wl-ftl-mt89-1-24" 44:48:c1:a5:96:80 rssi=-58 f=2462 sc=100 link=72 tx=49.1, 0.0, 0.0  rx=134.3 bcn=0 [on:0 tx:0 rx:0 period:3003] from screen [on:0 period:1441282803] gl u24 rssi=-58 ag=0 hr ticks 0,0,0 ls-=0 [56,56,60,60,65] brc=0 lrc=0
05-27 04:33:02.312: E/WifiStateMachine(2946):  L2ConnectedState !CMD_RSSI_POLL 1 0 "wl-ftl-mt89-1-24" 44:48:c1:a5:96:80 rssi=-58 f=2462 sc=100 link=72 tx=49.1, 0.0, 0.0  rx=134.3 bcn=0 [on:0 tx:0 rx:0 period:1] from screen [on:0 period:1441282804] gl u24 rssi=-58 ag=0 hr ticks 0,0,0 ls-=0 [56,56,60,60,65] brc=0 lrc=0
05-27 04:33:02.322: E/WifiStateMachine(2946): fetchRssiLinkSpeedAndFrequencyNative rssi=-58 linkspeed=72 SSID="wl-ftl-mt89-1-24"
05-27 04:33:02.322: E/WifiStateMachine(2946): calculateWifiScore freq=2462 speed=72 score=100 highRSSI  -> txbadrate=0.00 txgoodrate=40.04 txretriesrate=0.00 rxrate=130.67 userTriggerdPenalty0
05-27 04:33:02.322: E/WifiStateMachine(2946):  good link -> stuck count =0
05-27 04:33:02.322: E/WifiStateMachine(2946):  badRSSI count0 lowRSSI count0 --> score 60
05-27 04:33:02.322: E/WifiStateMachine(2946):  isHighRSSI       ---> score=65
05-27 04:33:02.332: I/PG Utils(15932): acquire_providerpkg:[com.google.android.partnersetup] pid:[]  maybe timeout , send to PG
05-27 04:33:02.332: I/PG Utils(9448): acquire_providerpkg:[com.google.android.gsf] pid:[]  maybe timeout , send to PG
05-27 04:33:02.342: I/PG Utils(15908): acquire_providerpkg:[com.google.android.gsf] pid:[]  maybe timeout , send to PG
05-27 04:33:02.352: I/PG Utils(9448): acquire_providerpkg:[com.google.android.gsf] pid:[]  maybe timeout , send to PG
05-27 04:33:02.352: I/PG Utils(15908): acquire_providerpkg:[com.google.android.gsf] pid:[]  maybe timeout , send to PG
05-27 04:33:02.392: I/PG Utils(9448): acquire_providerpkg:[com.google.android.gsf] pid:[]  maybe timeout , send to PG
05-27 04:33:02.452: I/PG Utils(9448): acquire_providerpkg:[com.google.android.gsf] pid:[]  maybe timeout , send to PG
05-27 04:33:02.462: I/PG Utils(9448): acquire_providerpkg:[com.google.android.gsf] pid:[]  maybe timeout , send to PG
05-27 04:33:02.512: I/PG Utils(9448): acquire_providerpkg:[com.google.android.gsf] pid:[]  maybe timeout , send to PG
05-27 04:33:02.542: I/MediaRouter(15828): Found default route: MediaRouter.RouteInfo{ uniqueId=android/.support.v7.media.SystemMediaRouteProvider:DEFAULT_ROUTE, name=Headphones, description=null, iconUri=null, enabled=true, connecting=false, connectionState=0, canDisconnect=false, playbackType=0, playbackStream=3, deviceType=0, volumeHandling=1, volume=8, volumeMax=15, presentationDisplayId=-1, extras=null, settingsIntent=null, providerPackageName=android }
05-27 04:33:02.552: I/art(13050): Explicit concurrent mark sweep GC freed 39573(2MB) AllocSpace objects, 21(436KB) LOS objects, 32% free, 33MB/49MB, paused 1.838ms total 224.100ms
05-27 04:33:02.652: I/PG Utils(9448): acquire_providerpkg:[com.google.android.gsf] pid:[]  maybe timeout , send to PG
05-27 04:33:02.652: I/PG Utils(9448): acquire_providerpkg:[com.google.android.gsf] pid:[]  maybe timeout , send to PG
05-27 04:33:02.652: I/HwSystemManager(3837): HoldService:uid:10042 pid:14858 died
05-27 04:33:02.652: I/HwSystemManager(3837): BgPowerManagerService:onProcessDied uid = 10042
05-27 04:33:02.652: I/HwSystemManager(3837): HoldService:oldVersionKey:10042,14858
05-27 04:33:02.652: E/HsmCoreServiceImpl(2946): onTransact in code is: 102
05-27 04:33:02.652: I/MediaProcessHandler(2946): processOp opType: 1, uid: 10042, pid: 14858
05-27 04:33:02.652: W/MediaProcessHandler(2946): remove target not exist, maybe the UI process: uid: 10042, pid: 14858
05-27 04:33:02.672: I/PG Utils(14636): acquire_providerpkg:[com.google.android.gsf] pid:[]  maybe timeout , send to PG
05-27 04:33:02.682: I/PG Utils(9448): acquire_providerpkg:[com.google.android.gsf] pid:[]  maybe timeout , send to PG
05-27 04:33:02.692: I/PG Utils(9448): acquire_providerpkg:[com.google.android.gsf] pid:[]  maybe timeout , send to PG
05-27 04:33:02.722: I/ActivityManager(2946): filter receiver for action = com.google.android.gms.phenotype.UPDATE
05-27 04:33:02.742: I/TestSupport(13050): AwaitCommitOperation: auth_sig_override_enabled [CONTEXT service_id=133 ]
05-27 04:33:02.752: I/PG Utils(13050): acquire_providerpkg:[com.google.android.gsf] pid:[]  maybe timeout , send to PG
05-27 04:33:02.752: I/TestSupport(13050): AwaitCommitOperation: FlagOverride(com.google.android.gms.auth_account, , Flag(auth_sig_override_enabled, true, 2, 0), false) != FlagOverride(com.google.android.gms.auth_account, , Flag(auth_sig_override_enabled, false, 2, 0), true) [CONTEXT service_id=133 ]
05-27 04:33:02.752: I/TestSupport(13050): AwaitCommitOperation: uncommitted: FlagOverride(com.google.android.gms.auth_account, , Flag(auth_sig_override_enabled, false, 2, 0), true) [CONTEXT service_id=133 ]
05-27 04:33:02.752: I/TestSupport(13050): AwaitCommitOperation:  sleeping for 10 msec. [CONTEXT service_id=133 ]
05-27 04:33:02.762: I/PG Utils(9448): acquire_providerpkg:[com.google.android.gsf] pid:[]  maybe timeout , send to PG
05-27 04:33:02.772: I/PG Utils(9448): acquire_providerpkg:[com.google.android.gsf] pid:[]  maybe timeout , send to PG
05-27 04:33:02.772: I/TestSupport(13050): AwaitCommitOperation: FlagOverride(com.google.android.gms.auth_account, , Flag(auth_sig_override_enabled, true, 2, 0), false) != FlagOverride(com.google.android.gms.auth_account, , Flag(auth_sig_override_enabled, false, 2, 0), true) [CONTEXT service_id=133 ]
05-27 04:33:02.772: I/TestSupport(13050): AwaitCommitOperation: uncommitted: FlagOverride(com.google.android.gms.auth_account, , Flag(auth_sig_override_enabled, false, 2, 0), true) [CONTEXT service_id=133 ]
05-27 04:33:02.772: I/TestSupport(13050): AwaitCommitOperation:  sleeping for 20 msec. [CONTEXT service_id=133 ]
05-27 04:33:02.912: I/HwSystemManager(3837): BgPowerManagerService:onProcessDied uid = 10048
05-27 04:33:02.912: I/HwSystemManager(3837): HoldService:uid:10048 pid:15038 died
05-27 04:33:02.912: I/HwSystemManager(3837): HoldService:oldVersionKey:10048,15038
05-27 04:33:02.912: E/HsmCoreServiceImpl(2946): onTransact in code is: 102
05-27 04:33:02.912: I/MediaProcessHandler(2946): processOp opType: 1, uid: 10048, pid: 15038
05-27 04:33:02.912: W/MediaProcessHandler(2946): remove target not exist, maybe the UI process: uid: 10048, pid: 15038
05-27 04:33:03.002: I/art(9448): Explicit concurrent mark sweep GC freed 65121(4MB) AllocSpace objects, 11(300KB) LOS objects, 32% free, 33MB/49MB, paused 1.655ms total 226.865ms
05-27 04:33:03.002: I/TestSupport(13050): AwaitCommitOperation: FlagOverride(com.google.android.gms.auth_account, , Flag(auth_sig_override_enabled, true, 2, 0), false) != FlagOverride(com.google.android.gms.auth_account, , Flag(auth_sig_override_enabled, false, 2, 0), true) [CONTEXT service_id=133 ]
05-27 04:33:03.002: I/TestSupport(13050): AwaitCommitOperation: uncommitted: FlagOverride(com.google.android.gms.auth_account, , Flag(auth_sig_override_enabled, false, 2, 0), true) [CONTEXT service_id=133 ]
05-27 04:33:03.002: I/TestSupport(13050): AwaitCommitOperation:  sleeping for 40 msec. [CONTEXT service_id=133 ]
05-27 04:33:03.012: I/PG Utils(14636): acquire_providerpkg:[com.android.providers.media] pid:[]  maybe timeout , send to PG
05-27 04:33:03.022: I/PG Utils(9448): acquire_providerpkg:[com.google.android.gsf] pid:[]  maybe timeout , send to PG
05-27 04:33:03.032: I/PG Utils(14636): acquire_providerpkg:[com.android.providers.media] pid:[]  maybe timeout , send to PG
05-27 04:33:03.032: I/PG Utils(9448): acquire_providerpkg:[com.google.android.gsf] pid:[]  maybe timeout , send to PG
05-27 04:33:03.042: I/PG Utils(9448): acquire_providerpkg:[com.google.android.gsf] pid:[]  maybe timeout , send to PG
05-27 04:33:03.042: I/PG Utils(14636): acquire_providerpkg:[com.google.android.gsf] pid:[]  maybe timeout , send to PG
05-27 04:33:03.052: I/PG Utils(9448): acquire_providerpkg:[com.google.android.gsf] pid:[]  maybe timeout , send to PG
05-27 04:33:03.052: I/TestSupport(13050): AwaitCommitOperation: FlagOverride(com.google.android.gms.auth_account, , Flag(auth_sig_override_enabled, true, 2, 0), false) != FlagOverride(com.google.android.gms.auth_account, , Flag(auth_sig_override_enabled, false, 2, 0), true) [CONTEXT service_id=133 ]
05-27 04:33:03.052: I/TestSupport(13050): AwaitCommitOperation: uncommitted: FlagOverride(com.google.android.gms.auth_account, , Flag(auth_sig_override_enabled, false, 2, 0), true) [CONTEXT service_id=133 ]
05-27 04:33:03.052: I/TestSupport(13050): AwaitCommitOperation:  sleeping for 80 msec. [CONTEXT service_id=133 ]
05-27 04:33:03.062: I/PG Utils(9448): acquire_providerpkg:[com.google.android.gsf] pid:[]  maybe timeout , send to PG
05-27 04:33:03.062: I/PG Utils(9448): acquire_providerpkg:[com.google.android.gsf] pid:[]  maybe timeout , send to PG
05-27 04:33:03.072: I/MediaStoreImporter(14636): Update: incremental Added music: 0 Updated music: 0 Deleted music: 0 Created playlists: 0 Updated playlists: 0 Deleted playlists: 0 Inserted playlist items: 0 Deleted playlist items: 0 Removed orphaned playlist items: 0
05-27 04:33:03.072: I/ActivityManager(2946): filter receiver for action = com.google.android.music.IMPORT_COMPLETE
05-27 04:33:03.072: I/Auth(9448): [ReflectiveChannelBinder] Successfully bound channel!
05-27 04:33:03.082: I/PG Utils(9448): acquire_providerpkg:[com.google.android.gsf] pid:[]  maybe timeout , send to PG
05-27 04:33:03.102: I/PG Utils(9448): acquire_providerpkg:[com.google.android.gsf] pid:[]  maybe timeout , send to PG
05-27 04:33:03.112: I/System(9448): core_booster, getBoosterConfig = false
05-27 04:33:03.142: I/TestSupport(13050): AwaitCommitOperation: FlagOverride(com.google.android.gms.auth_account, , Flag(auth_sig_override_enabled, true, 2, 0), false) != FlagOverride(com.google.android.gms.auth_account, , Flag(auth_sig_override_enabled, false, 2, 0), true) [CONTEXT service_id=133 ]
05-27 04:33:03.142: I/TestSupport(13050): AwaitCommitOperation: uncommitted: FlagOverride(com.google.android.gms.auth_account, , Flag(auth_sig_override_enabled, false, 2, 0), true) [CONTEXT service_id=133 ]
05-27 04:33:03.142: I/TestSupport(13050): AwaitCommitOperation:  sleeping for 160 msec. [CONTEXT service_id=133 ]
05-27 04:33:03.142: I/System(9448): core_booster, getBoosterConfig = false
05-27 04:33:03.142: I/System(9448): core_booster, getBoosterConfig = false
05-27 04:33:03.142: W/Conscrypt(9448): Could not set socket write timeout: java.net.SocketException: Socket closed
05-27 04:33:03.142: E/art(9448): invalid stream - problem with parameter iterator in /data/app/com.google.android.gms-1/base.apk for method void com.google.android.gms.org.conscrypt.ConscryptFileDescriptorSocket.setSoWriteTimeout(int)
05-27 04:33:03.142: I/PG Utils(9448): acquire_providerpkg:[com.google.android.gsf] pid:[]  maybe timeout , send to PG
05-27 04:33:03.152: W/Conscrypt(9448): 	at com.google.android.gms.org.conscrypt.Platform.setSocketWriteTimeout(:com.google.android.gms@200914010@20.09.14 (020400-300565878):2)
05-27 04:33:03.152: W/Conscrypt(9448): 	at com.google.android.gms.org.conscrypt.ConscryptFileDescriptorSocket.setSoWriteTimeout(:com.google.android.gms@200914010@20.09.14 (020400-300565878))
05-27 04:33:03.152: I/PG Utils(9448): acquire_providerpkg:[com.google.android.gsf] pid:[]  maybe timeout , send to PG
05-27 04:33:03.202: I/ActivityManager(2946): filter receiver for action = android.intent.action.DROPBOX_ENTRY_ADDED
05-27 04:33:03.202: W/Conscrypt(9448): Could not set socket write timeout: java.net.SocketException: Socket closed
05-27 04:33:03.202: E/art(9448): invalid stream - problem with parameter iterator in /data/app/com.google.android.gms-1/base.apk for method void com.google.android.gms.org.conscrypt.ConscryptFileDescriptorSocket.setSoWriteTimeout(int)
05-27 04:33:03.212: W/Conscrypt(9448): 	at com.google.android.gms.org.conscrypt.Platform.setSocketWriteTimeout(:com.google.android.gms@200914010@20.09.14 (020400-300565878):2)
05-27 04:33:03.212: W/Conscrypt(9448): 	at com.google.android.gms.org.conscrypt.ConscryptFileDescriptorSocket.setSoWriteTimeout(:com.google.android.gms@200914010@20.09.14 (020400-300565878))
05-27 04:33:03.302: I/TestSupport(13050): AwaitCommitOperation: FlagOverride(com.google.android.gms.auth_account, , Flag(auth_sig_override_enabled, true, 2, 0), false) != FlagOverride(com.google.android.gms.auth_account, , Flag(auth_sig_override_enabled, false, 2, 0), true) [CONTEXT service_id=133 ]
05-27 04:33:03.302: I/TestSupport(13050): AwaitCommitOperation: uncommitted: FlagOverride(com.google.android.gms.auth_account, , Flag(auth_sig_override_enabled, false, 2, 0), true) [CONTEXT service_id=133 ]
05-27 04:33:03.302: I/TestSupport(13050): AwaitCommitOperation:  sleeping for 320 msec. [CONTEXT service_id=133 ]
05-27 04:33:03.332: E/Thermal-daemon(2346): [charger_ic] temp_new :48  temp_old :47
05-27 04:33:03.332: E/Thermal-daemon(2346): Report temperature: [charger_ic] temp :48  report_threshold:1
05-27 04:33:03.372: I/PG Utils(9448): acquire_providerpkg:[com.google.android.gsf] pid:[]  maybe timeout , send to PG
05-27 04:33:03.392: I/HwSystemManager(3837): BgPowerManagerService:onProcessDied uid = 10036
05-27 04:33:03.392: I/HwSystemManager(3837): HoldService:uid:10036 pid:15136 died
05-27 04:33:03.392: I/HwSystemManager(3837): HoldService:oldVersionKey:10036,15136
05-27 04:33:03.392: E/HsmCoreServiceImpl(2946): onTransact in code is: 102
05-27 04:33:03.392: I/MediaProcessHandler(2946): processOp opType: 1, uid: 10036, pid: 15136
05-27 04:33:03.392: W/MediaProcessHandler(2946): remove target not exist, maybe the UI process: uid: 10036, pid: 15136
05-27 04:33:03.442: I/PG Utils(9054): acquire_providerpkg:[com.android.providers.contacts] pid:[]  maybe timeout , send to PG
05-27 04:33:03.462: I/PG Utils(9054): acquire_providerpkg:[com.android.providers.contacts] pid:[]  maybe timeout , send to PG
05-27 04:33:03.482: I/PG Utils(9448): acquire_providerpkg:[com.google.android.gsf] pid:[]  maybe timeout , send to PG
05-27 04:33:03.492: I/PG Utils(9448): acquire_providerpkg:[com.google.android.gsf] pid:[]  maybe timeout , send to PG
05-27 04:33:03.492: I/PG Utils(9448): acquire_providerpkg:[com.google.android.gsf] pid:[]  maybe timeout , send to PG
05-27 04:33:03.502: I/PG Utils(9448): acquire_providerpkg:[com.google.android.gsf] pid:[]  maybe timeout , send to PG
05-27 04:33:03.532: I/art(9054): Explicit concurrent mark sweep GC freed 3506(146KB) AllocSpace objects, 0(0B) LOS objects, 39% free, 13MB/23MB, paused 741us total 31.991ms
05-27 04:33:03.542: W/AbstractGoogleClient(16191): Application name is not set. Call Builder#setApplicationName.
05-27 04:33:03.612: I/amwy(9448): Removed 0 invalid users [CONTEXT service_id=51 ]
05-27 04:33:03.622: I/PG Utils(9448): acquire_providerpkg:[com.google.android.gsf] pid:[]  maybe timeout , send to PG
05-27 04:33:03.632: I/PG Utils(9448): acquire_providerpkg:[com.google.android.gsf] pid:[]  maybe timeout , send to PG
05-27 04:33:03.642: I/TestSupport(13050): AwaitCommitOperation: FlagOverride(com.google.android.gms.auth_account, , Flag(auth_sig_override_enabled, true, 2, 0), false) != FlagOverride(com.google.android.gms.auth_account, , Flag(auth_sig_override_enabled, false, 2, 0), true) [CONTEXT service_id=133 ]
05-27 04:33:03.642: I/TestSupport(13050): AwaitCommitOperation: uncommitted: FlagOverride(com.google.android.gms.auth_account, , Flag(auth_sig_override_enabled, false, 2, 0), true) [CONTEXT service_id=133 ]
05-27 04:33:03.642: I/TestSupport(13050): AwaitCommitOperation:  sleeping for 640 msec. [CONTEXT service_id=133 ]
05-27 04:33:03.712: I/PG Utils(16191): acquire_providerpkg:[com.android.providers.calendar] pid:[]  maybe timeout , send to PG
05-27 04:33:03.732: W/StubController(16234): calendar access!
05-27 04:33:03.742: W/ChimeraUtils(9448): Non Chimera context
05-27 04:33:03.832: E/Thermal-daemon(2346): [ap] temp_new :51  temp_old :49
05-27 04:33:03.832: E/Thermal-daemon(2346): Report temperature: [ap] temp :51  report_threshold:1
05-27 04:33:03.862: I/OAM(2625): [check_file_size:402]/data/hwlogdir/wifi_log/wifi_log_1 log file beyond size=10240Byte, creat new file
05-27 04:33:03.862: I/OAM(2625): [rename_old_file:107]rename_old_file
05-27 04:33:03.882: I/HwSystemManager(3837): BgPowerManagerService:onProcessDied uid = 10010
05-27 04:33:03.882: I/HwSystemManager(3837): HoldService:uid:10010 pid:14510 died
05-27 04:33:03.882: I/HwSystemManager(3837): HoldService:oldVersionKey:10010,14510
05-27 04:33:03.882: E/HsmCoreServiceImpl(2946): onTransact in code is: 102
05-27 04:33:03.882: I/MediaProcessHandler(2946): processOp opType: 1, uid: 10010, pid: 14510
05-27 04:33:03.882: W/MediaProcessHandler(2946): remove target not exist, maybe the UI process: uid: 10010, pid: 14510
05-27 04:33:03.992: I/GAv4(16213): Google Analytics 7.8.95 is starting up. To enable debug logging on a device run:
05-27 04:33:03.992: I/GAv4(16213):   adb shell setprop log.tag.GAv4 DEBUG
05-27 04:33:03.992: I/GAv4(16213):   adb logcat -s GAv4
05-27 04:33:04.012: W/GAv4(16213): AnalyticsReceiver is not registered or is disabled. Register the receiver for reliable dispatching on non-Google Play devices. See http://goo.gl/8Rd3yj for instructions.
05-27 04:33:04.022: W/GAv4(16213): CampaignTrackingReceiver is not registered, not exported or is disabled. Installation campaign tracking is not possible. See http://goo.gl/8Rd3yj for instructions.
05-27 04:33:04.032: W/GAv4(16213): AnalyticsService not registered in the app manifest. Hits might not be delivered reliably. See http://goo.gl/8Rd3yj for instructions.
05-27 04:33:04.032: I/PG Utils(9448): acquire_providerpkg:[com.google.android.gsf] pid:[]  maybe timeout , send to PG
05-27 04:33:04.042: W/AnalyticsTrackerProxyImpl(16213): Analytics setup for ID UA-21125203-2, app name Drive, version 2.3.357.23.44
05-27 04:33:04.042: I/PG Utils(9448): acquire_providerpkg:[com.google.android.gsf] pid:[]  maybe timeout , send to PG
05-27 04:33:04.052: I/PG Utils(9448): acquire_providerpkg:[com.google.android.gsf] pid:[]  maybe timeout , send to PG
05-27 04:33:04.062: I/PG Utils(9448): acquire_providerpkg:[com.google.android.gsf] pid:[]  maybe timeout , send to PG
05-27 04:33:04.072: I/PG Utils(9448): acquire_providerpkg:[com.google.android.gsf] pid:[]  maybe timeout , send to PG
05-27 04:33:04.072: E/SQLiteLog(16213): (283) recovered 3 frames from WAL file /data/data/com.google.android.apps.docs/databases/DocList.db-wal
05-27 04:33:04.082: I/System(9448): core_booster, getBoosterConfig = false
05-27 04:33:04.092: I/System(9448): core_booster, getBoosterConfig = false
05-27 04:33:04.092: I/System(9448): core_booster, getBoosterConfig = false
05-27 04:33:04.092: W/Conscrypt(9448): Could not set socket write timeout: java.net.SocketException: Socket closed
05-27 04:33:04.092: E/art(9448): invalid stream - problem with parameter iterator in /data/app/com.google.android.gms-1/base.apk for method void com.google.android.gms.org.conscrypt.ConscryptFileDescriptorSocket.setSoWriteTimeout(int)
05-27 04:33:04.092: W/Conscrypt(9448): 	at com.google.android.gms.org.conscrypt.Platform.setSocketWriteTimeout(:com.google.android.gms@200914010@20.09.14 (020400-300565878):2)
05-27 04:33:04.092: W/Conscrypt(9448): 	at com.google.android.gms.org.conscrypt.ConscryptFileDescriptorSocket.setSoWriteTimeout(:com.google.android.gms@200914010@20.09.14 (020400-300565878))
05-27 04:33:04.112: I/ActivityManager(2946): filter receiver for action = android.intent.action.DROPBOX_ENTRY_ADDED
05-27 04:33:04.122: W/Conscrypt(9448): Could not set socket write timeout: java.net.SocketException: Socket closed
05-27 04:33:04.122: E/art(9448): invalid stream - problem with parameter iterator in /data/app/com.google.android.gms-1/base.apk for method void com.google.android.gms.org.conscrypt.ConscryptFileDescriptorSocket.setSoWriteTimeout(int)
05-27 04:33:04.122: W/Conscrypt(9448): 	at com.google.android.gms.org.conscrypt.Platform.setSocketWriteTimeout(:com.google.android.gms@200914010@20.09.14 (020400-300565878):2)
05-27 04:33:04.122: W/Conscrypt(9448): 	at com.google.android.gms.org.conscrypt.ConscryptFileDescriptorSocket.setSoWriteTimeout(:com.google.android.gms@200914010@20.09.14 (020400-300565878))
05-27 04:33:04.282: I/TestSupport(13050): AwaitCommitOperation: FlagOverride(com.google.android.gms.auth_account, , Flag(auth_sig_override_enabled, true, 2, 0), false) != FlagOverride(com.google.android.gms.auth_account, , Flag(auth_sig_override_enabled, false, 2, 0), true) [CONTEXT service_id=133 ]
05-27 04:33:04.282: I/TestSupport(13050): AwaitCommitOperation: uncommitted: FlagOverride(com.google.android.gms.auth_account, , Flag(auth_sig_override_enabled, false, 2, 0), true) [CONTEXT service_id=133 ]
05-27 04:33:04.282: I/TestSupport(13050): AwaitCommitOperation:  sleeping for 1280 msec. [CONTEXT service_id=133 ]
05-27 04:33:04.392: W/ChimeraUtils(9448): Non Chimera context
05-27 04:33:04.392: I/HwSystemManager(3837): BgPowerManagerService:onProcessDied uid = 10072
05-27 04:33:04.392: I/HwSystemManager(3837): HoldService:uid:10072 pid:15273 died
05-27 04:33:04.392: I/HwSystemManager(3837): HoldService:oldVersionKey:10072,15273
05-27 04:33:04.392: E/HsmCoreServiceImpl(2946): onTransact in code is: 102
05-27 04:33:04.392: I/MediaProcessHandler(2946): processOp opType: 1, uid: 10072, pid: 15273
05-27 04:33:04.392: W/MediaProcessHandler(2946): remove target not exist, maybe the UI process: uid: 10072, pid: 15273
05-27 04:33:04.462: I/PG Utils(9448): acquire_providerpkg:[com.google.android.gsf] pid:[]  maybe timeout , send to PG
05-27 04:33:04.492: I/PG Utils(9448): acquire_providerpkg:[com.google.android.gsf] pid:[]  maybe timeout , send to PG
05-27 04:33:04.492: I/PG Utils(9448): acquire_providerpkg:[com.google.android.gsf] pid:[]  maybe timeout , send to PG
05-27 04:33:04.602: I/art(16213): Can not find class: Ljavax/net/ssl/SNIServerName;
05-27 04:33:04.602: I/art(16213): Can not find class: Ljavax/net/ssl/SNIHostName;
05-27 04:33:04.602: I/art(16213): Can not find class: Ljavax/net/ssl/SNIHostName;
05-27 04:33:04.602: I/art(16213): Can not find class: Ljavax/net/ssl/SNIHostName;
05-27 04:33:04.652: I/art(16213): Can not find class: Lcom/google/android/gms/org/conscrypt/OpenSSLSocketFactoryImpl;
05-27 04:33:04.652: W/System(16213): Could not create com.google.android.gms.org.conscrypt.OpenSSLSocketFactoryImpl with ClassLoader dalvik.system.PathClassLoader[DexPathList[[zip file "/system/app/Drive/Drive.apk"],nativeLibraryDirectories=[/system/app/Drive/lib/arm64, /vendor/lib64, /system/lib64]]]: com.google.android.gms.org.conscrypt.OpenSSLSocketFactoryImpl
05-27 04:33:04.652: I/ProviderInstaller(16213): Installed default security provider GmsCore_OpenSSL
05-27 04:33:04.722: I/CalendarProvider2(16234): Sending notification intent: Intent { act=android.intent.action.PROVIDER_CHANGED dat=content://com.android.calendar }
05-27 04:33:04.722: W/ContentResolver(16234): Failed to get type for: content://com.android.calendar (Unknown URL content://com.android.calendar)
05-27 04:33:04.722: I/ActivityManager(2946): filter receiver for action = android.intent.action.PROVIDER_CHANGED
05-27 04:33:04.842: I/PG Utils(2946): broadcastpkg:[com.google.android.gm] pid:[null]  maybe timeout , send to PG
05-27 04:33:04.842: I/HwSystemManager(3837): BgPowerManagerService:onProcessDied uid = 10086
05-27 04:33:04.842: I/HwSystemManager(3837): HoldService:uid:10086 pid:15298 died
05-27 04:33:04.842: I/HwSystemManager(3837): HoldService:oldVersionKey:10086,15298
05-27 04:33:04.842: E/HsmCoreServiceImpl(2946): onTransact in code is: 102
05-27 04:33:04.842: I/MediaProcessHandler(2946): processOp opType: 1, uid: 10086, pid: 15298
05-27 04:33:04.842: W/MediaProcessHandler(2946): remove target not exist, maybe the UI process: uid: 10086, pid: 15298
05-27 04:33:04.992: I/HwEmailTag(15778): HwUtils->triggerPeriodSync->
05-27 04:33:04.992: I/HwEmailTag(15778): EmailProvider->call->triggerPeroidSync,accountId:-1
05-27 04:33:04.992: I/HwEmailTag(15778): EmailProvider->triggerPeroidSync->accountId:-1
05-27 04:33:05.012: I/HwSystemManager(3837): BgPowerManagerService:onProcessDied uid = 10052
05-27 04:33:05.012: I/HwSystemManager(3837): HoldService:uid:10052 pid:15199 died
05-27 04:33:05.012: I/HwSystemManager(3837): HoldService:oldVersionKey:10052,15199
05-27 04:33:05.012: E/HsmCoreServiceImpl(2946): onTransact in code is: 102
05-27 04:33:05.012: I/MediaProcessHandler(2946): processOp opType: 1, uid: 10052, pid: 15199
05-27 04:33:05.012: W/MediaProcessHandler(2946): remove target not exist, maybe the UI process: uid: 10052, pid: 15199
05-27 04:33:05.212: I/ActivityManager(2946): filter receiver for action = com.android.mail.ACTION_NOTIFY_DATASET_CHANGED
05-27 04:33:05.332: E/WifiStateMachine(2946):  ConnectedState !CMD_RSSI_POLL 1 0 "wl-ftl-mt89-1-24" 44:48:c1:a5:96:80 rssi=-58 f=2462 sc=100 link=72 tx=40.0, 0.0, 0.0  rx=130.7 bcn=0 [on:0 tx:0 rx:0 period:3005] from screen [on:0 period:1441285816] gl u24 rssi=-58 ag=0 hr ticks 0,0,0 ls-=0 [56,56,60,60,65] brc=0 lrc=0
05-27 04:33:05.332: E/WifiStateMachine(2946):  L2ConnectedState !CMD_RSSI_POLL 1 0 "wl-ftl-mt89-1-24" 44:48:c1:a5:96:80 rssi=-58 f=2462 sc=100 link=72 tx=40.0, 0.0, 0.0  rx=130.7 bcn=0 [on:0 tx:0 rx:0 period:1] from screen [on:0 period:1441285817] gl u24 rssi=-58 ag=0 hr ticks 0,0,0 ls-=0 [56,56,60,60,65] brc=0 lrc=0
05-27 04:33:05.332: E/WifiStateMachine(2946): fetchRssiLinkSpeedAndFrequencyNative rssi=-58 linkspeed=72 SSID="wl-ftl-mt89-1-24"
05-27 04:33:05.332: E/WifiStateMachine(2946): calculateWifiScore freq=2462 speed=72 score=100 highRSSI  -> txbadrate=0.00 txgoodrate=66.52 txretriesrate=0.00 rxrate=179.84 userTriggerdPenalty0
05-27 04:33:05.332: E/WifiStateMachine(2946):  good link -> stuck count =0
05-27 04:33:05.332: E/WifiStateMachine(2946):  badRSSI count0 lowRSSI count0 --> score 60
05-27 04:33:05.332: E/WifiStateMachine(2946):  isHighRSSI       ---> score=65
05-27 04:33:05.352: I/ActivityManager(2946): filter receiver for action = com.google.android.gm.intent.ACTION_PROVIDER_CREATED
05-27 04:33:05.412: I/PG Utils(16289): acquire_providerpkg:[com.google.android.gsf] pid:[]  maybe timeout , send to PG
05-27 04:33:05.412: I/Gmail(16289): getAccountsCursor
05-27 04:33:05.432: W/ChimeraUtils(9448): Non Chimera context
05-27 04:33:05.442: I/art(16289): Can not find class: Lcom/google/ads/AdRequest;
05-27 04:33:05.462: W/GAV2(16289): Thread[main,5,main]: Need to call initialize() and be in fallback mode to start dispatch.
05-27 04:33:05.572: I/TestSupport(13050): AwaitCommitOperation: FlagOverride(com.google.android.gms.auth_account, , Flag(auth_sig_override_enabled, true, 2, 0), false) != FlagOverride(com.google.android.gms.auth_account, , Flag(auth_sig_override_enabled, false, 2, 0), true) [CONTEXT service_id=133 ]
05-27 04:33:05.572: I/TestSupport(13050): AwaitCommitOperation: uncommitted: FlagOverride(com.google.android.gms.auth_account, , Flag(auth_sig_override_enabled, false, 2, 0), true) [CONTEXT service_id=133 ]
05-27 04:33:05.572: I/TestSupport(13050): AwaitCommitOperation:  sleeping for 2560 msec. [CONTEXT service_id=133 ]
05-27 04:33:05.622: I/art(2946): Explicit concurrent mark sweep GC freed 14610(848KB) AllocSpace objects, 0(0B) LOS objects, 33% free, 28MB/42MB, paused 2.324ms total 188.075ms
05-27 04:33:05.622: I/PG Utils(9448): acquire_providerpkg:[com.google.android.gsf] pid:[]  maybe timeout , send to PG
05-27 04:33:05.652: I/Gmail(16289): Observing account changes for notifications
05-27 04:33:05.662: E/Gmail(16289): Error finding the version of the Email provider.....
05-27 04:33:05.662: E/Gmail(16289): android.content.pm.PackageManager$NameNotFoundException: com.google.android.email
05-27 04:33:05.662: E/Gmail(16289): 	at android.app.ApplicationPackageManager.getPackageInfo(ApplicationPackageManager.java:120)
05-27 04:33:05.662: E/Gmail(16289): 	at com.google.android.gm.EmailMigrationService.a(SourceFile:1280)
05-27 04:33:05.662: E/Gmail(16289): 	at com.google.android.gm.EmailMigrationService.onHandleIntent(SourceFile:219)
05-27 04:33:05.662: E/Gmail(16289): 	at android.app.IntentService$ServiceHandler.handleMessage(IntentService.java:65)
05-27 04:33:05.662: E/Gmail(16289): 	at android.os.Handler.dispatchMessage(Handler.java:102)
05-27 04:33:05.662: E/Gmail(16289): 	at android.os.Looper.loop(Looper.java:135)
05-27 04:33:05.662: E/Gmail(16289): 	at android.os.HandlerThread.run(HandlerThread.java:61)
05-27 04:33:05.662: W/EmailMigration(16289): We do not support migrating this version of the Email provider.
05-27 04:33:05.672: I/GmailIS(16289): Receive LOGIN_ACCOUNTS_CHANGED intent: Intent { act=android.accounts.LOGIN_ACCOUNTS_CHANGED flg=0x4000010 cmp=com.google.android.gm/.GmailIntentService }
05-27 04:33:05.672: I/Gmail(16289): getAccountsCursor
05-27 04:33:05.692: I/Gmail(16289): System accounts updated.
05-27 04:33:05.732: W/ChimeraUtils(9448): Non Chimera context
05-27 04:33:05.752: I/NotifActionUtils(16289): resendNotifications account: null, folder: null
05-27 04:33:05.842: I/PG Utils(9448): acquire_providerpkg:[com.google.android.gsf] pid:[]  maybe timeout , send to PG
05-27 04:33:05.882: W/ChimeraUtils(9448): Non Chimera context
05-27 04:33:05.902: I/ActivityManager(2946): filter receiver for action = com.android.mail.ACTION_NOTIFY_DATASET_CHANGED
05-27 04:33:05.912: I/Gmail(16289): getAccountsCursor
05-27 04:33:05.912: W/ChimeraUtils(9448): Non Chimera context
05-27 04:33:05.932: I/Gmail(16289): getAccountsCursor
05-27 04:33:05.942: W/ChimeraUtils(9448): Non Chimera context
05-27 04:33:05.972: I/NotifUtils(16289): resendNotifications cancelExisting: false, account: null, folder: null
05-27 04:33:06.092: I/HwSystemManager(3837): HoldService:uid:10087 pid:15356 died
05-27 04:33:06.092: E/HsmCoreServiceImpl(2946): onTransact in code is: 102
05-27 04:33:06.092: I/MediaProcessHandler(2946): processOp opType: 1, uid: 10087, pid: 15356
05-27 04:33:06.092: W/MediaProcessHandler(2946): remove target not exist, maybe the UI process: uid: 10087, pid: 15356
05-27 04:33:06.092: I/HwSystemManager(3837): HoldService:oldVersionKey:10087,15356
05-27 04:33:06.092: I/HwSystemManager(3837): BgPowerManagerService:onProcessDied uid = 10087
05-27 04:33:06.112: I/PG Utils(9448): acquire_providerpkg:[com.google.android.gsf] pid:[]  maybe timeout , send to PG
05-27 04:33:06.112: I/PG Utils(9448): acquire_providerpkg:[com.google.android.gsf] pid:[]  maybe timeout , send to PG
05-27 04:33:06.382: W/DnsProxyListener(2319): Error writing DNS result to client
05-27 04:33:06.392: I/PG Utils(9448): acquire_providerpkg:[com.google.android.gsf] pid:[]  maybe timeout , send to PG
05-27 04:33:06.402: I/ActivityManager(2946): filter receiver for action = com.google.android.gms.phenotype.UPDATE
05-27 04:33:06.402: I/PG Utils(9448): acquire_providerpkg:[com.google.android.gsf] pid:[]  maybe timeout , send to PG
05-27 04:33:06.412: I/ActivityManager(2946): filter receiver for action = com.google.android.gms.phenotype.UPDATE
05-27 04:33:06.412: I/PG Utils(9448): acquire_providerpkg:[com.google.android.gsf] pid:[]  maybe timeout , send to PG
05-27 04:33:06.422: I/ActivityManager(2946): filter receiver for action = com.google.android.gms.phenotype.UPDATE
05-27 04:33:06.422: I/PG Utils(9448): acquire_providerpkg:[com.google.android.gsf] pid:[]  maybe timeout , send to PG
05-27 04:33:06.422: I/ActivityManager(2946): filter receiver for action = com.google.android.gms.phenotype.UPDATE
05-27 04:33:06.432: I/PG Utils(9448): acquire_providerpkg:[com.google.android.gsf] pid:[]  maybe timeout , send to PG
05-27 04:33:06.432: I/ActivityManager(2946): filter receiver for action = com.google.android.gms.phenotype.UPDATE
05-27 04:33:06.432: I/PG Utils(9448): acquire_providerpkg:[com.google.android.gsf] pid:[]  maybe timeout , send to PG
05-27 04:33:06.442: I/ActivityManager(2946): filter receiver for action = com.google.android.gms.phenotype.UPDATE
05-27 04:33:06.442: I/PG Utils(9448): acquire_providerpkg:[com.google.android.gsf] pid:[]  maybe timeout , send to PG
05-27 04:33:06.452: I/ActivityManager(2946): filter receiver for action = com.google.android.gms.phenotype.UPDATE
05-27 04:33:06.452: I/PG Utils(9448): acquire_providerpkg:[com.google.android.gsf] pid:[]  maybe timeout , send to PG
05-27 04:33:06.462: I/ActivityManager(2946): filter receiver for action = com.google.android.gms.phenotype.UPDATE
05-27 04:33:06.462: I/PG Utils(9448): acquire_providerpkg:[com.google.android.gsf] pid:[]  maybe timeout , send to PG
05-27 04:33:06.462: I/ActivityManager(2946): filter receiver for action = com.google.android.gms.phenotype.UPDATE
05-27 04:33:06.472: I/PG Utils(9448): acquire_providerpkg:[com.google.android.gsf] pid:[]  maybe timeout , send to PG
05-27 04:33:06.472: I/ActivityManager(2946): filter receiver for action = com.google.android.gms.phenotype.UPDATE
05-27 04:33:06.472: I/PG Utils(9448): acquire_providerpkg:[com.google.android.gsf] pid:[]  maybe timeout , send to PG
05-27 04:33:06.482: I/ActivityManager(2946): filter receiver for action = com.google.android.gms.phenotype.UPDATE
05-27 04:33:06.482: I/PG Utils(9448): acquire_providerpkg:[com.google.android.gsf] pid:[]  maybe timeout , send to PG
05-27 04:33:06.492: I/ActivityManager(2946): filter receiver for action = com.google.android.gms.phenotype.UPDATE
05-27 04:33:06.492: I/PG Utils(9448): acquire_providerpkg:[com.google.android.gsf] pid:[]  maybe timeout , send to PG
05-27 04:33:06.502: I/ActivityManager(2946): filter receiver for action = com.google.android.gms.phenotype.UPDATE
05-27 04:33:06.502: I/ActivityManager(2946): filter receiver for action = com.google.android.gms.phenotype.UPDATE
05-27 04:33:06.502: I/PG Utils(9448): acquire_providerpkg:[com.google.android.gsf] pid:[]  maybe timeout , send to PG
05-27 04:33:06.502: I/ActivityManager(2946): filter receiver for action = com.google.android.gms.phenotype.UPDATE
05-27 04:33:06.512: I/PG Utils(9448): acquire_providerpkg:[com.google.android.gsf] pid:[]  maybe timeout , send to PG
05-27 04:33:06.512: I/ActivityManager(2946): filter receiver for action = com.google.android.gms.phenotype.UPDATE
05-27 04:33:06.512: I/ActivityManager(2946): filter receiver for action = com.google.android.gms.phenotype.UPDATE
05-27 04:33:06.522: I/PG Utils(9448): acquire_providerpkg:[com.google.android.gsf] pid:[]  maybe timeout , send to PG
05-27 04:33:06.522: I/ActivityManager(2946): filter receiver for action = com.google.android.gms.phenotype.UPDATE
05-27 04:33:06.522: I/PG Utils(9448): acquire_providerpkg:[com.google.android.gsf] pid:[]  maybe timeout , send to PG
05-27 04:33:06.532: I/ActivityManager(2946): filter receiver for action = com.google.android.gms.phenotype.UPDATE
05-27 04:33:06.532: I/PG Utils(9448): acquire_providerpkg:[com.google.android.gsf] pid:[]  maybe timeout , send to PG
05-27 04:33:06.542: I/ActivityManager(2946): filter receiver for action = com.google.android.gms.phenotype.UPDATE
05-27 04:33:06.542: I/PG Utils(9448): acquire_providerpkg:[com.google.android.gsf] pid:[]  maybe timeout , send to PG
05-27 04:33:06.552: I/ActivityManager(2946): filter receiver for action = com.google.android.gms.phenotype.UPDATE
05-27 04:33:06.552: I/ActivityManager(2946): filter receiver for action = com.google.android.gms.phenotype.UPDATE
05-27 04:33:06.552: I/PG Utils(9448): acquire_providerpkg:[com.google.android.gsf] pid:[]  maybe timeout , send to PG
05-27 04:33:06.552: I/ActivityManager(2946): filter receiver for action = com.google.android.gms.phenotype.UPDATE
05-27 04:33:06.562: I/PG Utils(9448): acquire_providerpkg:[com.google.android.gsf] pid:[]  maybe timeout , send to PG
05-27 04:33:06.562: I/ActivityManager(2946): filter receiver for action = com.google.android.gms.phenotype.UPDATE
05-27 04:33:06.572: I/PG Utils(9448): acquire_providerpkg:[com.google.android.gsf] pid:[]  maybe timeout , send to PG
05-27 04:33:06.572: I/ActivityManager(2946): filter receiver for action = com.google.android.gms.phenotype.UPDATE
05-27 04:33:06.572: I/PG Utils(9448): acquire_providerpkg:[com.google.android.gsf] pid:[]  maybe timeout , send to PG
05-27 04:33:06.582: I/ActivityManager(2946): filter receiver for action = com.google.android.gms.phenotype.UPDATE
05-27 04:33:06.582: I/PG Utils(9448): acquire_providerpkg:[com.google.android.gsf] pid:[]  maybe timeout , send to PG
05-27 04:33:06.592: I/ActivityManager(2946): filter receiver for action = com.google.android.gms.phenotype.UPDATE
05-27 04:33:06.592: I/PG Utils(9448): acquire_providerpkg:[com.google.android.gsf] pid:[]  maybe timeout , send to PG
05-27 04:33:06.592: I/ActivityManager(2946): filter receiver for action = com.google.android.gms.phenotype.UPDATE
05-27 04:33:06.602: I/PG Utils(9448): acquire_providerpkg:[com.google.android.gsf] pid:[]  maybe timeout , send to PG
05-27 04:33:06.602: I/ActivityManager(2946): filter receiver for action = com.google.android.gms.phenotype.UPDATE
05-27 04:33:06.602: I/PG Utils(9448): acquire_providerpkg:[com.google.android.gsf] pid:[]  maybe timeout , send to PG
05-27 04:33:06.612: I/ActivityManager(2946): filter receiver for action = com.google.android.gms.phenotype.UPDATE
05-27 04:33:06.612: I/PG Utils(9448): acquire_providerpkg:[com.google.android.gsf] pid:[]  maybe timeout , send to PG
05-27 04:33:06.622: I/ActivityManager(2946): filter receiver for action = com.google.android.gms.phenotype.UPDATE
05-27 04:33:06.682: I/PG Utils(16357): acquire_providerpkg:[com.google.android.gsf] pid:[]  maybe timeout , send to PG
05-27 04:33:06.752: I/PG Utils(13050): acquire_providerpkg:[com.google.android.gsf] pid:[]  maybe timeout , send to PG
05-27 04:33:06.782: I/PG Utils(13050): acquire_providerpkg:[com.google.android.gsf] pid:[]  maybe timeout , send to PG
05-27 04:33:06.802: I/PG Utils(13050): acquire_providerpkg:[com.google.android.gsf] pid:[]  maybe timeout , send to PG
05-27 04:33:06.802: I/PG Utils(13050): acquire_providerpkg:[com.google.android.gsf] pid:[]  maybe timeout , send to PG
05-27 04:33:06.802: I/Icing(13050): IndexChimeraService.getServiceInterface callingPackage=com.google.android.gms componentName=null serviceId=36
05-27 04:33:06.812: I/PG Utils(13050): acquire_providerpkg:[com.google.android.gsf] pid:[]  maybe timeout , send to PG
05-27 04:33:06.812: I/PG Utils(13050): acquire_providerpkg:[com.google.android.gsf] pid:[]  maybe timeout , send to PG
05-27 04:33:06.822: W/GAV2(16357): Thread[main,5,main]: Need to call initialize() and be in fallback mode to start dispatch.
05-27 04:33:06.822: I/PG Utils(13050): acquire_providerpkg:[com.google.android.gsf] pid:[]  maybe timeout , send to PG
05-27 04:33:06.832: I/BooksApp(16357): Created application version: 3.6.9 (30609)
05-27 04:33:06.832: I/PG Utils(13050): acquire_providerpkg:[com.google.android.gsf] pid:[]  maybe timeout , send to PG
05-27 04:33:06.852: I/PG Utils(13050): acquire_providerpkg:[com.google.android.gsf] pid:[]  maybe timeout , send to PG
05-27 04:33:06.882: I/art(9448): Explicit concurrent mark sweep GC freed 124855(6MB) AllocSpace objects, 10(1040KB) LOS objects, 31% free, 34MB/50MB, paused 2.340ms total 260.369ms
05-27 04:33:06.892: I/PG Utils(9448): acquire_providerpkg:[com.google.android.gsf] pid:[]  maybe timeout , send to PG
05-27 04:33:06.892: I/PG Utils(9448): acquire_providerpkg:[com.google.android.gsf] pid:[]  maybe timeout , send to PG
05-27 04:33:06.902: I/art(9054): Explicit concurrent mark sweep GC freed 2812(112KB) AllocSpace objects, 0(0B) LOS objects, 40% free, 13MB/23MB, paused 818us total 36.820ms
05-27 04:33:06.902: I/ActivityManager(2946): filter receiver for action = com.google.android.gms.phenotype.UPDATE
05-27 04:33:06.912: I/PG Utils(9448): acquire_providerpkg:[com.google.android.gsf] pid:[]  maybe timeout , send to PG
05-27 04:33:06.932: I/Icing(13050): IndexChimeraService.getServiceInterface callingPackage=com.google.android.apps.books componentName=null serviceId=21
05-27 04:33:06.972: I/art(2340): Explicit concurrent mark sweep GC freed 709(30KB) AllocSpace objects, 0(0B) LOS objects, 55% free, 12MB/28MB, paused 387us total 22.379ms
05-27 04:33:06.992: I/art(2340): Explicit concurrent mark sweep GC freed 5(160B) AllocSpace objects, 0(0B) LOS objects, 55% free, 12MB/28MB, paused 471us total 19.902ms
05-27 04:33:07.012: I/art(2340): Explicit concurrent mark sweep GC freed 5(160B) AllocSpace objects, 0(0B) LOS objects, 55% free, 12MB/28MB, paused 560us total 20.429ms
05-27 04:33:07.062: I/PG Utils(13050): acquire_providerpkg:[com.google.android.gsf] pid:[]  maybe timeout , send to PG
05-27 04:33:07.082: I/HwSystemManager(3837): BgPowerManagerService:onProcessDied uid = 10089
05-27 04:33:07.082: I/HwSystemManager(3837): HoldService:uid:10089 pid:15579 died
05-27 04:33:07.082: I/HwSystemManager(3837): HoldService:oldVersionKey:10089,15579
05-27 04:33:07.082: E/HsmCoreServiceImpl(2946): onTransact in code is: 102
05-27 04:33:07.082: I/MediaProcessHandler(2946): processOp opType: 1, uid: 10089, pid: 15579
05-27 04:33:07.082: W/MediaProcessHandler(2946): remove target not exist, maybe the UI process: uid: 10089, pid: 15579
05-27 04:33:07.092: I/ActivityManager(2946): filter receiver for action = com.google.android.gms.phenotype.UPDATE
05-27 04:33:07.092: I/GmsCoreXrpcWrapper(13050): Returning a channel provider with trafficStatsTag=12803
05-27 04:33:07.092: I/PG Utils(9448): acquire_providerpkg:[com.google.android.gsf] pid:[]  maybe timeout , send to PG
05-27 04:33:07.102: I/PG Utils(13050): acquire_providerpkg:[com.google.android.gsf] pid:[]  maybe timeout , send to PG
05-27 04:33:07.102: I/ActivityManager(2946): filter receiver for action = com.google.android.gms.phenotype.UPDATE
05-27 04:33:07.102: I/PG Utils(13050): acquire_providerpkg:[com.google.android.gsf] pid:[]  maybe timeout , send to PG
05-27 04:33:07.102: I/PG Utils(9448): acquire_providerpkg:[com.google.android.gsf] pid:[]  maybe timeout , send to PG
05-27 04:33:07.112: I/ActivityManager(2946): filter receiver for action = com.google.android.gms.phenotype.UPDATE
05-27 04:33:07.112: I/PG Utils(9448): acquire_providerpkg:[com.google.android.gsf] pid:[]  maybe timeout , send to PG
05-27 04:33:07.122: I/PG Utils(13050): acquire_providerpkg:[com.google.android.gsf] pid:[]  maybe timeout , send to PG
05-27 04:33:07.122: I/ActivityManager(2946): filter receiver for action = com.google.android.gms.phenotype.UPDATE
05-27 04:33:07.132: I/PG Utils(9448): acquire_providerpkg:[com.google.android.gsf] pid:[]  maybe timeout , send to PG
05-27 04:33:07.132: I/ActivityManager(2946): filter receiver for action = com.google.android.gms.phenotype.UPDATE
05-27 04:33:07.142: I/PG Utils(13050): acquire_providerpkg:[com.google.android.gsf] pid:[]  maybe timeout , send to PG
05-27 04:33:07.142: I/PG Utils(9448): acquire_providerpkg:[com.google.android.gsf] pid:[]  maybe timeout , send to PG
05-27 04:33:07.152: I/PG Utils(13050): acquire_providerpkg:[com.google.android.gsf] pid:[]  maybe timeout , send to PG
05-27 04:33:07.152: I/ActivityManager(2946): filter receiver for action = com.google.android.gms.phenotype.UPDATE
05-27 04:33:07.162: I/PG Utils(9448): acquire_providerpkg:[com.google.android.gsf] pid:[]  maybe timeout , send to PG
05-27 04:33:07.162: I/PG Utils(13050): acquire_providerpkg:[com.google.android.gsf] pid:[]  maybe timeout , send to PG
05-27 04:33:07.162: I/ActivityManager(2946): filter receiver for action = com.google.android.gms.phenotype.UPDATE
05-27 04:33:07.172: I/ActivityManager(2946): filter receiver for action = com.google.android.gms.phenotype.UPDATE
05-27 04:33:07.182: I/PG Utils(9448): acquire_providerpkg:[com.google.android.gsf] pid:[]  maybe timeout , send to PG
05-27 04:33:07.182: I/ActivityManager(2946): filter receiver for action = com.google.android.gms.phenotype.UPDATE
05-27 04:33:07.182: I/ActivityManager(2946): filter receiver for action = com.google.android.gms.phenotype.UPDATE
05-27 04:33:07.192: I/Icing(13050): Usage reports ok 0, Failed Usage reports 0, indexed 0, rejected 0
05-27 04:33:07.192: I/PG Utils(9448): acquire_providerpkg:[com.google.android.gsf] pid:[]  maybe timeout , send to PG
05-27 04:33:07.192: I/Icing(13050): IndexChimeraService.getServiceInterface callingPackage=com.google.android.gms componentName=null serviceId=30
05-27 04:33:07.192: I/PG Utils(13050): acquire_providerpkg:[com.google.android.gsf] pid:[]  maybe timeout , send to PG
05-27 04:33:07.212: I/ActivityManager(2946): filter receiver for action = com.google.android.gms.phenotype.UPDATE
05-27 04:33:07.212: I/ActivityManager(2946): filter receiver for action = com.google.android.gms.phenotype.UPDATE
05-27 04:33:07.212: I/PG Utils(9448): acquire_providerpkg:[com.google.android.gsf] pid:[]  maybe timeout , send to PG
05-27 04:33:07.222: I/ActivityManager(2946): filter receiver for action = com.google.android.gms.phenotype.UPDATE
05-27 04:33:07.222: I/PG Utils(9448): acquire_providerpkg:[com.google.android.gsf] pid:[]  maybe timeout , send to PG
05-27 04:33:07.232: I/GmsCoreXrpcWrapper(13050): Returning a channel provider with trafficStatsTag=12803
05-27 04:33:07.252: I/ActivityManager(2946): filter receiver for action = com.google.android.gms.phenotype.UPDATE
05-27 04:33:07.252: I/PG Utils(9448): acquire_providerpkg:[com.google.android.gsf] pid:[]  maybe timeout , send to PG
05-27 04:33:07.262: I/Icing(13050): Usage reports ok 0, Failed Usage reports 0, indexed 0, rejected 0
05-27 04:33:07.272: I/ActivityManager(2946): filter receiver for action = com.google.android.gms.phenotype.UPDATE
05-27 04:33:07.272: I/PG Utils(9448): acquire_providerpkg:[com.google.android.gsf] pid:[]  maybe timeout , send to PG
05-27 04:33:07.282: I/ActivityManager(2946): filter receiver for action = com.google.android.gms.phenotype.UPDATE
05-27 04:33:07.282: I/PG Utils(9448): acquire_providerpkg:[com.google.android.gsf] pid:[]  maybe timeout , send to PG
05-27 04:33:07.322: I/ActivityManager(2946): filter receiver for action = com.google.android.gms.phenotype.UPDATE
05-27 04:33:07.332: I/PG Utils(9448): acquire_providerpkg:[com.google.android.gsf] pid:[]  maybe timeout , send to PG
05-27 04:33:07.332: I/ActivityManager(2946): filter receiver for action = com.google.android.gms.phenotype.UPDATE
05-27 04:33:07.342: I/PG Utils(9448): acquire_providerpkg:[com.google.android.gsf] pid:[]  maybe timeout , send to PG
05-27 04:33:07.352: I/GmsCoreXrpcWrapper(13050): Returning a channel provider with trafficStatsTag=12803
05-27 04:33:07.362: I/ActivityManager(2946): filter receiver for action = com.google.android.gms.phenotype.UPDATE
05-27 04:33:07.362: I/PG Utils(9448): acquire_providerpkg:[com.google.android.gsf] pid:[]  maybe timeout , send to PG
05-27 04:33:07.362: I/Icing(13050): Usage reports ok 0, Failed Usage reports 0, indexed 0, rejected 0
05-27 04:33:07.372: I/ActivityManager(2946): filter receiver for action = com.google.android.gms.phenotype.UPDATE
05-27 04:33:07.372: I/PG Utils(9448): acquire_providerpkg:[com.google.android.gsf] pid:[]  maybe timeout , send to PG
05-27 04:33:07.382: I/ActivityManager(2946): filter receiver for action = com.google.android.gms.phenotype.UPDATE
05-27 04:33:07.382: I/PG Utils(9448): acquire_providerpkg:[com.google.android.gsf] pid:[]  maybe timeout , send to PG
05-27 04:33:07.402: I/ActivityManager(2946): filter receiver for action = com.google.android.gms.phenotype.UPDATE
05-27 04:33:07.412: I/PG Utils(9448): acquire_providerpkg:[com.google.android.gsf] pid:[]  maybe timeout , send to PG
05-27 04:33:07.422: I/ActivityManager(2946): filter receiver for action = com.google.android.gms.phenotype.UPDATE
05-27 04:33:07.432: I/PG Utils(9448): acquire_providerpkg:[com.google.android.gsf] pid:[]  maybe timeout , send to PG
05-27 04:33:07.432: I/ActivityManager(2946): filter receiver for action = com.google.android.gms.phenotype.UPDATE
05-27 04:33:07.442: I/PG Utils(9448): acquire_providerpkg:[com.google.android.gsf] pid:[]  maybe timeout , send to PG
05-27 04:33:07.442: I/ActivityManager(2946): filter receiver for action = com.google.android.gms.phenotype.UPDATE
05-27 04:33:07.442: I/PG Utils(9448): acquire_providerpkg:[com.google.android.gsf] pid:[]  maybe timeout , send to PG
05-27 04:33:07.452: I/ActivityManager(2946): filter receiver for action = com.google.android.gms.phenotype.UPDATE
05-27 04:33:07.452: I/PG Utils(9448): acquire_providerpkg:[com.google.android.gsf] pid:[]  maybe timeout , send to PG
05-27 04:33:07.462: I/ActivityManager(2946): filter receiver for action = com.google.android.gms.phenotype.UPDATE
05-27 04:33:07.462: I/PG Utils(9448): acquire_providerpkg:[com.google.android.gsf] pid:[]  maybe timeout , send to PG
05-27 04:33:07.462: I/ActivityManager(2946): filter receiver for action = com.google.android.gms.phenotype.UPDATE
05-27 04:33:07.472: I/PG Utils(9448): acquire_providerpkg:[com.google.android.gsf] pid:[]  maybe timeout , send to PG
05-27 04:33:07.472: I/ActivityManager(2946): filter receiver for action = com.google.android.gms.phenotype.UPDATE
