05-27 04:32:37.032: I/appproc(14207): Command=app_process /system/bin com.android.commands.settings.SettingsCmd put system firebase.test.lab true 
05-27 04:32:37.032: I/appproc(14207): app_process:number,6,0
05-27 04:32:37.042: I/AndroidRuntime(14207): readDownloadBoosterConfig: 'false'
05-27 04:32:37.042: I/AndroidRuntime(14207): [ 05-27 04:32:37.182 14207:14207 I/         ]
05-27 04:32:37.042: I/AndroidRuntime(14207): power log dlsym ok
05-27 04:32:37.222: E/android_hardware_fm.cpp(14207): register_android_hardware_fm_fmradio
05-27 04:32:37.222: I/android_hardware_fm.cpp(14207): ========64bit long size = 8
05-27 04:32:37.222: E/FM_HAL(14207): [FM_HAL], libname is libhisifm_if
05-27 04:32:37.222: I/fm_hisi(14207): FM::[fm_device_open:4655] fm_device_open
05-27 04:32:37.222: I/fm_hisi(14207): FM::[fm_device_open:4666] find the id:libhisifm_if and begins to open the device
05-27 04:32:37.222: I/fm_hisi(14207): FM::[fm_device_open:4710] device open sucess
05-27 04:32:37.222: E/android_hardware_fm.cpp(14207): register_android_hardware_fm_fmradio, ret is 0
05-27 04:32:37.482: I/wpa_supplicant(3269): wlan0: HEART-BEAT-ACK: 26
05-27 04:32:37.492: E/WifiMonitor(2946): WifiMonitor:wlan0 cnt=68 dispatchEvent: HEART-BEAT-ACK: 26
05-27 04:32:37.492: E/WifiStateMachine(2946):  ConnectedState !what:147506 0 0
05-27 04:32:37.492: E/WifiStateMachine(2946):  L2ConnectedState !what:147506 0 0
05-27 04:32:37.492: E/WifiStateMachine(2946):  ConnectModeState !what:147506 0 0
05-27 04:32:37.492: E/WifiStateMachine(2946):  DriverStartedState !what:147506 0 0
05-27 04:32:37.492: E/WifiStateMachine(2946):  SupplicantStartedState !what:147506 0 0
05-27 04:32:37.772: I/appproc(14227): CLASSPATH=/system/framework/input.jar
05-27 04:32:37.772: I/appproc(14227): Command=app_process /system/bin com.android.commands.input.Input keyevent 3 
05-27 04:32:37.772: I/appproc(14227): app_process:number,4,0
05-27 04:32:37.772: I/AndroidRuntime(14227): readDownloadBoosterConfig: 'false'
05-27 04:32:37.772: I/AndroidRuntime(14227): [ 05-27 04:32:37.912 14227:14227 I/         ]
05-27 04:32:37.772: I/AndroidRuntime(14227): power log dlsym ok
05-27 04:32:37.962: E/android_hardware_fm.cpp(14227): register_android_hardware_fm_fmradio
05-27 04:32:37.962: I/android_hardware_fm.cpp(14227): ========64bit long size = 8
05-27 04:32:37.962: E/FM_HAL(14227): [FM_HAL], libname is libhisifm_if
05-27 04:32:37.962: I/fm_hisi(14227): FM::[fm_device_open:4655] fm_device_open
05-27 04:32:37.962: I/fm_hisi(14227): FM::[fm_device_open:4666] find the id:libhisifm_if and begins to open the device
05-27 04:32:37.962: I/fm_hisi(14227): FM::[fm_device_open:4710] device open sucess
05-27 04:32:37.962: E/android_hardware_fm.cpp(14227): register_android_hardware_fm_fmradio, ret is 0
05-27 04:32:37.992: I/Input(14227): injectKeyEvent: KeyEvent { action=ACTION_DOWN, keyCode=KEYCODE_HOME, scanCode=0, metaState=0, flags=0x0, repeatCount=0, eventTime=426228, downTime=426228, deviceId=-1, source=0x101 }
05-27 04:32:38.002: I/Input(14227): injectKeyEvent: KeyEvent { action=ACTION_UP, keyCode=KEYCODE_HOME, scanCode=0, metaState=0, flags=0x0, repeatCount=0, eventTime=426228, downTime=426228, deviceId=-1, source=0x101 }
05-27 04:32:38.012: I/art(2946): Can not find class: Lcom/android/server/statusbar/StatusBarManagerService$4;
05-27 04:32:38.012: I/HwLauncher(3581): Launcher dismissDialog
05-27 04:32:38.022: I/HwLauncher(3581): Launcher onPause()
05-27 04:32:38.022: I/HwLauncher(3581): Launcher.MotionManager stopMotionAppsReco 402
05-27 04:32:38.022: I/HwLauncher(3581): Launcher.MotionManager stopMotionAppsReco 403
05-27 04:32:38.022: I/HwLauncher(3581): Launcher  onNewIntent mIsToUninstallApp = false,mIsLoading = false
05-27 04:32:38.022: W/HwLauncher(3581): Launcher.MotionManager stopMotionAppsReco service flg 402 is unavailable
05-27 04:32:38.022: W/HwLauncher(3581): Launcher.MotionManager stopMotionAppsReco service flg 403 is unavailable
05-27 04:32:38.022: I/HwLauncher(3581): Launcher dismissDialog
05-27 04:32:38.032: I/HwLauncher(3581):  FPSMonitor snapToPage whichPage = 0 delta = 0 duration = 550
05-27 04:32:38.032: I/HwLauncher(3581): PagedView.TouchTrackerTouchTracker construct mEnable=true mDrawingDelay=24
05-27 04:32:38.042: I/HwLauncher(3581): Launcher  onNewIntent end
05-27 04:32:38.042: I/HwLauncher(3581): Launcher onResume()
05-27 04:32:38.042: I/HwLauncher(3581): Launcher doResumeWork()
05-27 04:32:38.042: I/HwLauncher(3581): Launcher.MotionManager startMotionAppsReco 402
05-27 04:32:38.042: I/HwLauncher(3581): Launcher  onResume mIsToUninstallApp = false
05-27 04:32:38.132: I/PG Utils(3581): acquire_providerpkg:[com.huawei.motionservice] pid:[]  maybe timeout , send to PG
05-27 04:32:38.172: W/MotionDetectionManager(3581): startMotionAppsReco motionApps: 402 disabled
05-27 04:32:38.172: W/HwLauncher(3581): Launcher.MotionManager startMotionAppsReco service flg 402 is unavailable
05-27 04:32:38.252: E/WifiStateMachine(2946):  ConnectedState !CMD_RSSI_POLL 1 0 "wl-ftl-mt89-1-24" 44:48:c1:a5:96:80 rssi=-57 f=2462 sc=100 link=72 tx=4.1, 0.0, 0.0  rx=70.4 bcn=0 [on:0 tx:0 rx:0 period:3004] from screen [on:0 period:1441258738] gl u24 rssi=-57 ag=0 hr ticks 0,0,0 ls-=0 [56,56,56,56,61] brc=0 lrc=0
05-27 04:32:38.252: E/WifiStateMachine(2946):  L2ConnectedState !CMD_RSSI_POLL 1 0 "wl-ftl-mt89-1-24" 44:48:c1:a5:96:80 rssi=-57 f=2462 sc=100 link=72 tx=4.1, 0.0, 0.0  rx=70.4 bcn=0 [on:0 tx:0 rx:0 period:1] from screen [on:0 period:1441258739] gl u24 rssi=-57 ag=0 hr ticks 0,0,0 ls-=0 [56,56,56,56,61] brc=0 lrc=0
05-27 04:32:38.252: E/WifiStateMachine(2946): fetchRssiLinkSpeedAndFrequencyNative rssi=-58 linkspeed=72 SSID="wl-ftl-mt89-1-24"
05-27 04:32:38.252: E/WifiStateMachine(2946): calculateWifiScore freq=2462 speed=72 score=100 highRSSI  -> txbadrate=0.00 txgoodrate=2.05 txretriesrate=0.00 rxrate=66.71 userTriggerdPenalty0
05-27 04:32:38.252: E/WifiStateMachine(2946):  good link -> stuck count =0
05-27 04:32:38.252: E/WifiStateMachine(2946):  badRSSI count0 lowRSSI count0 --> score 56
05-27 04:32:38.252: E/WifiStateMachine(2946):  isHighRSSI       ---> score=61
05-27 04:32:38.292: I/HwSystemManager(3837): BgPowerManagerService:onProcessDied uid = 10003
05-27 04:32:38.292: I/HwSystemManager(3837): HoldService:uid:10003 pid:8346 died
05-27 04:32:38.292: I/HwSystemManager(3837): HoldService:oldVersionKey:10003,8346
05-27 04:32:38.292: E/HsmCoreServiceImpl(2946): onTransact in code is: 102
05-27 04:32:38.292: I/MediaProcessHandler(2946): processOp opType: 1, uid: 10003, pid: 8346
05-27 04:32:38.292: W/MediaProcessHandler(2946): remove target not exist, maybe the UI process: uid: 10003, pid: 8346
05-27 04:32:38.532: I/HwLauncher(3581):  FPSMonitor endScroll
05-27 04:32:38.542: I/appproc(14285): CLASSPATH=/system/framework/am.jar
05-27 04:32:38.542: I/appproc(14285): Command=app_process /system/bin com.android.commands.am.Am start -W -n com.google.android.apps.mtaas.backdrop/.BackdropActivity 
05-27 04:32:38.542: I/appproc(14285): app_process:number,6,0
05-27 04:32:38.542: I/AndroidRuntime(14285): readDownloadBoosterConfig: 'false'
05-27 04:32:38.562: I/HwSystemManager(3837): BgPowerManagerService:BgPowerManagerSerivce plugged =2 currentThreshold = 8 mRawLevel = 100mLastRawLevel100
05-27 04:32:38.562: I/HwSystemManager(3837): BgPowerManagerService: mTimes = 59985 firstTime = 366806 firstmBatteryCapacity =2106
05-27 04:32:38.562: I/HwSystemManager(3837): [ 05-27 04:32:38.682 14285:14285 I/         ]
05-27 04:32:38.562: I/HwSystemManager(3837): power log dlsym ok
05-27 04:32:38.732: E/android_hardware_fm.cpp(14285): register_android_hardware_fm_fmradio
05-27 04:32:38.732: I/android_hardware_fm.cpp(14285): ========64bit long size = 8
05-27 04:32:38.732: E/FM_HAL(14285): [FM_HAL], libname is libhisifm_if
05-27 04:32:38.732: I/fm_hisi(14285): FM::[fm_device_open:4655] fm_device_open
05-27 04:32:38.732: I/fm_hisi(14285): FM::[fm_device_open:4666] find the id:libhisifm_if and begins to open the device
05-27 04:32:38.732: I/fm_hisi(14285): FM::[fm_device_open:4710] device open sucess
05-27 04:32:38.732: E/android_hardware_fm.cpp(14285): register_android_hardware_fm_fmradio, ret is 0
05-27 04:32:38.792: I/art(2946): Can not find class: Lcom/android/server/wm/StartingData;
05-27 04:32:38.792: I/HwLauncher(3581): Launcher onPause()
05-27 04:32:38.792: I/HwLauncher(3581): Launcher.MotionManager stopMotionAppsReco 402
05-27 04:32:38.792: I/HwLauncher(3581): Launcher.MotionManager stopMotionAppsReco 403
05-27 04:32:38.792: W/HwLauncher(3581): Launcher.MotionManager stopMotionAppsReco service flg 402 is unavailable
05-27 04:32:38.792: W/HwLauncher(3581): Launcher.MotionManager stopMotionAppsReco service flg 403 is unavailable
05-27 04:32:38.872: I/art(2946): Can not find class: Lcom/android/server/am/ActivityStack$2;
05-27 04:32:38.872: I/HwLauncher(3581): Launcher onStop()
05-27 04:32:38.872: I/HwLauncher(3581): Launcher dismissDialog
05-27 04:32:38.872: I/HwLauncher(3581): Launcher dynamicIconsUnregister
05-27 04:32:38.872: I/HwLauncher(3581): DynamicUpdater unregisterReceiver
05-27 04:32:38.882: I/PhoneStatusBar(3139): hw_status_bar_operators = true, setSystemUIVisibily(SHOW_OPERATOR = false)
05-27 04:32:38.892: I/HwLauncher(3581): DynamicIcon onPause  isvisible = true   mAttachedToWindow:false    mWindowVisible:falsecom.android.calendar
05-27 04:32:38.892: I/HwLauncher(3581): DynamicUpdater unregisterReceiver
05-27 04:32:38.892: I/HwLauncher(3581): DynamicIcon onPause  isvisible = true   mAttachedToWindow:false    mWindowVisible:falsecom.android.deskclock
05-27 04:32:38.892: I/HwSystemManager(3837): AppLockService:applock password not initial or function is closed
05-27 04:32:38.892: I/HwLauncher(3581): Launcher  onWindowVisibilityChanged visibility = 8
05-27 04:32:38.892: I/HwSystemManager(3837): AppLockService:applock password not initial or function is closed
05-27 04:32:38.922: I/MultiDex(14313): VM with version 2.1.0 has multidex support
05-27 04:32:38.922: I/MultiDex(14313): install
05-27 04:32:38.922: I/MultiDex(14313): VM has multidex support, MultiDex support library is disabled.
05-27 04:32:38.982: W/PGApi_client(3493): recv actoionId = 10000, action = com.huawei.pgmng.PGAction@2dd27008 actionId =10000 pkg =com.google.android.apps.mtaas.backdrop extend1 =0 extend2 = flag =3 type =1
05-27 04:32:38.982: W/PGMiddleWare jhh(3493): in handleAction method, action = 10000
05-27 04:32:38.982: W/PGMiddleWare jhh(3493): in handleAction, invoke client = com.huawei.pgmng.middleware.AudioEffectLowPowerImpl@a9fecf2, action = com.huawei.pgmng.PGAction@2dd27008 actionId =10000 pkg =com.google.android.apps.mtaas.backdrop extend1 =0 extend2 = flag =3 type =1
05-27 04:32:38.982: I/AudioEffectLowPowerImpl jhh(3493): jhh handle default mActionId = 10000, action = com.huawei.pgmng.PGAction@2dd27008 actionId =10000 pkg =com.google.android.apps.mtaas.backdrop extend1 =0 extend2 = flag =3 type =1
05-27 04:32:38.982: W/AudioEffectLowPowerImpl jhh(3493): enter into DEFAULT_FRONT Scene.
05-27 04:32:38.982: W/AudioEffectLowPowerImpl jhh(3493): m2DGameFront = false, m3DGameFront = false, mMediaPerceptible = false, mMusicPerceptible = false
05-27 04:32:38.982: W/AudioEffectLowPowerImpl jhh(3493): mAudioActive = false, mMusicPerceptible = false
05-27 04:32:38.982: W/AudioEffectLowPowerImpl jhh(3493): return for smartPAOn and mLowAudioEffectEnable both = false
05-27 04:32:38.992: I/art(14313): Can not find class: Landroid/app/NotificationChannel;
05-27 04:32:39.062: I/OAM(2625): [check_file_size:402]/data/hwlogdir/wifi_log/wifi_log_1 log file beyond size=10240Byte, creat new file
05-27 04:32:39.062: I/OAM(2625): [rename_old_file:107]rename_old_file
05-27 04:32:39.092: I/BackdropActivity(14313): onCreate()
05-27 04:32:39.102: I/art(14313): Can not find class: Landroid/view/SearchEvent;
05-27 04:32:39.102: W/art(14313): Before Android 4.1, method android.graphics.PorterDuffColorFilter androidx.vectordrawable.graphics.drawable.VectorDrawableCompat.updateTintFilter(android.graphics.PorterDuffColorFilter, android.content.res.ColorStateList, android.graphics.PorterDuff$Mode) would have incorrectly overridden the package-private method in android.graphics.drawable.Drawable
05-27 04:32:39.142: I/art(14313): Can not find class: Landroid/widget/ViewStub;
05-27 04:32:39.142: I/art(14313): Can not find class: Landroid/webkit/ViewStub;
05-27 04:32:39.142: I/art(14313): Can not find class: Landroid/app/ViewStub;
05-27 04:32:39.182: I/art(14313): Can not find class: Landroid/view/View$OnUnhandledKeyEventListener;
05-27 04:32:39.182: I/art(14313): Rejecting re-init on previously-failed class java.lang.Class<android.support.v4.view.ViewCompat$2>
05-27 04:32:39.182: I/art(14313): Can not find class: Landroid/support/v4/view/ViewCompat$2;
05-27 04:32:39.182: I/art(14313): Rejecting re-init on previously-failed class java.lang.Class<android.support.v4.view.ViewCompat$2>
05-27 04:32:39.202: I/art(14313): Can not find class: Landroid/view/View$OnUnhandledKeyEventListener;
05-27 04:32:39.262: I/art(14313): Can not find class: Landroid/view/textclassifier/TextClassifier;
05-27 04:32:39.262: I/art(14313): Can not find class: Landroid/view/textclassifier/TextClassifier;
05-27 04:32:39.262: I/art(14313): Can not find class: Landroid/view/textclassifier/TextClassifier;
05-27 04:32:39.282: I/art(14313): Can not find class: Landroid/text/StaticLayout$Builder;
05-27 04:32:39.292: I/art(14313): Can not find class: Landroid/view/textclassifier/TextClassifier;
05-27 04:32:39.292: I/art(14313): Can not find class: Landroid/view/textclassifier/TextClassifier;
05-27 04:32:39.292: I/art(14313): Can not find class: Landroid/view/textclassifier/TextClassificationManager;
05-27 04:32:39.292: I/art(14313): Can not find class: Landroid/view/textclassifier/TextClassifier;
05-27 04:32:39.292: I/art(14313): Can not find class: Landroid/view/textclassifier/TextClassifier;
05-27 04:32:39.302: I/art(14313): Can not find class: Landroid/view/textclassifier/TextClassifier;
05-27 04:32:39.312: I/PG Utils(14313): acquire_providerpkg:[com.google.android.gms] pid:[]  maybe timeout , send to PG
05-27 04:32:39.322: I/PG Utils(13050): acquire_providerpkg:[com.google.android.gsf] pid:[]  maybe timeout , send to PG
05-27 04:32:39.332: I/PG Utils(13050): acquire_providerpkg:[com.google.android.gsf] pid:[]  maybe timeout , send to PG
05-27 04:32:39.342: I/PG Utils(14313): acquire_providerpkg:[com.google.android.gsf] pid:[]  maybe timeout , send to PG
05-27 04:32:39.342: I/BackdropActivity(14313): android_id: 3836981441171333106
05-27 04:32:39.352: I/BackdropActivity(14313): onResume()
05-27 04:32:39.352: I/art(14313): Can not find class: Landroid/graphics/drawable/Icon;
05-27 04:32:39.352: I/art(14313): Can not find class: Landroid/graphics/drawable/Icon;
05-27 04:32:39.352: I/PG Utils(13050): acquire_providerpkg:[com.google.android.gsf] pid:[]  maybe timeout , send to PG
05-27 04:32:39.362: I/PG Utils(13050): acquire_providerpkg:[com.google.android.gsf] pid:[]  maybe timeout , send to PG
05-27 04:32:39.382: I/PG Utils(13050): acquire_providerpkg:[com.google.android.gsf] pid:[]  maybe timeout , send to PG
05-27 04:32:39.392: I/FTLNetworkMonitor(14313): NetworkMonitoringService was created
05-27 04:32:39.402: I/PG Utils(9448): acquire_providerpkg:[com.google.android.gsf] pid:[]  maybe timeout , send to PG
05-27 04:32:39.422: I/art(3139): Can not find class: Lhuawei/android/view/FrameLayout;
05-27 04:32:39.422: I/art(3139): Can not find class: Lhuawei/android/widget/FrameLayout;
05-27 04:32:39.422: I/art(3139): Can not find class: Lhuawei/android/view/ImageView;
05-27 04:32:39.422: I/art(3139): Can not find class: Lhuawei/android/widget/ImageView;
05-27 04:32:39.422: I/art(3139): Can not find class: Lhuawei/android/view/LinearLayout;
05-27 04:32:39.422: I/art(3139): Can not find class: Lhuawei/android/widget/LinearLayout;
05-27 04:32:39.432: I/art(3139): Can not find class: Lhuawei/android/view/TextView;
05-27 04:32:39.432: I/art(3139): Can not find class: Lhuawei/android/widget/TextView;
05-27 04:32:39.432: I/art(3139): Can not find class: Lhuawei/android/view/ViewStub;
05-27 04:32:39.432: I/art(3139): Can not find class: Lhuawei/android/widget/ViewStub;
05-27 04:32:39.432: I/art(3139): Can not find class: Landroid/widget/ViewStub;
05-27 04:32:39.432: I/art(3139): Can not find class: Landroid/webkit/ViewStub;
05-27 04:32:39.432: I/art(3139): Can not find class: Landroid/app/ViewStub;
05-27 04:32:39.442: I/OpenGLRenderer(14313): Initialized EGL, version 1.4
05-27 04:32:39.452: I/art(3139): Can not find class: Lhuawei/android/view/LinearLayout;
05-27 04:32:39.452: I/art(3139): Can not find class: Lhuawei/android/widget/LinearLayout;
05-27 04:32:39.452: I/art(3139): Can not find class: Lhuawei/android/view/FrameLayout;
05-27 04:32:39.452: I/art(3139): Can not find class: Lhuawei/android/widget/FrameLayout;
05-27 04:32:39.462: I/art(3139): Can not find class: Lhuawei/android/view/TextView;
05-27 04:32:39.462: I/art(3139): Can not find class: Lhuawei/android/widget/TextView;
05-27 04:32:39.462: I/art(3139): Can not find class: Lhuawei/android/view/Button;
05-27 04:32:39.462: I/art(3139): Can not find class: Lhuawei/android/widget/Button;
05-27 04:32:39.472: I/FontsSharedState(13050): Updating from directory version 0 to 14 from disk
05-27 04:32:39.472: I/FontsContentProvider(13050): Received query Google Sans, URI content://com.google.android.gms.fonts
05-27 04:32:39.482: I/FontsContentProvider(13050): Query [Google Sans] resolved to {Google Sans, wdth 100.0, wght 400, ital 0.0, bestEffort false}
05-27 04:32:39.482: I/art(3139): Can not find class: Lhuawei/android/view/Button;
05-27 04:32:39.482: I/art(3139): Can not find class: Lhuawei/android/widget/Button;
05-27 04:32:39.482: I/art(3139): Can not find class: Lhuawei/android/view/FrameLayout;
05-27 04:32:39.492: I/art(3139): Can not find class: Lhuawei/android/widget/FrameLayout;
05-27 04:32:39.492: I/art(3139): Can not find class: Lhuawei/android/view/ImageView;
05-27 04:32:39.492: I/art(3139): Can not find class: Lhuawei/android/widget/ImageView;
05-27 04:32:39.492: I/art(3139): Can not find class: Lhuawei/android/view/LinearLayout;
05-27 04:32:39.492: I/art(3139): Can not find class: Lhuawei/android/widget/LinearLayout;
05-27 04:32:39.492: I/FontsContentProvider(13050): Fetch {Google Sans, wdth 100.0, wght 400, ital 0.0, bestEffort false} end status Status{statusCode=SUCCESS, resolution=null}
05-27 04:32:39.492: I/art(3139): Can not find class: Lhuawei/android/view/TextView;
05-27 04:32:39.492: I/art(3139): Can not find class: Lhuawei/android/widget/TextView;
05-27 04:32:39.502: I/art(3139): Can not find class: Lhuawei/android/view/ViewStub;
05-27 04:32:39.502: I/art(3139): Can not find class: Lhuawei/android/widget/ViewStub;
05-27 04:32:39.502: I/art(3139): Can not find class: Landroid/widget/ViewStub;
05-27 04:32:39.502: I/art(3139): Can not find class: Landroid/webkit/ViewStub;
05-27 04:32:39.502: I/art(3139): Can not find class: Landroid/app/ViewStub;
05-27 04:32:39.502: I/FontsContentProvider(13050): Pulling font file for id = 1, cache size = 1
05-27 04:32:39.522: I/PhoneStatusBar(3139): notification pkg =com.android.settings
05-27 04:32:39.522: I/PhoneStatusBar(3139): notification provisioned=true, score =10, [score > HIDE_ICONS_BELOW_SCORE] =true, showNotificationEvenIfUnprovisioned = false
05-27 04:32:39.522: I/PhoneStatusBar(3139): notification pkg =com.google.android.apps.mtaas.backdrop
05-27 04:32:39.522: I/PhoneStatusBar(3139): notification provisioned=true, score =0, [score > HIDE_ICONS_BELOW_SCORE] =true, showNotificationEvenIfUnprovisioned = false
05-27 04:32:39.522: I/PhoneStatusBar(3139): notification pkg =com.android.server.telecom
05-27 04:32:39.522: I/PhoneStatusBar(3139): notification provisioned=true, score =0, [score > HIDE_ICONS_BELOW_SCORE] =true, showNotificationEvenIfUnprovisioned = false
05-27 04:32:39.522: I/PhoneStatusBar(3139): notification pkg =android
05-27 04:32:39.522: I/PhoneStatusBar(3139): notification provisioned=true, score =-10, [score > HIDE_ICONS_BELOW_SCORE] =true, showNotificationEvenIfUnprovisioned = false
05-27 04:32:39.532: W/View(3139): requestLayout() improperly called by com.android.systemui.statusbar.phone.IconMerger{373daaa1 V.E..... ......ID 0,0-108,50 #7f0d0086 app:id/notificationIcons} during layout: running second layout pass
05-27 04:32:39.542: I/FTLNetworkMonitor(14313): Network Info: [type: WIFI[], state: CONNECTED/CONNECTED, reason: (unspecified), extra: "wl-ftl-mt89-1-24", roaming: false, failover: false, isAvailable: true, isConnectedToProvisioningNetwork: false]
05-27 04:32:39.542: I/FTLNetworkMonitor(14313): Network Info: [type: WIFI[], state: CONNECTED/CONNECTED, reason: (unspecified), extra: "wl-ftl-mt89-1-24", roaming: false, failover: false, isAvailable: true, isConnectedToProvisioningNetwork: false]
05-27 04:32:39.552: W/View(3139): requestLayout() improperly called by com.android.systemui.statusbar.phone.IconMerger{373daaa1 V.E..... ........ 0,0-108,50 #7f0d0086 app:id/notificationIcons} during second layout pass: posting in next frame
05-27 04:32:39.612: I/HwSystemManager(3837): BgPowerManagerService:BgPowerManagerSerivce plugged =2 currentThreshold = 8 mRawLevel = 100mLastRawLevel100
05-27 04:32:39.612: I/HwSystemManager(3837): BgPowerManagerService: mTimes = 61042 firstTime = 366806 firstmBatteryCapacity =2106
05-27 04:32:39.652: I/ActivityManager(2946): Displayed com.google.android.apps.mtaas.backdrop/.BackdropActivity: +847ms
05-27 04:32:39.882: I/LocationManagerService(2946): remove 52da040
05-27 04:32:39.892: I/HwSystemManager(3837): HoldService:uid:10003 pid:8723 died
05-27 04:32:39.892: I/HwSystemManager(3837): BgPowerManagerService:onProcessDied uid = 10003
05-27 04:32:39.892: E/HsmCoreServiceImpl(2946): onTransact in code is: 102
05-27 04:32:39.892: I/HwSystemManager(3837): HoldService:oldVersionKey:10003,8723
05-27 04:32:39.892: I/MediaProcessHandler(2946): processOp opType: 1, uid: 10003, pid: 8723
05-27 04:32:39.892: W/MediaProcessHandler(2946): remove target not exist, maybe the UI process: uid: 10003, pid: 8723
05-27 04:32:40.222: I/appproc(14412): CLASSPATH=/system/framework/am.jar
05-27 04:32:40.222: I/appproc(14412): Command=app_process /system/bin com.android.commands.am.Am instrument -w -e action login -e payload Cp0BCpoBCjZVV1JYT1lWSEFIQTc3SjdISDZSMkRVSlpIRS0wMEBjbG91ZHRlc3RsYWJhY2NvdW50cy5jb20SYG9hdXRoMl80LzBBRTVNM0lNbWZEYlRsZjdMdHFEUGVUZXl1bmxpdXRmVnJ4T09CdER4cFZwcGNIY1hGNmZwTDE3X0ZyWVl5YW1LbUdnYXdaeDMxaTQyYXU3Zm8zZ0JSTRKAAsdocb+L/6A6EGaylYxU1Ii5sLBlBq5Z2NthdJT1vinTmDVlswGFzEq7IXWZmwHIeH/5IkcIgAkbZkhH20HaGrZqq9vpnhQqH3VL3N9+3XvLjVufvrG9mb9liywdVzrjUO/VNExyNYJE652/GCIV0pfNubvk7gHiEIyniXmQxSFndy7ktSf5cq4yzhNsx6AEKjJG1h/YsnRUbLLJyqCjH74Feb9hCdigYRNfJT7akfb5gt2qEEtT7IIiMCSiQvi+99FVNfj3oOFufFPsoda4LOALhcad2lykWnRi0QM8+yr5V7Bf9SYl5JNCOvkmU/pzCF0wnwpW9WYj6Uz4IWWb9M4= com.google.android.apps.mtaas.loginutil/.LoginUtil 
05-27 04:32:40.222: I/appproc(14412): app_process:number,11,0
05-27 04:32:40.222: I/AndroidRuntime(14412): readDownloadBoosterConfig: 'false'
05-27 04:32:40.222: I/AndroidRuntime(14412): [ 05-27 04:32:40.362 14412:14412 I/         ]
05-27 04:32:40.222: I/AndroidRuntime(14412): power log dlsym ok
05-27 04:32:40.412: E/android_hardware_fm.cpp(14412): register_android_hardware_fm_fmradio
05-27 04:32:40.412: I/android_hardware_fm.cpp(14412): ========64bit long size = 8
05-27 04:32:40.412: E/FM_HAL(14412): [FM_HAL], libname is libhisifm_if
05-27 04:32:40.412: I/fm_hisi(14412): FM::[fm_device_open:4655] fm_device_open
05-27 04:32:40.412: I/fm_hisi(14412): FM::[fm_device_open:4666] find the id:libhisifm_if and begins to open the device
05-27 04:32:40.412: I/fm_hisi(14412): FM::[fm_device_open:4710] device open sucess
05-27 04:32:40.412: E/android_hardware_fm.cpp(14412): register_android_hardware_fm_fmradio, ret is 0
05-27 04:32:40.512: I/art(2339): Explicit concurrent mark sweep GC freed 706(30KB) AllocSpace objects, 0(0B) LOS objects, 55% free, 12MB/28MB, paused 208us total 26.484ms
05-27 04:32:40.542: I/art(2339): Explicit concurrent mark sweep GC freed 5(160B) AllocSpace objects, 0(0B) LOS objects, 55% free, 12MB/28MB, paused 186us total 23.680ms
05-27 04:32:40.562: I/art(2339): Explicit concurrent mark sweep GC freed 5(160B) AllocSpace objects, 0(0B) LOS objects, 55% free, 12MB/28MB, paused 178us total 23.646ms
05-27 04:32:40.572: I/System(14449): core_booster, getBoosterConfig = false
05-27 04:32:40.602: I/art(14449): Can not find class: Lorg/robolectric/Robolectric;
05-27 04:32:40.612: I/art(14449): Can not find class: Lcom/google/protobuf/ExtensionRegistry;
05-27 04:32:40.612: I/art(14449): Can not find class: Lcom/google/protobuf/DescriptorMessageInfoFactory;
05-27 04:32:40.622: I/art(14449): Can not find class: Lcom/google/protobuf/GeneratedMessage;
05-27 04:32:40.622: I/art(14449): Can not find class: Lcom/google/protobuf/UnknownFieldSetSchema;
05-27 04:32:40.622: I/art(14449): Can not find class: Lcom/google/protobuf/UnknownFieldSetSchema;
05-27 04:32:40.632: I/art(14449): Can not find class: Lcom/google/protobuf/NewInstanceSchemaFull;
05-27 04:32:40.632: I/art(14449): Can not find class: Lcom/google/protobuf/MapFieldSchemaFull;
05-27 04:32:40.772: W/AuthService(14477): [TestArgsHelper] Error when calling AndroidTestUtil.getTestArgs(). Note that this behavior might be expected.
05-27 04:32:40.812: I/AuthService(14477): [AddAccountOperation] Call GmsCore API.
05-27 04:32:40.872: W/ChimeraUtils(9448): Non Chimera context
05-27 04:32:40.892: I/PG Utils(9448): acquire_providerpkg:[com.google.android.gsf] pid:[]  maybe timeout , send to PG
05-27 04:32:40.912: E/GmsRequestQueue(9448): Tried to stop global GMSCore RequestQueue. This is likely unintended, so ignoring.
05-27 04:32:40.952: I/PG Utils(9448): acquire_providerpkg:[com.google.android.gsf] pid:[]  maybe timeout , send to PG
05-27 04:32:40.962: I/PG Utils(9448): acquire_providerpkg:[com.google.android.gsf] pid:[]  maybe timeout , send to PG
05-27 04:32:41.072: I/art(14510): Can not find class: Ladvf;
05-27 04:32:41.072: I/art(14510): Can not find class: Ladvf;
05-27 04:32:41.072: I/art(14510): Can not find class: Ladvv;
05-27 04:32:41.122: I/PG Utils(14510): acquire_providerpkg:[com.google.android.gsf] pid:[]  maybe timeout , send to PG
05-27 04:32:41.182: I/MultiDex(14510): VM with version 2.1.0 has multidex support
05-27 04:32:41.182: I/MultiDex(14510): Installing application
05-27 04:32:41.182: I/MultiDex(14510): MultiDexExtractor(/data/app/com.google.android.gms-1/base.apk, /data/data/com.google.android.gms/code_cache/secondary-dexes)
05-27 04:32:41.182: I/MultiDex(14510): Blocking on lock /data/data/com.google.android.gms/code_cache/secondary-dexes/MultiDex.lock
05-27 04:32:41.182: I/MultiDex(14510): /data/data/com.google.android.gms/code_cache/secondary-dexes/MultiDex.lock locked
05-27 04:32:41.182: I/MultiDex(14510): MultiDexExtractor.load(/data/app/com.google.android.gms-1/base.apk, false, )
05-27 04:32:41.182: I/MultiDex(14510): loading existing secondary dex files
05-27 04:32:41.192: I/MultiDex(14510): load found 6 secondary dex files
05-27 04:32:41.192: I/MultiDex(14510): install done
05-27 04:32:41.222: I/art(14510): Can not find class: Lcom/google/android/gms/dynamite/descriptors/providerinstaller/ModuleDescriptor;
05-27 04:32:41.222: W/DynamiteModule(14510): Local module descriptor class for providerinstaller not found.
05-27 04:32:41.242: W/ProviderHelper(14510): Unknown dynamite feature providerinstaller
05-27 04:32:41.252: I/DynamiteModule(14510): Considering local module providerinstaller:0 and remote module providerinstaller:0
05-27 04:32:41.252: W/ProviderInstaller(14510): Failed to load providerinstaller module: No acceptable module found. Local version is 0 and remote version is 0.
05-27 04:32:41.262: E/WifiStateMachine(2946):  ConnectedState !CMD_RSSI_POLL 1 0 "wl-ftl-mt89-1-24" 44:48:c1:a5:96:80 rssi=-58 f=2462 sc=100 link=72 tx=2.0, 0.0, 0.0  rx=66.7 bcn=0 [on:0 tx:0 rx:0 period:3003] from screen [on:0 period:1441261746] gl u24 rssi=-58 ag=0 hr ticks 0,0,0 ls-=0 [56,56,56,56,61] brc=0 lrc=0
05-27 04:32:41.262: E/WifiStateMachine(2946):  L2ConnectedState !CMD_RSSI_POLL 1 0 "wl-ftl-mt89-1-24" 44:48:c1:a5:96:80 rssi=-58 f=2462 sc=100 link=72 tx=2.0, 0.0, 0.0  rx=66.7 bcn=0 [on:0 tx:0 rx:0 period:1] from screen [on:0 period:1441261747] gl u24 rssi=-58 ag=0 hr ticks 0,0,0 ls-=0 [56,56,56,56,61] brc=0 lrc=0
05-27 04:32:41.262: E/WifiStateMachine(2946): fetchRssiLinkSpeedAndFrequencyNative rssi=-58 linkspeed=72 SSID="wl-ftl-mt89-1-24"
05-27 04:32:41.262: E/WifiStateMachine(2946): calculateWifiScore freq=2462 speed=72 score=100 highRSSI  -> txbadrate=0.00 txgoodrate=4.02 txretriesrate=0.00 rxrate=78.86 userTriggerdPenalty0
05-27 04:32:41.262: E/WifiStateMachine(2946):  good link -> stuck count =0
05-27 04:32:41.262: E/WifiStateMachine(2946):  badRSSI count0 lowRSSI count0 --> score 56
05-27 04:32:41.262: E/WifiStateMachine(2946):  isHighRSSI       ---> score=61
05-27 04:32:41.322: E/Thermal-daemon(2346): [charger_ic] temp_new :45  temp_old :46
05-27 04:32:41.322: E/Thermal-daemon(2346): Report temperature: [charger_ic] temp :45  report_threshold:1
05-27 04:32:41.342: I/art(14510): Can not find class: Ljavax/net/ssl/SNIServerName;
05-27 04:32:41.342: I/art(14510): Can not find class: Ljavax/net/ssl/SNIHostName;
05-27 04:32:41.342: I/art(14510): Can not find class: Ljavax/net/ssl/SNIHostName;
05-27 04:32:41.352: I/art(14510): Can not find class: Ljavax/net/ssl/SNIHostName;
05-27 04:32:41.392: I/art(14510): Can not find class: Lcom/google/android/gms/org/conscrypt/OpenSSLSocketFactoryImpl;
05-27 04:32:41.392: W/System(14510): Could not create com.google.android.gms.org.conscrypt.OpenSSLSocketFactoryImpl with ClassLoader android.app.LoadedApk$WarningContextClassLoader@3ffbb6dc: com.google.android.gms.org.conscrypt.OpenSSLSocketFactoryImpl
05-27 04:32:41.392: I/ProviderInstaller(14510): Installed default security provider GmsCore_OpenSSL
05-27 04:32:41.412: I/Safeboot(14510): Checking safeboot...
05-27 04:32:41.412: I/Safeboot(14510): Not entering safeboot; wrong process.
05-27 04:32:41.532: W/NativeLibraryUtils(14510): Failed to open lock file
05-27 04:32:41.532: W/NativeLibraryUtils(14510): java.io.FileNotFoundException: /data/data/com.google.android.gms/cache/.lib.lock: open failed: EACCES (Permission denied)
05-27 04:32:41.532: W/NativeLibraryUtils(14510): 	at libcore.io.IoBridge.open(IoBridge.java:463)
05-27 04:32:41.532: W/NativeLibraryUtils(14510): 	at java.io.RandomAccessFile.<init>(RandomAccessFile.java:117)
05-27 04:32:41.532: W/NativeLibraryUtils(14510): 	at sse.d(:com.google.android.gms@200914010@20.09.14 (020400-300565878):5)
05-27 04:32:41.532: W/NativeLibraryUtils(14510): 	at rpw.run(:com.google.android.gms@200914010@20.09.14 (020400-300565878):0)
05-27 04:32:41.532: W/NativeLibraryUtils(14510): Caused by: android.system.ErrnoException: open failed: EACCES (Permission denied)
05-27 04:32:41.532: W/NativeLibraryUtils(14510): 	at libcore.io.Posix.open(Native Method)
05-27 04:32:41.532: W/NativeLibraryUtils(14510): 	at libcore.io.BlockGuardOs.open(BlockGuardOs.java:186)
05-27 04:32:41.532: W/NativeLibraryUtils(14510): 	at libcore.io.IoBridge.open(IoBridge.java:449)
05-27 04:32:41.532: W/NativeLibraryUtils(14510): 	... 3 more
05-27 04:32:41.602: W/bcpc(14510): Primes not initialized, returning default (no-op) Primes instance which will ignore all calls. Please call Primes.initialize(...) before using any Primes API.
05-27 04:32:41.602: I/art(14510): Can not find class: Lcom/google/protobuf/DescriptorMessageInfoFactory;
05-27 04:32:41.602: I/art(14510): Can not find class: Lcom/google/protobuf/GeneratedMessage;
05-27 04:32:41.602: I/art(14510): Can not find class: Lcom/google/protobuf/UnknownFieldSetSchema;
05-27 04:32:41.602: I/art(14510): Can not find class: Lcom/google/protobuf/UnknownFieldSetSchema;
05-27 04:32:41.612: I/art(14510): Can not find class: Lcom/google/protobuf/NewInstanceSchemaFull;
05-27 04:32:41.612: I/art(14510): Can not find class: Lcom/google/protobuf/ExtensionSchemaFull;
05-27 04:32:41.612: I/art(14510): Can not find class: Lcom/google/protobuf/MapFieldSchemaFull;
05-27 04:32:41.612: I/art(14510): Can not find class: Lorg/robolectric/Robolectric;
05-27 04:32:41.832: E/Thermal-daemon(2346): [ap] temp_new :47  temp_old :48
05-27 04:32:41.832: E/Thermal-daemon(2346): Report temperature: [ap] temp :47  report_threshold:1
05-27 04:32:41.862: I/art(2946): Explicit concurrent mark sweep GC freed 36204(2MB) AllocSpace objects, 7(136KB) LOS objects, 33% free, 28MB/42MB, paused 1.988ms total 186.948ms
05-27 04:32:41.892: I/art(14510): Can not find class: Landroid/content/pm/PackageManager$OnPermissionsChangedListener;
05-27 04:32:41.892: I/art(14510): Rejecting re-init on previously-failed class java.lang.Class<sfv>
05-27 04:32:41.892: I/art(14510): Can not find class: Lsfv;
05-27 04:32:41.892: I/art(14510): Rejecting re-init on previously-failed class java.lang.Class<sfv>
05-27 04:32:41.962: I/PG Utils(14510): acquire_providerpkg:[com.google.android.gsf] pid:[]  maybe timeout , send to PG
05-27 04:32:41.962: I/PG Utils(14510): acquire_providerpkg:[com.google.android.gsf] pid:[]  maybe timeout , send to PG
05-27 04:32:41.972: I/PG Utils(14510): acquire_providerpkg:[com.google.android.gsf] pid:[]  maybe timeout , send to PG
05-27 04:32:41.992: I/PG Utils(14510): acquire_providerpkg:[com.google.android.gsf] pid:[]  maybe timeout , send to PG
05-27 04:32:42.002: I/PG Utils(14510): acquire_providerpkg:[com.google.android.gsf] pid:[]  maybe timeout , send to PG
05-27 04:32:42.042: I/art(14510): Can not find class: Lcom/google/ccc/abuse/droidguard/DroidGuard;
05-27 04:32:42.062: I/art(14510): Can not find class: Lcom/google/ccc/abuse/droidguard/DroidGuard$RuntimeEnvironment;
05-27 04:32:42.072: I/PG Utils(14510): acquire_providerpkg:[com.google.android.gsf] pid:[]  maybe timeout , send to PG
05-27 04:32:42.182: I/PG Utils(9448): acquire_providerpkg:[com.google.android.gsf] pid:[]  maybe timeout , send to PG
05-27 04:32:42.182: I/PG Utils(9448): acquire_providerpkg:[com.google.android.gsf] pid:[]  maybe timeout , send to PG
05-27 04:32:42.192: I/Auth(9448): [ReflectiveChannelBinder] Successfully bound channel!
05-27 04:32:42.212: I/System(9448): core_booster, getBoosterConfig = false
05-27 04:32:42.222: I/System(9448): core_booster, getBoosterConfig = false
05-27 04:32:42.222: I/System(9448): core_booster, getBoosterConfig = false
05-27 04:32:42.232: W/Conscrypt(9448): Could not set socket write timeout: java.net.SocketException: Socket closed
05-27 04:32:42.232: E/art(9448): invalid stream - problem with parameter iterator in /data/app/com.google.android.gms-1/base.apk for method void com.google.android.gms.org.conscrypt.ConscryptFileDescriptorSocket.setSoWriteTimeout(int)
05-27 04:32:42.232: W/Conscrypt(9448): 	at com.google.android.gms.org.conscrypt.Platform.setSocketWriteTimeout(:com.google.android.gms@200914010@20.09.14 (020400-300565878):2)
05-27 04:32:42.232: W/Conscrypt(9448): 	at com.google.android.gms.org.conscrypt.ConscryptFileDescriptorSocket.setSoWriteTimeout(:com.google.android.gms@200914010@20.09.14 (020400-300565878))
05-27 04:32:42.292: I/ActivityManager(2946): filter receiver for action = android.intent.action.DROPBOX_ENTRY_ADDED
05-27 04:32:42.302: W/Conscrypt(9448): Could not set socket write timeout: java.net.SocketException: Socket closed
05-27 04:32:42.302: E/art(9448): invalid stream - problem with parameter iterator in /data/app/com.google.android.gms-1/base.apk for method void com.google.android.gms.org.conscrypt.ConscryptFileDescriptorSocket.setSoWriteTimeout(int)
05-27 04:32:42.302: W/Conscrypt(9448): 	at com.google.android.gms.org.conscrypt.Platform.setSocketWriteTimeout(:com.google.android.gms@200914010@20.09.14 (020400-300565878):2)
05-27 04:32:42.302: W/Conscrypt(9448): 	at com.google.android.gms.org.conscrypt.ConscryptFileDescriptorSocket.setSoWriteTimeout(:com.google.android.gms@200914010@20.09.14 (020400-300565878))
05-27 04:32:42.462: I/PG Utils(9448): acquire_providerpkg:[com.google.android.gsf] pid:[]  maybe timeout , send to PG
05-27 04:32:42.472: I/PG Utils(9448): acquire_providerpkg:[com.google.android.gsf] pid:[]  maybe timeout , send to PG
05-27 04:32:42.472: I/PG Utils(9448): acquire_providerpkg:[com.google.android.gsf] pid:[]  maybe timeout , send to PG
05-27 04:32:42.482: I/PG Utils(9448): acquire_providerpkg:[com.google.android.gsf] pid:[]  maybe timeout , send to PG
05-27 04:32:42.492: I/PG Utils(9448): acquire_providerpkg:[com.google.android.gsf] pid:[]  maybe timeout , send to PG
05-27 04:32:42.492: I/AccountManagerService(2946): the accounts changed, sending broadcast of android.accounts.LOGIN_ACCOUNTS_CHANGED
05-27 04:32:42.502: I/ActivityManager(2946): filter receiver for action = android.accounts.LOGIN_ACCOUNTS_CHANGED
05-27 04:32:42.512: I/AccountManagerService(2946): the accounts changed, sending broadcast of android.accounts.LOGIN_ACCOUNTS_CHANGED
05-27 04:32:42.552: I/ActivityManager(2946): filter receiver for action = android.accounts.LOGIN_ACCOUNTS_CHANGED
05-27 04:32:42.552: I/Auth(9448): [AccountStatusChecker] OnDataChanged check: <ELLIDED:-632956651>
05-27 04:32:42.562: I/PG Utils(9448): acquire_providerpkg:[com.google.android.gsf] pid:[]  maybe timeout , send to PG
05-27 04:32:42.562: I/PG Utils(9448): acquire_providerpkg:[com.google.android.gsf] pid:[]  maybe timeout , send to PG
05-27 04:32:42.572: I/PG Utils(13050): acquire_providerpkg:[com.google.android.gsf] pid:[]  maybe timeout , send to PG
05-27 04:32:42.572: I/Auth(9448): [AccountStatusChecker] Canceling for <ELLIDED:-632956651>
05-27 04:32:42.572: I/art(2946): Can not find class: Lcom/android/server/content/SyncManager$ActiveSyncContext;
05-27 04:32:42.582: I/art(2946): Can not find class: Lcom/android/server/content/SyncStorageEngine$SyncHistoryItem;
05-27 04:32:42.592: I/PG Utils(13050): acquire_providerpkg:[com.google.android.gsf] pid:[]  maybe timeout , send to PG
05-27 04:32:42.602: I/Backup(9448): [GmsBackupAccountManager] Backup account not found in gmscore.
05-27 04:32:42.602: I/PG Utils(13050): acquire_providerpkg:[com.google.android.gsf] pid:[]  maybe timeout , send to PG
05-27 04:32:42.602: I/PG Utils(13050): acquire_providerpkg:[com.google.android.gsf] pid:[]  maybe timeout , send to PG
05-27 04:32:42.612: I/Backup(9448): [GmsBackupAccountManager] Backup account not found in gmscore.
05-27 04:32:42.632: W/ChimeraUtils(9448): Non Chimera context
05-27 04:32:42.642: W/SyncManager(2946): SyncManager manageSyncAlarmLocked SET_WAKE_ALARM
05-27 04:32:42.652: I/HwEmailTag(14553): MailAppProvider->onCreate->begin, consuming 1590579162657ms->-prefixstartupperformance-
05-27 04:32:42.662: W/ChimeraUtils(9448): Non Chimera context
05-27 04:32:42.662: I/Icing(13050): updateResources: need to parse abtu{com.google.android.gms}
05-27 04:32:42.692: I/HwEmailTag(14553): MailAppProvider->onCreate->end, consuming 1590579162699ms->-prefixstartupperformance-
05-27 04:32:42.692: I/Auth(9448): [BroadcastManager] Broadcasting account services changed.
05-27 04:32:42.702: I/ActivityManager(2946): filter receiver for action = com.google.android.gms.auth.ACCOUNT_SERVICES_CHANGED
05-27 04:32:42.722: I/HwCust(14553): Constructor found for class com.android.email.service.HwCustImapServiceImpl
05-27 04:32:42.722: I/HwCust(14553): Constructor found for class com.android.email.HwCustUtilityImpl
05-27 04:32:42.732: I/HwCust(14553): Constructor found for class com.android.email.provider.HwCustEmailProviderImpl
05-27 04:32:42.732: I/HwCust(14553): Constructor found for class com.android.email.activity.setup.HwCustEmailInviteResponseImpl
05-27 04:32:42.732: I/HwEmailTag(14553): EmailProvider->onCreate->start. -prefixstartupperformance-
05-27 04:32:42.732: I/HwEmailTag(14553): HwUtils->initStaticVarsAsync
05-27 04:32:42.732: I/HwEmailTag(14553): EmailProvider->onCreate->start. -prefixstartupperformance-
05-27 04:32:42.732: I/HwEmailTag(14553): HwUtils->initStaticVarsAsync
05-27 04:32:42.762: I/HwCust(14553): Constructor found for class com.android.emailcommon.provider.HwCustPolicyImpl
05-27 04:32:42.772: I/Auth(9448): [GoogleAccountHistoryStore] creating database.
05-27 04:32:42.772: I/HwEmailTag(14553): EmailContent->init->consuming:41ms->;-prefixstartupperformance-
05-27 04:32:42.782: I/HwEmailTag(14553): EmailProvider->sURIMatcher is initialized
05-27 04:32:42.782: I/HwEmailTag(14553): EmailProvider->INTEGRITY_CHECK_URI != null
05-27 04:32:42.782: I/HwEmailTag(14553): EmailProvider->onCreate->end, consuming 50ms->-prefixstartupperformance-
05-27 04:32:42.782: I/HwEmailTag(14553): EmailProvider->resetVisibleLimits->start:1590579162793 ->-prefixstartupperformance-
05-27 04:32:42.792: I/HwEmailTag(14553): EmailProvider->onCreate->end, consuming 53ms->-prefixstartupperformance-
05-27 04:32:42.792: I/HwEmailTag(14553): EmailProvider->resetVisibleLimits->start:1590579162805 ->-prefixstartupperformance-
05-27 04:32:42.802: I/HwCust(14553): Constructor found for class com.huawei.email.provider.HwCustRecipientDBHelperImpl
05-27 04:32:42.802: I/HwEmailTag(14553): HwUtils->initStaticVarsAsync->run:consuming:55ms; bidiFormatter:android.support.v4.text.BidiFormatter@2fc1649a;accountsProjSize:42
05-27 04:32:42.802: I/HwEmailTag(14553): DBHelper->onOpen-> EmailProvider.db
05-27 04:32:42.812: I/HwEmailTag(14553): EmailProvider->getDatabase->-prefixstartupperformance-database, consuming = 27ms.
05-27 04:32:42.822: I/HwEmailTag(14553): HwUtils->initStaticVarsAsync->run:consuming:86ms; bidiFormatter:android.support.v4.text.BidiFormatter@2fc1649a;accountsProjSize:42
05-27 04:32:42.822: I/Icing(13050): updateResources: need to parse abtu{com.google.android.gm}
05-27 04:32:42.822: I/HwEmailTag(14553): DBHelper->onOpen-> EmailProvider.db
05-27 04:32:42.832: I/HwEmailTag(14553): EmailApplication->onCreate->begin, consuming 100ms->-prefixstartupperformance-
05-27 04:32:42.832: I/HwEmailTag(14553): EmailApplication->triggerPeriodSyncForAllAccountsDelayed->delay start.
05-27 04:32:42.832: I/HwCust(14553): Constructor found for class com.huawei.email.utils.HwCustSignatureHelperImpl
05-27 04:32:42.842: I/HwCust(14553): Constructor found for class com.huawei.email.utils.HwCustSignatureUtilsImpl
05-27 04:32:42.842: I/HwEmailTag(14553): EmailApplication->onCreate->end, consuming 104ms->-prefixstartupperformance-
05-27 04:32:42.842: I/HwEmailTag(14553): EmailBroadcastReceiver->onReceive->action:android.accounts.LOGIN_ACCOUNTS_CHANGED
05-27 04:32:42.862: I/HwEmailTag(14553): EmailBroadcastProcessorService->onCreate
05-27 04:32:42.862: I/AuthService(14477): [AddAccountOperation] Succeeded.
05-27 04:32:42.862: I/HwEmailTag(14553): EmailBroadcastProcessorService->onStartCommand->action is broadcast_receiver
05-27 04:32:42.862: I/HwEmailTag(14553): EmailBroadcastProcessorService->onHandleIntent->action is broadcast_receiver
05-27 04:32:42.872: I/HwEmailTag(14553): EmailBroadcastProcessorService->System accounts updated.
05-27 04:32:42.892: I/HwEmailTag(14553): EmailProvider->initBuildCache->start->1590579162899->-prefixstartupperformance-
05-27 04:32:42.892: I/HwEmailTag(14553): EmailProvider->buildCache->end, consuming:2ms;
05-27 04:32:42.892: I/HwEmailTag(14553): EmailProvider->initBuildCache->start->1590579162899; consuming:3->-prefixstartupperformance-
05-27 04:32:42.892: I/HwEmailTag(14553): EmailProvider->resetVisibleLimits->getDatabase, consuming:109ms;-prefixstartupperformance-
05-27 04:32:42.892: I/HwEmailTag(14553): EmailProvider->startupperformance->resetVisibleLimits->no account, return directly.
05-27 04:32:42.892: I/HwEmailTag(14553): EmailProvider->uiAccounts->start:1590579162903
05-27 04:32:42.892: I/art(9448): Explicit concurrent mark sweep GC freed 105382(5MB) AllocSpace objects, 23(608KB) LOS objects, 32% free, 33MB/49MB, paused 1.780ms total 316.179ms
05-27 04:32:42.912: I/HwEmailTag(14553): DBHelper->onOpen-> EmailProvider.db
05-27 04:32:42.922: I/HwEmailTag(14553): EmailProvider->getDatabase->-prefixstartupperformance-database, consuming = 27ms.
05-27 04:32:42.932: I/HwEmailTag(14553): DBHelper->onOpen-> EmailProvider.db
05-27 04:32:42.982: I/HwEmailTag(14553): EmailProvider->resetVisibleLimits->getDatabase, consuming:185ms;-prefixstartupperformance-
05-27 04:32:42.982: I/HwEmailTag(14553): EmailProvider->startupperformance->resetVisibleLimits->no account, return directly.
05-27 04:32:42.982: I/HwEmailTag(14553): EmailProvider->query->1590579162898;end;;consuming:95ms;
05-27 04:32:42.982: I/ActivityManager(2946): filter receiver for action = com.android.mail.ACTION_NOTIFY_DATASET_CHANGED
05-27 04:32:43.002: I/PG Utils(9448): acquire_providerpkg:[com.google.android.gsf] pid:[]  maybe timeout , send to PG
05-27 04:32:43.002: I/HwEmailTag(14553): EmailProvider->uiAccounts->start:1590579162903;end,consuming:108
05-27 04:32:43.002: I/HwEmailTag(14553): EmailProvider->query->1590579162797;end;;consuming:215ms;
05-27 04:32:43.012: I/HwCust(14590): Constructor found for class com.android.emailcommon.provider.HwCustPolicyImpl
05-27 04:32:43.022: I/HwEmailTag(14590): EmailContent->init->consuming:21ms->;-prefixstartupperformance-
05-27 04:32:43.022: I/PG Utils(13050): acquire_providerpkg:[com.google.android.gsf] pid:[]  maybe timeout , send to PG
05-27 04:32:43.022: I/HwEmailTag(14553): AccountReconciler->reconcileAccountsInternal->consuming:32ms
05-27 04:32:43.022: I/HwEmailTag(14590): Exchange->onCreate
05-27 04:32:43.032: I/PG Utils(14590): acquire_providerpkg:[com.android.email] pid:[]  maybe timeout , send to PG
05-27 04:32:43.062: I/art(9054): Explicit concurrent mark sweep GC freed 2327(89KB) AllocSpace objects, 0(0B) LOS objects, 40% free, 13MB/22MB, paused 626us total 30.220ms
05-27 04:32:43.072: I/HwEmailTag(14553): EmailBroadcastProcessorService->onCreate
05-27 04:32:43.072: I/HwEmailTag(14590): ExchangeBroadcastReceiver->onReceive->action:android.accounts.LOGIN_ACCOUNTS_CHANGED
05-27 04:32:43.072: I/HwEmailTag(14590): ExchangeBroadcastProcessorService->processLoginAccountsChanged->
05-27 04:32:43.092: W/AbstractGoogleClient(14611): Application name is not set. Call Builder#setApplicationName.
05-27 04:32:43.142: I/HwEmailTag(14553): EmailProvider->query->1590579163145;end;;consuming:4ms;
05-27 04:32:43.142: I/HwEmailTag(14590): ExchangeBroadcastProcessorService->onHandleIntent->action is login_accounts_changed_broadcast_receiver
05-27 04:32:43.142: I/HwEmailTag(14590): ExchangeBroadcastProcessorService->onLoginAccountsChanged->
05-27 04:32:43.152: I/HwEmailTag(14590): PingSyncSynchronizer->PSS->->PSS has no active accounts; stopping service.
05-27 04:32:43.232: I/art(13050): Explicit concurrent mark sweep GC freed 107538(6MB) AllocSpace objects, 23(608KB) LOS objects, 19% free, 32MB/40MB, paused 1.260ms total 199.210ms
05-27 04:32:43.262: I/Icing(13050): updateResources: need to parse abtu{com.google.android.gms}
05-27 04:32:43.262: I/PG Utils(9448): acquire_providerpkg:[com.google.android.gsf] pid:[]  maybe timeout , send to PG
05-27 04:32:43.332: I/Icing(13050): Not indexing corpus from package com.google.android.gm as it has never connected
05-27 04:32:43.332: E/Icing(13050): Aborting indexing of corpus messages/com.google/UWRXOYVHAHA77J7HH6R2DUJZHE-00%40cloudtestlabaccounts.com
05-27 04:32:43.342: I/HwEmailTag(14590): ExchangeBroadcastProcessorService->onLoginAccountsChanged-> accounts is null or empty.
05-27 04:32:43.402: I/PG Utils(13050): acquire_providerpkg:[com.google.android.gsf] pid:[]  maybe timeout , send to PG
05-27 04:32:43.532: I/HwSystemManager(3837): HoldService:uid:1000 pid:11737 died
05-27 04:32:43.532: I/HwSystemManager(3837): HoldService:oldVersionKey:1000,11737
05-27 04:32:43.532: I/HwSystemManager(3837): BgPowerManagerService:onProcessDied uid = 1000
05-27 04:32:43.532: I/HwSystemManager(3837): BgPowerManagerService:onProcessDied uid = 10042
05-27 04:32:43.532: I/HwSystemManager(3837): HoldService:uid:10042 pid:11762 died
05-27 04:32:43.532: I/HwSystemManager(3837): HoldService:oldVersionKey:10042,11762
05-27 04:32:43.532: E/HsmCoreServiceImpl(2946): onTransact in code is: 102
05-27 04:32:43.532: W/MediaProcessHandler(2946): processOp uid 1000 is not concerned!
05-27 04:32:43.532: E/HsmCoreServiceImpl(2946): onTransact in code is: 102
05-27 04:32:43.532: I/MediaProcessHandler(2946): processOp opType: 1, uid: 10042, pid: 11762
05-27 04:32:43.532: W/MediaProcessHandler(2946): remove target not exist, maybe the UI process: uid: 10042, pid: 11762
05-27 04:32:43.572: I/AuthService(14477): [AccountService] Execution time for add account with authorization code, options: Bundle[{}] is 2793 ms.
05-27 04:32:44.032: I/HwSystemManager(3837): BgPowerManagerService:onProcessDied uid = 10092
05-27 04:32:44.032: I/HwSystemManager(3837): HoldService:uid:10092 pid:14449 died
05-27 04:32:44.032: I/HwSystemManager(3837): HoldService:oldVersionKey:10092,14449
05-27 04:32:44.032: E/HsmCoreServiceImpl(2946): onTransact in code is: 102
05-27 04:32:44.032: I/MediaProcessHandler(2946): processOp opType: 1, uid: 10092, pid: 14449
05-27 04:32:44.032: W/MediaProcessHandler(2946): remove target not exist, maybe the UI process: uid: 10092, pid: 14449
05-27 04:32:44.032: I/HwSystemManager(3837): HoldService:uid:1001 pid:11800 died
05-27 04:32:44.032: I/HwSystemManager(3837): BgPowerManagerService:onProcessDied uid = 1001
05-27 04:32:44.032: I/HwSystemManager(3837): HoldService:oldVersionKey:1001,11800
05-27 04:32:44.032: E/HsmCoreServiceImpl(2946): onTransact in code is: 102
05-27 04:32:44.032: W/MediaProcessHandler(2946): processOp uid 1001 is not concerned!
05-27 04:32:44.032: I/PG Utils(14510): acquire_providerpkg:[com.google.android.gsf] pid:[]  maybe timeout , send to PG
05-27 04:32:44.042: I/PG Utils(14510): acquire_providerpkg:[com.google.android.gsf] pid:[]  maybe timeout , send to PG
05-27 04:32:44.062: I/System(14510): core_booster, getBoosterConfig = false
05-27 04:32:44.082: I/MultiDex(14636): VM with version 2.1.0 has multidex support
